  stdafx.cpp
  AllowableIpList.cpp
  ArcaBattle.cpp
  BadSyntax.cpp
  CashShop.cpp
  CastleDBSet.cpp
  CharacterManager.cpp
  CommandManager.cpp
  CriticalSection.cpp
  CSProtocol.cpp
  DataServer.cpp
  DataServerProtocol.cpp
  ESProtocol.cpp
  EventInventory.cpp
  GensSystem.cpp
  GuildManager.cpp
  GuildMatching.cpp
  Helper.cpp
  Log.cpp
  LuckyCoin.cpp
  LuckyItem.cpp
  Compiling...
  MasterSkillTree.cpp
  MemScript.cpp
  MiniDump.cpp
  MuRummy.cpp
  MuunSystem.cpp
  NewUIMyInventory.cpp
  NpcTalk.cpp
  PartyMatching.cpp
  PcPoint.cpp
  PentagramSystem.cpp
  PersonalShop.cpp
  Protect.cpp
  QueryManager.cpp
  Quest.cpp
  QuestWorld.cpp
  Queue.cpp
  ReiDoMU.cpp
  ServerDisplayer.cpp
  ServerManager.cpp
  SocketManager.cpp
  Compiling...
  Util.cpp
  Warehouse.cpp
  Generating code
  Finished generating code
  DataServer.vcxproj -> D:\[ S-MuOnline ][SP][3][X]\Source\Server\DataServer\Release\DataServer_EX603\DataServer.exe
