D:\[ S-MUONLINE ][SP][3][X]\SOURCE\SERVER\DATASERVER\DATASERVER\RELEASE\DATASERVER_EX603\ALLOWABLEIPLIST.OBJ
D:\[ S-MUONLINE ][SP][3][X]\SOURCE\SERVER\DATASERVER\DATASERVER\RELEASE\DATASERVER_EX603\ARCABATTLE.OBJ
D:\[ S-MUONLINE ][SP][3][X]\SOURCE\SERVER\DATASERVER\DATASERVER\RELEASE\DATASERVER_EX603\BADSYNTAX.OBJ
D:\[ S-MUONLINE ][SP][3][X]\SOURCE\SERVER\DATASERVER\DATASERVER\RELEASE\DATASERVER_EX603\CASHSHOP.OBJ
D:\[ S-MUONLINE ][SP][3][X]\SOURCE\SERVER\DATASERVER\DATASERVER\RELEASE\DATASERVER_EX603\CASTLEDBSET.OBJ
D:\[ S-MUONLINE ][SP][3][X]\SOURCE\SERVER\DATASERVER\DATASERVER\RELEASE\DATASERVER_EX603\CHARACTERMANAGER.OBJ
D:\[ S-MuOnline ][SP][3][X]\Source\Server\DataServer\DataServer\Release\DataServer_EX603\cl.command.1.tlog
D:\[ S-MuOnline ][SP][3][X]\Source\Server\DataServer\DataServer\Release\DataServer_EX603\CL.read.1.tlog
D:\[ S-MuOnline ][SP][3][X]\Source\Server\DataServer\DataServer\Release\DataServer_EX603\CL.write.1.tlog
D:\[ S-MUONLINE ][SP][3][X]\SOURCE\SERVER\DATASERVER\DATASERVER\RELEASE\DATASERVER_EX603\COMMANDMANAGER.OBJ
D:\[ S-MUONLINE ][SP][3][X]\SOURCE\SERVER\DATASERVER\DATASERVER\RELEASE\DATASERVER_EX603\CRITICALSECTION.OBJ
D:\[ S-MUONLINE ][SP][3][X]\SOURCE\SERVER\DATASERVER\DATASERVER\RELEASE\DATASERVER_EX603\CSPROTOCOL.OBJ
D:\[ S-MUONLINE ][SP][3][X]\SOURCE\SERVER\DATASERVER\DATASERVER\RELEASE\DATASERVER_EX603\DATASERVER.EXE.INTERMEDIATE.MANIFEST
D:\[ S-MUONLINE ][SP][3][X]\SOURCE\SERVER\DATASERVER\DATASERVER\RELEASE\DATASERVER_EX603\DATASERVER.OBJ
D:\[ S-MUONLINE ][SP][3][X]\SOURCE\SERVER\DATASERVER\DATASERVER\RELEASE\DATASERVER_EX603\DATASERVER.PCH
D:\[ S-MUONLINE ][SP][3][X]\SOURCE\SERVER\DATASERVER\DATASERVER\RELEASE\DATASERVER_EX603\DATASERVER.RES
D:\[ S-MUONLINE ][SP][3][X]\SOURCE\SERVER\DATASERVER\DATASERVER\RELEASE\DATASERVER_EX603\DATASERVERPROTOCOL.OBJ
D:\[ S-MUONLINE ][SP][3][X]\SOURCE\SERVER\DATASERVER\DATASERVER\RELEASE\DATASERVER_EX603\ESPROTOCOL.OBJ
D:\[ S-MUONLINE ][SP][3][X]\SOURCE\SERVER\DATASERVER\DATASERVER\RELEASE\DATASERVER_EX603\EVENTINVENTORY.OBJ
D:\[ S-MUONLINE ][SP][3][X]\SOURCE\SERVER\DATASERVER\DATASERVER\RELEASE\DATASERVER_EX603\GENSSYSTEM.OBJ
D:\[ S-MUONLINE ][SP][3][X]\SOURCE\SERVER\DATASERVER\DATASERVER\RELEASE\DATASERVER_EX603\GUILDMANAGER.OBJ
D:\[ S-MUONLINE ][SP][3][X]\SOURCE\SERVER\DATASERVER\DATASERVER\RELEASE\DATASERVER_EX603\GUILDMATCHING.OBJ
D:\[ S-MUONLINE ][SP][3][X]\SOURCE\SERVER\DATASERVER\DATASERVER\RELEASE\DATASERVER_EX603\HELPER.OBJ
D:\[ S-MuOnline ][SP][3][X]\Source\Server\DataServer\DataServer\Release\DataServer_EX603\link.command.1.tlog
D:\[ S-MuOnline ][SP][3][X]\Source\Server\DataServer\DataServer\Release\DataServer_EX603\link.read.1.tlog
D:\[ S-MuOnline ][SP][3][X]\Source\Server\DataServer\DataServer\Release\DataServer_EX603\link.write.1.tlog
D:\[ S-MuOnline ][SP][3][X]\Source\Server\DataServer\DataServer\Release\DataServer_EX603\link-cvtres.read.1.tlog
D:\[ S-MuOnline ][SP][3][X]\Source\Server\DataServer\DataServer\Release\DataServer_EX603\link-cvtres.write.1.tlog
D:\[ S-MUONLINE ][SP][3][X]\SOURCE\SERVER\DATASERVER\DATASERVER\RELEASE\DATASERVER_EX603\LOG.OBJ
D:\[ S-MUONLINE ][SP][3][X]\SOURCE\SERVER\DATASERVER\DATASERVER\RELEASE\DATASERVER_EX603\LUCKYCOIN.OBJ
D:\[ S-MUONLINE ][SP][3][X]\SOURCE\SERVER\DATASERVER\DATASERVER\RELEASE\DATASERVER_EX603\LUCKYITEM.OBJ
D:\[ S-MUONLINE ][SP][3][X]\SOURCE\SERVER\DATASERVER\DATASERVER\RELEASE\DATASERVER_EX603\MASTERSKILLTREE.OBJ
D:\[ S-MUONLINE ][SP][3][X]\SOURCE\SERVER\DATASERVER\DATASERVER\RELEASE\DATASERVER_EX603\MEMSCRIPT.OBJ
D:\[ S-MUONLINE ][SP][3][X]\SOURCE\SERVER\DATASERVER\DATASERVER\RELEASE\DATASERVER_EX603\MINIDUMP.OBJ
D:\[ S-MuOnline ][SP][3][X]\Source\Server\DataServer\DataServer\Release\DataServer_EX603\mt.command.1.tlog
D:\[ S-MuOnline ][SP][3][X]\Source\Server\DataServer\DataServer\Release\DataServer_EX603\mt.read.1.tlog
D:\[ S-MuOnline ][SP][3][X]\Source\Server\DataServer\DataServer\Release\DataServer_EX603\mt.write.1.tlog
D:\[ S-MUONLINE ][SP][3][X]\SOURCE\SERVER\DATASERVER\DATASERVER\RELEASE\DATASERVER_EX603\MURUMMY.OBJ
D:\[ S-MUONLINE ][SP][3][X]\SOURCE\SERVER\DATASERVER\DATASERVER\RELEASE\DATASERVER_EX603\MUUNSYSTEM.OBJ
D:\[ S-MUONLINE ][SP][3][X]\SOURCE\SERVER\DATASERVER\DATASERVER\RELEASE\DATASERVER_EX603\NEWUIMYINVENTORY.OBJ
D:\[ S-MUONLINE ][SP][3][X]\SOURCE\SERVER\DATASERVER\DATASERVER\RELEASE\DATASERVER_EX603\NPCTALK.OBJ
D:\[ S-MUONLINE ][SP][3][X]\SOURCE\SERVER\DATASERVER\DATASERVER\RELEASE\DATASERVER_EX603\PARTYMATCHING.OBJ
D:\[ S-MUONLINE ][SP][3][X]\SOURCE\SERVER\DATASERVER\DATASERVER\RELEASE\DATASERVER_EX603\PCPOINT.OBJ
D:\[ S-MUONLINE ][SP][3][X]\SOURCE\SERVER\DATASERVER\DATASERVER\RELEASE\DATASERVER_EX603\PENTAGRAMSYSTEM.OBJ
D:\[ S-MUONLINE ][SP][3][X]\SOURCE\SERVER\DATASERVER\DATASERVER\RELEASE\DATASERVER_EX603\PERSONALSHOP.OBJ
D:\[ S-MUONLINE ][SP][3][X]\SOURCE\SERVER\DATASERVER\DATASERVER\RELEASE\DATASERVER_EX603\PROTECT.OBJ
D:\[ S-MUONLINE ][SP][3][X]\SOURCE\SERVER\DATASERVER\DATASERVER\RELEASE\DATASERVER_EX603\QUERYMANAGER.OBJ
D:\[ S-MUONLINE ][SP][3][X]\SOURCE\SERVER\DATASERVER\DATASERVER\RELEASE\DATASERVER_EX603\QUEST.OBJ
D:\[ S-MUONLINE ][SP][3][X]\SOURCE\SERVER\DATASERVER\DATASERVER\RELEASE\DATASERVER_EX603\QUESTWORLD.OBJ
D:\[ S-MUONLINE ][SP][3][X]\SOURCE\SERVER\DATASERVER\DATASERVER\RELEASE\DATASERVER_EX603\QUEUE.OBJ
D:\[ S-MuOnline ][SP][3][X]\Source\Server\DataServer\DataServer\Release\DataServer_EX603\rc.command.1.tlog
D:\[ S-MuOnline ][SP][3][X]\Source\Server\DataServer\DataServer\Release\DataServer_EX603\rc.read.1.tlog
D:\[ S-MuOnline ][SP][3][X]\Source\Server\DataServer\DataServer\Release\DataServer_EX603\rc.write.1.tlog
D:\[ S-MUONLINE ][SP][3][X]\SOURCE\SERVER\DATASERVER\DATASERVER\RELEASE\DATASERVER_EX603\REIDOMU.OBJ
D:\[ S-MUONLINE ][SP][3][X]\SOURCE\SERVER\DATASERVER\DATASERVER\RELEASE\DATASERVER_EX603\SERVERDISPLAYER.OBJ
D:\[ S-MUONLINE ][SP][3][X]\SOURCE\SERVER\DATASERVER\DATASERVER\RELEASE\DATASERVER_EX603\SERVERMANAGER.OBJ
D:\[ S-MUONLINE ][SP][3][X]\SOURCE\SERVER\DATASERVER\DATASERVER\RELEASE\DATASERVER_EX603\SOCKETMANAGER.OBJ
D:\[ S-MUONLINE ][SP][3][X]\SOURCE\SERVER\DATASERVER\DATASERVER\RELEASE\DATASERVER_EX603\STDAFX.OBJ
D:\[ S-MUONLINE ][SP][3][X]\SOURCE\SERVER\DATASERVER\DATASERVER\RELEASE\DATASERVER_EX603\UTIL.OBJ
D:\[ S-MUONLINE ][SP][3][X]\SOURCE\SERVER\DATASERVER\DATASERVER\RELEASE\DATASERVER_EX603\VC100.PDB
D:\[ S-MUONLINE ][SP][3][X]\SOURCE\SERVER\DATASERVER\DATASERVER\RELEASE\DATASERVER_EX603\WAREHOUSE.OBJ
D:\[ S-MUONLINE ][SP][3][X]\SOURCE\SERVER\DATASERVER\RELEASE\DATASERVER_EX603\DATASERVER.EXE
D:\[ S-MUONLINE ][SP][3][X]\SOURCE\SERVER\DATASERVER\RELEASE\DATASERVER_EX603\DATASERVER.PDB
