C:\[ S-MuOnline ]\Source\Server\ConnectServer\ConnectServer\Release\ConnectServer_EX603\cl.command.1.tlog
C:\[ S-MuOnline ]\Source\Server\ConnectServer\ConnectServer\Release\ConnectServer_EX603\CL.read.1.tlog
C:\[ S-MuOnline ]\Source\Server\ConnectServer\ConnectServer\Release\ConnectServer_EX603\CL.write.1.tlog
C:\[ S-MUONLINE ]\SOURCE\SERVER\CONNECTSERVER\CONNECTSERVER\RELEASE\CONNECTSERVER_EX603\CLIENTMANAGER.OBJ
C:\[ S-MUONLINE ]\SOURCE\SERVER\CONNECTSERVER\CONNECTSERVER\RELEASE\CONNECTSERVER_EX603\CONNECTSERVER.EXE.INTERMEDIATE.MANIFEST
C:\[ S-MUONLINE ]\SOURCE\SERVER\CONNECTSERVER\CONNECTSERVER\RELEASE\CONNECTSERVER_EX603\CONNECTSERVER.OBJ
C:\[ S-MUONLINE ]\SOURCE\SERVER\CONNECTSERVER\CONNECTSERVER\RELEASE\CONNECTSERVER_EX603\CONNECTSERVER.PCH
C:\[ S-MUONLINE ]\SOURCE\SERVER\CONNECTSERVER\CONNECTSERVER\RELEASE\CONNECTSERVER_EX603\CONNECTSERVER.RES
C:\[ S-MUONLINE ]\SOURCE\SERVER\CONNECTSERVER\CONNECTSERVER\RELEASE\CONNECTSERVER_EX603\CONNECTSERVERPROTOCOL.OBJ
C:\[ S-MUONLINE ]\SOURCE\SERVER\CONNECTSERVER\CONNECTSERVER\RELEASE\CONNECTSERVER_EX603\CRITICALSECTION.OBJ
C:\[ S-MUONLINE ]\SOURCE\SERVER\CONNECTSERVER\CONNECTSERVER\RELEASE\CONNECTSERVER_EX603\IPMANAGER.OBJ
C:\[ S-MuOnline ]\Source\Server\ConnectServer\ConnectServer\Release\ConnectServer_EX603\link.command.1.tlog
C:\[ S-MuOnline ]\Source\Server\ConnectServer\ConnectServer\Release\ConnectServer_EX603\link.read.1.tlog
C:\[ S-MuOnline ]\Source\Server\ConnectServer\ConnectServer\Release\ConnectServer_EX603\link.write.1.tlog
C:\[ S-MuOnline ]\Source\Server\ConnectServer\ConnectServer\Release\ConnectServer_EX603\link-cvtres.read.1.tlog
C:\[ S-MuOnline ]\Source\Server\ConnectServer\ConnectServer\Release\ConnectServer_EX603\link-cvtres.write.1.tlog
C:\[ S-MUONLINE ]\SOURCE\SERVER\CONNECTSERVER\CONNECTSERVER\RELEASE\CONNECTSERVER_EX603\LOG.OBJ
C:\[ S-MUONLINE ]\SOURCE\SERVER\CONNECTSERVER\CONNECTSERVER\RELEASE\CONNECTSERVER_EX603\MEMSCRIPT.OBJ
C:\[ S-MUONLINE ]\SOURCE\SERVER\CONNECTSERVER\CONNECTSERVER\RELEASE\CONNECTSERVER_EX603\MINIDUMP.OBJ
C:\[ S-MuOnline ]\Source\Server\ConnectServer\ConnectServer\Release\ConnectServer_EX603\mt.command.1.tlog
C:\[ S-MuOnline ]\Source\Server\ConnectServer\ConnectServer\Release\ConnectServer_EX603\mt.read.1.tlog
C:\[ S-MuOnline ]\Source\Server\ConnectServer\ConnectServer\Release\ConnectServer_EX603\mt.write.1.tlog
C:\[ S-MUONLINE ]\SOURCE\SERVER\CONNECTSERVER\CONNECTSERVER\RELEASE\CONNECTSERVER_EX603\PROTECT.OBJ
C:\[ S-MUONLINE ]\SOURCE\SERVER\CONNECTSERVER\CONNECTSERVER\RELEASE\CONNECTSERVER_EX603\QUEUE.OBJ
C:\[ S-MuOnline ]\Source\Server\ConnectServer\ConnectServer\Release\ConnectServer_EX603\rc.command.1.tlog
C:\[ S-MuOnline ]\Source\Server\ConnectServer\ConnectServer\Release\ConnectServer_EX603\rc.read.1.tlog
C:\[ S-MuOnline ]\Source\Server\ConnectServer\ConnectServer\Release\ConnectServer_EX603\rc.write.1.tlog
C:\[ S-MUONLINE ]\SOURCE\SERVER\CONNECTSERVER\CONNECTSERVER\RELEASE\CONNECTSERVER_EX603\SERVERDISPLAYER.OBJ
C:\[ S-MUONLINE ]\SOURCE\SERVER\CONNECTSERVER\CONNECTSERVER\RELEASE\CONNECTSERVER_EX603\SERVERLIST.OBJ
C:\[ S-MUONLINE ]\SOURCE\SERVER\CONNECTSERVER\CONNECTSERVER\RELEASE\CONNECTSERVER_EX603\SOCKETMANAGER.OBJ
C:\[ S-MUONLINE ]\SOURCE\SERVER\CONNECTSERVER\CONNECTSERVER\RELEASE\CONNECTSERVER_EX603\SOCKETMANAGERUDP.OBJ
C:\[ S-MUONLINE ]\SOURCE\SERVER\CONNECTSERVER\CONNECTSERVER\RELEASE\CONNECTSERVER_EX603\STDAFX.OBJ
C:\[ S-MUONLINE ]\SOURCE\SERVER\CONNECTSERVER\CONNECTSERVER\RELEASE\CONNECTSERVER_EX603\UTIL.OBJ
C:\[ S-MUONLINE ]\SOURCE\SERVER\CONNECTSERVER\CONNECTSERVER\RELEASE\CONNECTSERVER_EX603\VC100.PDB
C:\[ S-MUONLINE ]\SOURCE\SERVER\CONNECTSERVER\RELEASE\CONNECTSERVER_EX603\CONNECTSERVER.EXE
C:\[ S-MUONLINE ]\SOURCE\SERVER\CONNECTSERVER\RELEASE\CONNECTSERVER_EX603\CONNECTSERVER.PDB
