D:\[ S-MUONLINE ][SP][3][X]\SOURCE\MAIN_EX603\MAIN\RELEASE\ACHIEVEMENTS.OBJ
D:\[ S-MUONLINE ][SP][3][X]\SOURCE\MAIN_EX603\MAIN\RELEASE\ANTILAG.OBJ
D:\[ S-MUONLINE ][SP][3][X]\SOURCE\MAIN_EX603\MAIN\RELEASE\AUTOLOGINWIN.OBJ
D:\[ S-MUONLINE ][SP][3][X]\SOURCE\MAIN_EX603\MAIN\RELEASE\BUFFICON.OBJ
D:\[ S-MUONLINE ][SP][3][X]\SOURCE\MAIN_EX603\MAIN\RELEASE\CAMERA.OBJ
D:\[ S-MUONLINE ][SP][3][X]\SOURCE\MAIN_EX603\MAIN\RELEASE\CAPE.OBJ
D:\[ S-MUONLINE ][SP][3][X]\SOURCE\MAIN_EX603\MAIN\RELEASE\CBUTIL.OBJ
D:\[ S-MUONLINE ][SP][3][X]\SOURCE\MAIN_EX603\MAIN\RELEASE\CCHATCLASSIC.OBJ
D:\[ S-MUONLINE ][SP][3][X]\SOURCE\MAIN_EX603\MAIN\RELEASE\CCHATEX.OBJ
D:\[ S-MUONLINE ][SP][3][X]\SOURCE\MAIN_EX603\MAIN\RELEASE\CCPETRENDERMESH.OBJ
D:\[ S-MUONLINE ][SP][3][X]\SOURCE\MAIN_EX603\MAIN\RELEASE\CCRC32.OBJ
D:\[ S-MUONLINE ][SP][3][X]\SOURCE\MAIN_EX603\MAIN\RELEASE\CENTRAL.OBJ
D:\[ S-MUONLINE ][SP][3][X]\SOURCE\MAIN_EX603\MAIN\RELEASE\CHANGECLASS.OBJ
D:\[ S-MUONLINE ][SP][3][X]\SOURCE\MAIN_EX603\MAIN\RELEASE\CHARACTERMACHINE.OBJ
D:\[ S-MUONLINE ][SP][3][X]\SOURCE\MAIN_EX603\MAIN\RELEASE\CHATEXPANDED.OBJ
D:\[ S-MUONLINE ][SP][3][X]\SOURCE\MAIN_EX603\MAIN\RELEASE\CMACROUIEX.OBJ
D:\[ S-MUONLINE ][SP][3][X]\SOURCE\MAIN_EX603\MAIN\RELEASE\CNEWUISCENE.OBJ
D:\[ S-MUONLINE ][SP][3][X]\SOURCE\MAIN_EX603\MAIN\RELEASE\COMMON.OBJ
D:\[ S-MUONLINE ][SP][3][X]\SOURCE\MAIN_EX603\MAIN\RELEASE\CONTROLLER.OBJ
D:\[ S-MUONLINE ][SP][3][X]\SOURCE\MAIN_EX603\MAIN\RELEASE\CSCENE.OBJ
D:\[ S-MUONLINE ][SP][3][X]\SOURCE\MAIN_EX603\MAIN\RELEASE\CSCHARACTERS13.OBJ
D:\[ S-MUONLINE ][SP][3][X]\SOURCE\MAIN_EX603\MAIN\RELEASE\CUIMNG.OBJ
D:\[ S-MUONLINE ][SP][3][X]\SOURCE\MAIN_EX603\MAIN\RELEASE\CUSTOMBOW.OBJ
D:\[ S-MUONLINE ][SP][3][X]\SOURCE\MAIN_EX603\MAIN\RELEASE\CUSTOMBUYVIP.OBJ
D:\[ S-MUONLINE ][SP][3][X]\SOURCE\MAIN_EX603\MAIN\RELEASE\CUSTOMCLOAK.OBJ
D:\[ S-MUONLINE ][SP][3][X]\SOURCE\MAIN_EX603\MAIN\RELEASE\CUSTOMCOMMANDINFO.OBJ
D:\[ S-MUONLINE ][SP][3][X]\SOURCE\MAIN_EX603\MAIN\RELEASE\CUSTOMEFFECTREMAKE.OBJ
D:\[ S-MUONLINE ][SP][3][X]\SOURCE\MAIN_EX603\MAIN\RELEASE\CUSTOMEVENTTIME.OBJ
D:\[ S-MUONLINE ][SP][3][X]\SOURCE\MAIN_EX603\MAIN\RELEASE\CUSTOMFOG.OBJ
D:\[ S-MUONLINE ][SP][3][X]\SOURCE\MAIN_EX603\MAIN\RELEASE\CUSTOMFONT.OBJ
D:\[ S-MUONLINE ][SP][3][X]\SOURCE\MAIN_EX603\MAIN\RELEASE\CUSTOMGLOVES.OBJ
D:\[ S-MUONLINE ][SP][3][X]\SOURCE\MAIN_EX603\MAIN\RELEASE\CUSTOMITEM.OBJ
D:\[ S-MUONLINE ][SP][3][X]\SOURCE\MAIN_EX603\MAIN\RELEASE\CUSTOMITEMPRICE.OBJ
D:\[ S-MUONLINE ][SP][3][X]\SOURCE\MAIN_EX603\MAIN\RELEASE\CUSTOMJEWEL.OBJ
D:\[ S-MUONLINE ][SP][3][X]\SOURCE\MAIN_EX603\MAIN\RELEASE\CUSTOMMAP.OBJ
D:\[ S-MUONLINE ][SP][3][X]\SOURCE\MAIN_EX603\MAIN\RELEASE\CUSTOMMESSAGE.OBJ
D:\[ S-MUONLINE ][SP][3][X]\SOURCE\MAIN_EX603\MAIN\RELEASE\CUSTOMMONSTER.OBJ
D:\[ S-MUONLINE ][SP][3][X]\SOURCE\MAIN_EX603\MAIN\RELEASE\CUSTOMMONSTERGLOW.OBJ
D:\[ S-MUONLINE ][SP][3][X]\SOURCE\MAIN_EX603\MAIN\RELEASE\CUSTOMNPC.OBJ
D:\[ S-MUONLINE ][SP][3][X]\SOURCE\MAIN_EX603\MAIN\RELEASE\CUSTOMNPCNAME.OBJ
D:\[ S-MUONLINE ][SP][3][X]\SOURCE\MAIN_EX603\MAIN\RELEASE\CUSTOMPET.OBJ
D:\[ S-MUONLINE ][SP][3][X]\SOURCE\MAIN_EX603\MAIN\RELEASE\CUSTOMPETEFFECT.OBJ
D:\[ S-MUONLINE ][SP][3][X]\SOURCE\MAIN_EX603\MAIN\RELEASE\CUSTOMRANKING.OBJ
D:\[ S-MUONLINE ][SP][3][X]\SOURCE\MAIN_EX603\MAIN\RELEASE\CUSTOMRANKUSER.OBJ
D:\[ S-MUONLINE ][SP][3][X]\SOURCE\MAIN_EX603\MAIN\RELEASE\CUSTOMWING.OBJ
D:\[ S-MUONLINE ][SP][3][X]\SOURCE\MAIN_EX603\MAIN\RELEASE\DAILYREWARD.OBJ
D:\[ S-MUONLINE ][SP][3][X]\SOURCE\MAIN_EX603\MAIN\RELEASE\DEFINES2.OBJ
D:\[ S-MUONLINE ][SP][3][X]\SOURCE\MAIN_EX603\MAIN\RELEASE\DYNAMICEFFECT.OBJ
D:\[ S-MUONLINE ][SP][3][X]\SOURCE\MAIN_EX603\MAIN\RELEASE\EXQUESTWINSYSTEM.OBJ
D:\[ S-MUONLINE ][SP][3][X]\SOURCE\MAIN_EX603\MAIN\RELEASE\FIX.OBJ
D:\[ S-MUONLINE ][SP][3][X]\SOURCE\MAIN_EX603\MAIN\RELEASE\FONT.OBJ
D:\[ S-MUONLINE ][SP][3][X]\SOURCE\MAIN_EX603\MAIN\RELEASE\FULLVIEWMODE.OBJ
D:\[ S-MUONLINE ][SP][3][X]\SOURCE\MAIN_EX603\MAIN\RELEASE\GLFONT.OBJ
D:\[ S-MUONLINE ][SP][3][X]\SOURCE\MAIN_EX603\MAIN\RELEASE\GLOW.OBJ
D:\[ S-MUONLINE ][SP][3][X]\SOURCE\MAIN_EX603\MAIN\RELEASE\GRANDRESETSYSTEM.OBJ
D:\[ S-MUONLINE ][SP][3][X]\SOURCE\MAIN_EX603\MAIN\RELEASE\GRAPHICS.OBJ
D:\[ S-MUONLINE ][SP][3][X]\SOURCE\MAIN_EX603\MAIN\RELEASE\GUILDLOGO.OBJ
D:\[ S-MUONLINE ][SP][3][X]\SOURCE\MAIN_EX603\MAIN\RELEASE\HACKCHECK.OBJ
D:\[ S-MUONLINE ][SP][3][X]\SOURCE\MAIN_EX603\MAIN\RELEASE\HEALTHBAR.OBJ
D:\[ S-MUONLINE ][SP][3][X]\SOURCE\MAIN_EX603\MAIN\RELEASE\HWID.OBJ
D:\[ S-MUONLINE ][SP][3][X]\SOURCE\MAIN_EX603\MAIN\RELEASE\INFOLOG.OBJ
D:\[ S-MUONLINE ][SP][3][X]\SOURCE\MAIN_EX603\MAIN\RELEASE\INTER3.OBJ
D:\[ S-MUONLINE ][SP][3][X]\SOURCE\MAIN_EX603\MAIN\RELEASE\INTEREX.OBJ
D:\[ S-MUONLINE ][SP][3][X]\SOURCE\MAIN_EX603\MAIN\RELEASE\INTERFACE.OBJ
D:\[ S-MUONLINE ][SP][3][X]\SOURCE\MAIN_EX603\MAIN\RELEASE\INTERFACEBASE.OBJ
D:\[ S-MUONLINE ][SP][3][X]\SOURCE\MAIN_EX603\MAIN\RELEASE\ITEM.OBJ
D:\[ S-MUONLINE ][SP][3][X]\SOURCE\MAIN_EX603\MAIN\RELEASE\ITEMGLOW.OBJ
D:\[ S-MUONLINE ][SP][3][X]\SOURCE\MAIN_EX603\MAIN\RELEASE\ITEMINFOEX.OBJ
D:\[ S-MUONLINE ][SP][3][X]\SOURCE\MAIN_EX603\MAIN\RELEASE\ITEMMANAGER.OBJ
D:\[ S-MUONLINE ][SP][3][X]\SOURCE\MAIN_EX603\MAIN\RELEASE\ITEMREMAKE.OBJ
D:\[ S-MUONLINE ][SP][3][X]\SOURCE\MAIN_EX603\MAIN\RELEASE\ITEMSHOPVALUE.OBJ
D:\[ S-MUONLINE ][SP][3][X]\SOURCE\MAIN_EX603\MAIN\RELEASE\ITEMSMOKE.OBJ
D:\[ S-MUONLINE ][SP][3][X]\SOURCE\MAIN_EX603\MAIN\RELEASE\ITEMTOOLTIP.OBJ
D:\[ S-MUONLINE ][SP][3][X]\SOURCE\MAIN_EX603\MAIN\RELEASE\ITEMTRSDATA.OBJ
D:\[ S-MUONLINE ][SP][3][X]\SOURCE\MAIN_EX603\MAIN\RELEASE\JCBUTTON.OBJ
D:\[ S-MUONLINE ][SP][3][X]\SOURCE\MAIN_EX603\MAIN\RELEASE\JCOPTIONBOX.OBJ
D:\[ S-MUONLINE ][SP][3][X]\SOURCE\MAIN_EX603\MAIN\RELEASE\JCRENDERNOITEMGLOW.OBJ
D:\[ S-MUONLINE ][SP][3][X]\SOURCE\MAIN_EX603\MAIN\RELEASE\LARGERAND.OBJ
D:\[ S-MUONLINE ][SP][3][X]\SOURCE\MAIN_EX603\MAIN\RELEASE\LAYOUT.OBJ
D:\[ S-MUONLINE ][SP][3][X]\SOURCE\MAIN_EX603\MAIN\RELEASE\LOGINMAINWIN.OBJ
D:\[ S-MUONLINE ][SP][3][X]\SOURCE\MAIN_EX603\MAIN\RELEASE\LOGINREMAKE.OBJ
D:\[ S-MUONLINE ][SP][3][X]\SOURCE\MAIN_EX603\MAIN\RELEASE\MAIN.DLL.INTERMEDIATE.MANIFEST
D:\[ S-MUONLINE ][SP][3][X]\SOURCE\MAIN_EX603\MAIN\RELEASE\MAIN.OBJ
D:\[ S-MUONLINE ][SP][3][X]\SOURCE\MAIN_EX603\MAIN\RELEASE\MAIN.PCH
D:\[ S-MUONLINE ][SP][3][X]\SOURCE\MAIN_EX603\MAIN\RELEASE\MAIN.RES
D:\[ S-MUONLINE ][SP][3][X]\SOURCE\MAIN_EX603\MAIN\RELEASE\MAP.OBJ
D:\[ S-MUONLINE ][SP][3][X]\SOURCE\MAIN_EX603\MAIN\RELEASE\MASTERSKILL.OBJ
D:\[ S-MUONLINE ][SP][3][X]\SOURCE\MAIN_EX603\MAIN\RELEASE\MASTERSKILLPOINT.OBJ
D:\[ S-MUONLINE ][SP][3][X]\SOURCE\MAIN_EX603\MAIN\RELEASE\MEMSCRIPT.OBJ
D:\[ S-MUONLINE ][SP][3][X]\SOURCE\MAIN_EX603\MAIN\RELEASE\MINIMAP.OBJ
D:\[ S-MUONLINE ][SP][3][X]\SOURCE\MAIN_EX603\MAIN\RELEASE\MINIMAPINFO.OBJ
D:\[ S-MUONLINE ][SP][3][X]\SOURCE\MAIN_EX603\MAIN\RELEASE\MODELEFFECT.OBJ
D:\[ S-MUONLINE ][SP][3][X]\SOURCE\MAIN_EX603\MAIN\RELEASE\MONSTER.OBJ
D:\[ S-MUONLINE ][SP][3][X]\SOURCE\MAIN_EX603\MAIN\RELEASE\MONSTERBAR.OBJ
D:\[ S-MUONLINE ][SP][3][X]\SOURCE\MAIN_EX603\MAIN\RELEASE\MONSTEREFFECT.OBJ
D:\[ S-MUONLINE ][SP][3][X]\SOURCE\MAIN_EX603\MAIN\RELEASE\MONSTERGLOW.OBJ
D:\[ S-MUONLINE ][SP][3][X]\SOURCE\MAIN_EX603\MAIN\RELEASE\MONSTERHPBAR.OBJ
D:\[ S-MUONLINE ][SP][3][X]\SOURCE\MAIN_EX603\MAIN\RELEASE\MUHELPER.OBJ
D:\[ S-MUONLINE ][SP][3][X]\SOURCE\MAIN_EX603\MAIN\RELEASE\MULTISELECT.OBJ
D:\[ S-MUONLINE ][SP][3][X]\SOURCE\MAIN_EX603\MAIN\RELEASE\NEWINTERFACE.OBJ
D:\[ S-MUONLINE ][SP][3][X]\SOURCE\MAIN_EX603\MAIN\RELEASE\NEWSBOARD.OBJ
D:\[ S-MUONLINE ][SP][3][X]\SOURCE\MAIN_EX603\MAIN\RELEASE\NEWUIBUTTON.OBJ
D:\[ S-MUONLINE ][SP][3][X]\SOURCE\MAIN_EX603\MAIN\RELEASE\NEWUIINTERFACE.OBJ
D:\[ S-MUONLINE ][SP][3][X]\SOURCE\MAIN_EX603\MAIN\RELEASE\NEWUIMAINFRAME.OBJ
D:\[ S-MUONLINE ][SP][3][X]\SOURCE\MAIN_EX603\MAIN\RELEASE\NEWUIMYINVENTORY.OBJ
D:\[ S-MUONLINE ][SP][3][X]\SOURCE\MAIN_EX603\MAIN\RELEASE\NEWUISYSTEM.OBJ
D:\[ S-MUONLINE ][SP][3][X]\SOURCE\MAIN_EX603\MAIN\RELEASE\NPCRUUD.OBJ
D:\[ S-MUONLINE ][SP][3][X]\SOURCE\MAIN_EX603\MAIN\RELEASE\OFFTRADE.OBJ
D:\[ S-MUONLINE ][SP][3][X]\SOURCE\MAIN_EX603\MAIN\RELEASE\PACKETMANAGER.OBJ
D:\[ S-MUONLINE ][SP][3][X]\SOURCE\MAIN_EX603\MAIN\RELEASE\PARTYBUFFS.OBJ
D:\[ S-MUONLINE ][SP][3][X]\SOURCE\MAIN_EX603\MAIN\RELEASE\PARTYSEARCH.OBJ
D:\[ S-MUONLINE ][SP][3][X]\SOURCE\MAIN_EX603\MAIN\RELEASE\PARTYSEARCHSETTINGS.OBJ
D:\[ S-MUONLINE ][SP][3][X]\SOURCE\MAIN_EX603\MAIN\RELEASE\PET.OBJ
D:\[ S-MUONLINE ][SP][3][X]\SOURCE\MAIN_EX603\MAIN\RELEASE\PETHOOK.OBJ
D:\[ S-MUONLINE ][SP][3][X]\SOURCE\MAIN_EX603\MAIN\RELEASE\PETMONTURA.OBJ
D:\[ S-MUONLINE ][SP][3][X]\SOURCE\MAIN_EX603\MAIN\RELEASE\PETPROTOCOL.OBJ
D:\[ S-MUONLINE ][SP][3][X]\SOURCE\MAIN_EX603\MAIN\RELEASE\PETTOOLTIP.OBJ
D:\[ S-MUONLINE ][SP][3][X]\SOURCE\MAIN_EX603\MAIN\RELEASE\POST_ITEM.OBJ
D:\[ S-MUONLINE ][SP][3][X]\SOURCE\MAIN_EX603\MAIN\RELEASE\POSTINTERFACE.OBJ
D:\[ S-MUONLINE ][SP][3][X]\SOURCE\MAIN_EX603\MAIN\RELEASE\PRINTPLAYER.OBJ
D:\[ S-MUONLINE ][SP][3][X]\SOURCE\MAIN_EX603\MAIN\RELEASE\PROTECT.OBJ
D:\[ S-MUONLINE ][SP][3][X]\SOURCE\MAIN_EX603\MAIN\RELEASE\PROTOCOL.OBJ
D:\[ S-MUONLINE ][SP][3][X]\SOURCE\MAIN_EX603\MAIN\RELEASE\RECONNECT.OBJ
D:\[ S-MUONLINE ][SP][3][X]\SOURCE\MAIN_EX603\MAIN\RELEASE\REGISTERFORM.OBJ
D:\[ S-MUONLINE ][SP][3][X]\SOURCE\MAIN_EX603\MAIN\RELEASE\RESETSYSTEM.OBJ
D:\[ S-MUONLINE ][SP][3][X]\SOURCE\MAIN_EX603\MAIN\RELEASE\RESOLUTION.OBJ
D:\[ S-MUONLINE ][SP][3][X]\SOURCE\MAIN_EX603\MAIN\RELEASE\RUUD.OBJ
D:\[ S-MUONLINE ][SP][3][X]\SOURCE\MAIN_EX603\MAIN\RELEASE\SCREEN.OBJ
D:\[ S-MUONLINE ][SP][3][X]\SOURCE\MAIN_EX603\MAIN\RELEASE\SCRIPTITEM.OBJ
D:\[ S-MUONLINE ][SP][3][X]\SOURCE\MAIN_EX603\MAIN\RELEASE\SELECTCHAR.OBJ
D:\[ S-MUONLINE ][SP][3][X]\SOURCE\MAIN_EX603\MAIN\RELEASE\SELECTWAREHOUSE.OBJ
D:\[ S-MUONLINE ][SP][3][X]\SOURCE\MAIN_EX603\MAIN\RELEASE\SERVERINFO.OBJ
D:\[ S-MUONLINE ][SP][3][X]\SOURCE\MAIN_EX603\MAIN\RELEASE\SERVERSELWIN.OBJ
D:\[ S-MUONLINE ][SP][3][X]\SOURCE\MAIN_EX603\MAIN\RELEASE\SETEFFECT.OBJ
D:\[ S-MUONLINE ][SP][3][X]\SOURCE\MAIN_EX603\MAIN\RELEASE\SITEMOPTION.OBJ
D:\[ S-MUONLINE ][SP][3][X]\SOURCE\MAIN_EX603\MAIN\RELEASE\SKYBOX.OBJ
D:\[ S-MUONLINE ][SP][3][X]\SOURCE\MAIN_EX603\MAIN\RELEASE\STATICEFFECT.OBJ
D:\[ S-MUONLINE ][SP][3][X]\SOURCE\MAIN_EX603\MAIN\RELEASE\STATSADVANCE.OBJ
D:\[ S-MUONLINE ][SP][3][X]\SOURCE\MAIN_EX603\MAIN\RELEASE\STDAFX.OBJ
D:\[ S-MUONLINE ][SP][3][X]\SOURCE\MAIN_EX603\MAIN\RELEASE\TMEMORY.OBJ
D:\[ S-MUONLINE ][SP][3][X]\SOURCE\MAIN_EX603\MAIN\RELEASE\TOOLKIT.OBJ
D:\[ S-MUONLINE ][SP][3][X]\SOURCE\MAIN_EX603\MAIN\RELEASE\TRAYMODENEW.OBJ
D:\[ S-MUONLINE ][SP][3][X]\SOURCE\MAIN_EX603\MAIN\RELEASE\UICONTROL.OBJ
D:\[ S-MUONLINE ][SP][3][X]\SOURCE\MAIN_EX603\MAIN\RELEASE\UICONTROLLER.OBJ
D:\[ S-MUONLINE ][SP][3][X]\SOURCE\MAIN_EX603\MAIN\RELEASE\UITEXTINPUTBOX.OBJ
D:\[ S-MUONLINE ][SP][3][X]\SOURCE\MAIN_EX603\MAIN\RELEASE\USER.OBJ
D:\[ S-MUONLINE ][SP][3][X]\SOURCE\MAIN_EX603\MAIN\RELEASE\UTIL.OBJ
D:\[ S-MUONLINE ][SP][3][X]\SOURCE\MAIN_EX603\MAIN\RELEASE\VC100.PDB
D:\[ S-MUONLINE ][SP][3][X]\SOURCE\MAIN_EX603\MAIN\RELEASE\WINDOWSSTRUCT.OBJ
D:\[ S-MUONLINE ][SP][3][X]\SOURCE\MAIN_EX603\MAIN\RELEASE\WINGINVISIBLE.OBJ
D:\[ S-MUONLINE ][SP][3][X]\SOURCE\MAIN_EX603\MAIN\RELEASE\WSCLIENT.OBJ
D:\[ S-MUONLINE ][SP][3][X]\SOURCE\MAIN_EX603\MAIN\RELEASE\WSCLIENTLINE.OBJ
D:\[ S-MUONLINE ][SP][3][X]\SOURCE\MAIN_EX603\MAIN\RELEASE\ZZZMATHLIB.OBJ
D:\[ S-MUONLINE ][SP][3][X]\SOURCE\MAIN_EX603\RELEASE\MAIN.DLL
D:\[ S-MuOnline ][SP][3][X]\Source\Main_EX603\Release\Main.exp
D:\[ S-MuOnline ][SP][3][X]\Source\Main_EX603\Release\Main.lib
D:\[ S-MUONLINE ][SP][3][X]\SOURCE\MAIN_EX603\RELEASE\MAIN.PDB
D:\[ S-MuOnline ][SP][4][X]\Source\Main_EX603\Main\Release\Achievements.obj
D:\[ S-MuOnline ][SP][4][X]\Source\Main_EX603\Main\Release\Antilag.obj
D:\[ S-MuOnline ][SP][4][X]\Source\Main_EX603\Main\Release\AutoLoginWin.obj
D:\[ S-MuOnline ][SP][4][X]\Source\Main_EX603\Main\Release\BuffIcon.obj
D:\[ S-MuOnline ][SP][4][X]\Source\Main_EX603\Main\Release\Camera.obj
D:\[ S-MuOnline ][SP][4][X]\Source\Main_EX603\Main\Release\cape.obj
D:\[ S-MuOnline ][SP][4][X]\Source\Main_EX603\Main\Release\CBUtil.obj
D:\[ S-MuOnline ][SP][4][X]\Source\Main_EX603\Main\Release\CChatClassic.obj
D:\[ S-MuOnline ][SP][4][X]\Source\Main_EX603\Main\Release\CChatEx.obj
D:\[ S-MuOnline ][SP][4][X]\Source\Main_EX603\Main\Release\cCPetRenderMesh.obj
D:\[ S-MuOnline ][SP][4][X]\Source\Main_EX603\Main\Release\CCRC32.obj
D:\[ S-MuOnline ][SP][4][X]\Source\Main_EX603\Main\Release\Central.obj
D:\[ S-MuOnline ][SP][4][X]\Source\Main_EX603\Main\Release\ChangeClass.obj
D:\[ S-MuOnline ][SP][4][X]\Source\Main_EX603\Main\Release\CharacterMachine.obj
D:\[ S-MuOnline ][SP][4][X]\Source\Main_EX603\Main\Release\ChatExpanded.obj
D:\[ S-MuOnline ][SP][4][X]\Source\Main_EX603\Main\Release\cl.command.1.tlog
D:\[ S-MuOnline ][SP][4][X]\Source\Main_EX603\Main\Release\CL.read.1.tlog
D:\[ S-MuOnline ][SP][4][X]\Source\Main_EX603\Main\Release\CL.write.1.tlog
D:\[ S-MuOnline ][SP][4][X]\Source\Main_EX603\Main\Release\CMacroUIEx.obj
D:\[ S-MuOnline ][SP][4][X]\Source\Main_EX603\Main\Release\CNewUIScene.obj
D:\[ S-MuOnline ][SP][4][X]\Source\Main_EX603\Main\Release\Common.obj
D:\[ S-MuOnline ][SP][4][X]\Source\Main_EX603\Main\Release\Controller.obj
D:\[ S-MuOnline ][SP][4][X]\Source\Main_EX603\Main\Release\CScene.obj
D:\[ S-MuOnline ][SP][4][X]\Source\Main_EX603\Main\Release\CSCharacterS13.obj
D:\[ S-MuOnline ][SP][4][X]\Source\Main_EX603\Main\Release\CUIMng.obj
D:\[ S-MuOnline ][SP][4][X]\Source\Main_EX603\Main\Release\CustomBow.obj
D:\[ S-MuOnline ][SP][4][X]\Source\Main_EX603\Main\Release\CustomBuyVip.obj
D:\[ S-MuOnline ][SP][4][X]\Source\Main_EX603\Main\Release\CustomCloak.obj
D:\[ S-MuOnline ][SP][4][X]\Source\Main_EX603\Main\Release\CustomCommandInfo.obj
D:\[ S-MuOnline ][SP][4][X]\Source\Main_EX603\Main\Release\CustomEffectRemake.obj
D:\[ S-MuOnline ][SP][4][X]\Source\Main_EX603\Main\Release\CustomEventTime.obj
D:\[ S-MuOnline ][SP][4][X]\Source\Main_EX603\Main\Release\CustomFog.obj
D:\[ S-MuOnline ][SP][4][X]\Source\Main_EX603\Main\Release\CustomFont.obj
D:\[ S-MuOnline ][SP][4][X]\Source\Main_EX603\Main\Release\CustomGloves.obj
D:\[ S-MuOnline ][SP][4][X]\Source\Main_EX603\Main\Release\CustomItem.obj
D:\[ S-MuOnline ][SP][4][X]\Source\Main_EX603\Main\Release\CustomItemPrice.obj
D:\[ S-MuOnline ][SP][4][X]\Source\Main_EX603\Main\Release\CustomJewel.obj
D:\[ S-MuOnline ][SP][4][X]\Source\Main_EX603\Main\Release\CustomMap.obj
D:\[ S-MuOnline ][SP][4][X]\Source\Main_EX603\Main\Release\CustomMessage.obj
D:\[ S-MuOnline ][SP][4][X]\Source\Main_EX603\Main\Release\CustomMonster.obj
D:\[ S-MuOnline ][SP][4][X]\Source\Main_EX603\Main\Release\CustomMonsterGlow.obj
D:\[ S-MuOnline ][SP][4][X]\Source\Main_EX603\Main\Release\CustomNPC.obj
D:\[ S-MuOnline ][SP][4][X]\Source\Main_EX603\Main\Release\CustomNpcName.obj
D:\[ S-MuOnline ][SP][4][X]\Source\Main_EX603\Main\Release\CustomPet.obj
D:\[ S-MuOnline ][SP][4][X]\Source\Main_EX603\Main\Release\CustomPetEffect.obj
D:\[ S-MuOnline ][SP][4][X]\Source\Main_EX603\Main\Release\CustomRanking.obj
D:\[ S-MuOnline ][SP][4][X]\Source\Main_EX603\Main\Release\CustomRankUser.obj
D:\[ S-MuOnline ][SP][4][X]\Source\Main_EX603\Main\Release\CustomWing.obj
D:\[ S-MuOnline ][SP][4][X]\Source\Main_EX603\Main\Release\DailyReward.obj
D:\[ S-MuOnline ][SP][4][X]\Source\Main_EX603\Main\Release\Defines2.obj
D:\[ S-MuOnline ][SP][4][X]\Source\Main_EX603\Main\Release\DynamicEffect.obj
D:\[ S-MuOnline ][SP][4][X]\Source\Main_EX603\Main\Release\ExQuestWinSystem.obj
D:\[ S-MuOnline ][SP][4][X]\Source\Main_EX603\Main\Release\Fix.obj
D:\[ S-MuOnline ][SP][4][X]\Source\Main_EX603\Main\Release\Font.obj
D:\[ S-MuOnline ][SP][4][X]\Source\Main_EX603\Main\Release\FullViewMode.obj
D:\[ S-MuOnline ][SP][4][X]\Source\Main_EX603\Main\Release\GLFont.obj
D:\[ S-MuOnline ][SP][4][X]\Source\Main_EX603\Main\Release\Glow.obj
D:\[ S-MuOnline ][SP][4][X]\Source\Main_EX603\Main\Release\GrandResetSystem.obj
D:\[ S-MuOnline ][SP][4][X]\Source\Main_EX603\Main\Release\Graphics.obj
D:\[ S-MuOnline ][SP][4][X]\Source\Main_EX603\Main\Release\GuildLogo.obj
D:\[ S-MuOnline ][SP][4][X]\Source\Main_EX603\Main\Release\HackCheck.obj
D:\[ S-MuOnline ][SP][4][X]\Source\Main_EX603\Main\Release\HealthBar.obj
D:\[ S-MuOnline ][SP][4][X]\Source\Main_EX603\Main\Release\HWID.obj
D:\[ S-MuOnline ][SP][4][X]\Source\Main_EX603\Main\Release\InfoLog.obj
D:\[ S-MuOnline ][SP][4][X]\Source\Main_EX603\Main\Release\Inter3.obj
D:\[ S-MuOnline ][SP][4][X]\Source\Main_EX603\Main\Release\InterEx.obj
D:\[ S-MuOnline ][SP][4][X]\Source\Main_EX603\Main\Release\Interface.obj
D:\[ S-MuOnline ][SP][4][X]\Source\Main_EX603\Main\Release\InterfaceBase.obj
D:\[ S-MuOnline ][SP][4][X]\Source\Main_EX603\Main\Release\Item.obj
D:\[ S-MuOnline ][SP][4][X]\Source\Main_EX603\Main\Release\ItemGlow.obj
D:\[ S-MuOnline ][SP][4][X]\Source\Main_EX603\Main\Release\ItemInfoEx.obj
D:\[ S-MuOnline ][SP][4][X]\Source\Main_EX603\Main\Release\ItemManager.obj
D:\[ S-MuOnline ][SP][4][X]\Source\Main_EX603\Main\Release\ItemRemake.obj
D:\[ S-MuOnline ][SP][4][X]\Source\Main_EX603\Main\Release\ItemShopValue.obj
D:\[ S-MuOnline ][SP][4][X]\Source\Main_EX603\Main\Release\ItemSmoke.obj
D:\[ S-MuOnline ][SP][4][X]\Source\Main_EX603\Main\Release\ItemTooltip.obj
D:\[ S-MuOnline ][SP][4][X]\Source\Main_EX603\Main\Release\ItemTRSData.obj
D:\[ S-MuOnline ][SP][4][X]\Source\Main_EX603\Main\Release\JCButton.obj
D:\[ S-MuOnline ][SP][4][X]\Source\Main_EX603\Main\Release\JCOptionBox.obj
D:\[ S-MuOnline ][SP][4][X]\Source\Main_EX603\Main\Release\JCRendernoItemGlow.obj
D:\[ S-MuOnline ][SP][4][X]\Source\Main_EX603\Main\Release\LargeRand.obj
D:\[ S-MuOnline ][SP][4][X]\Source\Main_EX603\Main\Release\Layout.obj
D:\[ S-MuOnline ][SP][4][X]\Source\Main_EX603\Main\Release\link.command.1.tlog
D:\[ S-MuOnline ][SP][4][X]\Source\Main_EX603\Main\Release\link.read.1.tlog
D:\[ S-MuOnline ][SP][4][X]\Source\Main_EX603\Main\Release\link.write.1.tlog
D:\[ S-MuOnline ][SP][4][X]\Source\Main_EX603\Main\Release\link-cvtres.read.1.tlog
D:\[ S-MuOnline ][SP][4][X]\Source\Main_EX603\Main\Release\link-cvtres.write.1.tlog
D:\[ S-MuOnline ][SP][4][X]\Source\Main_EX603\Main\Release\LoginMainWin.obj
D:\[ S-MuOnline ][SP][4][X]\Source\Main_EX603\Main\Release\LoginRemake.obj
D:\[ S-MuOnline ][SP][4][X]\Source\Main_EX603\Main\Release\Main.dll.intermediate.manifest
D:\[ S-MuOnline ][SP][4][X]\Source\Main_EX603\Main\Release\Main.obj
D:\[ S-MuOnline ][SP][4][X]\Source\Main_EX603\Main\Release\Main.pch
D:\[ S-MuOnline ][SP][4][X]\Source\Main_EX603\Main\Release\Main.res
D:\[ S-MuOnline ][SP][4][X]\Source\Main_EX603\Main\Release\Main.vcxproj.AssemblyReference.cache
D:\[ S-MuOnline ][SP][4][X]\Source\Main_EX603\Main\Release\Main.write.1.tlog
D:\[ S-MuOnline ][SP][4][X]\Source\Main_EX603\Main\Release\Map.obj
D:\[ S-MuOnline ][SP][4][X]\Source\Main_EX603\Main\Release\MasterSkill.obj
D:\[ S-MuOnline ][SP][4][X]\Source\Main_EX603\Main\Release\MasterSkillPoint.obj
D:\[ S-MuOnline ][SP][4][X]\Source\Main_EX603\Main\Release\MemScript.obj
D:\[ S-MuOnline ][SP][4][X]\Source\Main_EX603\Main\Release\MiniMap.obj
D:\[ S-MuOnline ][SP][4][X]\Source\Main_EX603\Main\Release\MiniMapInfo.obj
D:\[ S-MuOnline ][SP][4][X]\Source\Main_EX603\Main\Release\ModelEffect.obj
D:\[ S-MuOnline ][SP][4][X]\Source\Main_EX603\Main\Release\Monster.obj
D:\[ S-MuOnline ][SP][4][X]\Source\Main_EX603\Main\Release\MonsterBar.obj
D:\[ S-MuOnline ][SP][4][X]\Source\Main_EX603\Main\Release\MonsterEffect.obj
D:\[ S-MuOnline ][SP][4][X]\Source\Main_EX603\Main\Release\MonsterGlow.obj
D:\[ S-MuOnline ][SP][4][X]\Source\Main_EX603\Main\Release\MonsterHpBar.obj
D:\[ S-MuOnline ][SP][4][X]\Source\Main_EX603\Main\Release\mt.command.1.tlog
D:\[ S-MuOnline ][SP][4][X]\Source\Main_EX603\Main\Release\mt.read.1.tlog
D:\[ S-MuOnline ][SP][4][X]\Source\Main_EX603\Main\Release\mt.write.1.tlog
D:\[ S-MuOnline ][SP][4][X]\Source\Main_EX603\Main\Release\MuHelper.obj
D:\[ S-MuOnline ][SP][4][X]\Source\Main_EX603\Main\Release\MultiSelect.obj
D:\[ S-MuOnline ][SP][4][X]\Source\Main_EX603\Main\Release\NewInterface.obj
D:\[ S-MuOnline ][SP][4][X]\Source\Main_EX603\Main\Release\NewsBoard.obj
D:\[ S-MuOnline ][SP][4][X]\Source\Main_EX603\Main\Release\NewUIButton.obj
D:\[ S-MuOnline ][SP][4][X]\Source\Main_EX603\Main\Release\NewUiInterface.obj
D:\[ S-MuOnline ][SP][4][X]\Source\Main_EX603\Main\Release\NewUIMainFrame.obj
D:\[ S-MuOnline ][SP][4][X]\Source\Main_EX603\Main\Release\NewUIMyInventory.obj
D:\[ S-MuOnline ][SP][4][X]\Source\Main_EX603\Main\Release\NewUISystem.obj
D:\[ S-MuOnline ][SP][4][X]\Source\Main_EX603\Main\Release\NPCRuud.obj
D:\[ S-MuOnline ][SP][4][X]\Source\Main_EX603\Main\Release\OffTrade.obj
D:\[ S-MuOnline ][SP][4][X]\Source\Main_EX603\Main\Release\PacketManager.obj
D:\[ S-MuOnline ][SP][4][X]\Source\Main_EX603\Main\Release\PartyBuffs.obj
D:\[ S-MuOnline ][SP][4][X]\Source\Main_EX603\Main\Release\PartySearch.obj
D:\[ S-MuOnline ][SP][4][X]\Source\Main_EX603\Main\Release\PartySearchSettings.obj
D:\[ S-MuOnline ][SP][4][X]\Source\Main_EX603\Main\Release\Pet.obj
D:\[ S-MuOnline ][SP][4][X]\Source\Main_EX603\Main\Release\PetHook.obj
D:\[ S-MuOnline ][SP][4][X]\Source\Main_EX603\Main\Release\PetMontura.obj
D:\[ S-MuOnline ][SP][4][X]\Source\Main_EX603\Main\Release\PetProtocol.obj
D:\[ S-MuOnline ][SP][4][X]\Source\Main_EX603\Main\Release\PetTooltip.obj
D:\[ S-MuOnline ][SP][4][X]\Source\Main_EX603\Main\Release\post_item.obj
D:\[ S-MuOnline ][SP][4][X]\Source\Main_EX603\Main\Release\postInterface.obj
D:\[ S-MuOnline ][SP][4][X]\Source\Main_EX603\Main\Release\PrintPlayer.obj
D:\[ S-MuOnline ][SP][4][X]\Source\Main_EX603\Main\Release\Protect.obj
D:\[ S-MuOnline ][SP][4][X]\Source\Main_EX603\Main\Release\Protocol.obj
D:\[ S-MuOnline ][SP][4][X]\Source\Main_EX603\Main\Release\rc.command.1.tlog
D:\[ S-MuOnline ][SP][4][X]\Source\Main_EX603\Main\Release\rc.read.1.tlog
D:\[ S-MuOnline ][SP][4][X]\Source\Main_EX603\Main\Release\rc.write.1.tlog
D:\[ S-MuOnline ][SP][4][X]\Source\Main_EX603\Main\Release\Reconnect.obj
D:\[ S-MuOnline ][SP][4][X]\Source\Main_EX603\Main\Release\RegisterForm.obj
D:\[ S-MuOnline ][SP][4][X]\Source\Main_EX603\Main\Release\ResetSystem.obj
D:\[ S-MuOnline ][SP][4][X]\Source\Main_EX603\Main\Release\Resolution.obj
D:\[ S-MuOnline ][SP][4][X]\Source\Main_EX603\Main\Release\Ruud.obj
D:\[ S-MuOnline ][SP][4][X]\Source\Main_EX603\Main\Release\screen.obj
D:\[ S-MuOnline ][SP][4][X]\Source\Main_EX603\Main\Release\ScriptItem.obj
D:\[ S-MuOnline ][SP][4][X]\Source\Main_EX603\Main\Release\SelectChar.obj
D:\[ S-MuOnline ][SP][4][X]\Source\Main_EX603\Main\Release\SelectWareHouse.obj
D:\[ S-MuOnline ][SP][4][X]\Source\Main_EX603\Main\Release\ServerInfo.obj
D:\[ S-MuOnline ][SP][4][X]\Source\Main_EX603\Main\Release\ServerSelWin.obj
D:\[ S-MuOnline ][SP][4][X]\Source\Main_EX603\Main\Release\SetEffect.obj
D:\[ S-MuOnline ][SP][4][X]\Source\Main_EX603\Main\Release\SItemOption.obj
D:\[ S-MuOnline ][SP][4][X]\Source\Main_EX603\Main\Release\SkyBox.obj
D:\[ S-MuOnline ][SP][4][X]\Source\Main_EX603\Main\Release\StaticEffect.obj
D:\[ S-MuOnline ][SP][4][X]\Source\Main_EX603\Main\Release\StatsAdvance.obj
D:\[ S-MuOnline ][SP][4][X]\Source\Main_EX603\Main\Release\stdafx.obj
D:\[ S-MuOnline ][SP][4][X]\Source\Main_EX603\Main\Release\TMemory.obj
D:\[ S-MuOnline ][SP][4][X]\Source\Main_EX603\Main\Release\ToolKit.obj
D:\[ S-MuOnline ][SP][4][X]\Source\Main_EX603\Main\Release\TrayModeNew.obj
D:\[ S-MuOnline ][SP][4][X]\Source\Main_EX603\Main\Release\UIControl.obj
D:\[ S-MuOnline ][SP][4][X]\Source\Main_EX603\Main\Release\UIController.obj
D:\[ S-MuOnline ][SP][4][X]\Source\Main_EX603\Main\Release\UITextInputBox.obj
D:\[ S-MuOnline ][SP][4][X]\Source\Main_EX603\Main\Release\User.obj
D:\[ S-MuOnline ][SP][4][X]\Source\Main_EX603\Main\Release\Util.obj
D:\[ S-MuOnline ][SP][4][X]\Source\Main_EX603\Main\Release\vc100.pdb
D:\[ S-MuOnline ][SP][4][X]\Source\Main_EX603\Main\Release\WindowsStruct.obj
D:\[ S-MuOnline ][SP][4][X]\Source\Main_EX603\Main\Release\WingInvisible.obj
D:\[ S-MuOnline ][SP][4][X]\Source\Main_EX603\Main\Release\WSclient.obj
D:\[ S-MuOnline ][SP][4][X]\Source\Main_EX603\Main\Release\Wsclientline.obj
D:\[ S-MuOnline ][SP][4][X]\Source\Main_EX603\Main\Release\zzzmathlib.obj
D:\[ S-MuOnline ][SP][4][X]\Source\Main_EX603\Release\Main.dll
D:\[ S-MuOnline ][SP][4][X]\Source\Main_EX603\Release\Main.pdb
