D:\[ S-MUONLINE ][SP][0]\SOURCE\GETMAININFO\GETMAININFO\PREMIUM\CCRC32.OBJ
D:\[ S-MuOnline ][SP][0]\Source\GetMainInfo\GetMainInfo\PREMIUM\cl.command.1.tlog
D:\[ S-MuOnline ][SP][0]\Source\GetMainInfo\GetMainInfo\PREMIUM\CL.read.1.tlog
D:\[ S-MuOnline ][SP][0]\Source\GetMainInfo\GetMainInfo\PREMIUM\CL.write.1.tlog
D:\[ S-MUONLINE ][SP][0]\SOURCE\GETMAININFO\GETMAININFO\PREMIUM\CUSTOMBUYVIP.OBJ
D:\[ S-MUONLINE ][SP][0]\SOURCE\GETMAININFO\GETMAININFO\PREMIUM\CUSTOMCLOAK.OBJ
D:\[ S-MUONLINE ][SP][0]\SOURCE\GETMAININFO\GETMAININFO\PREMIUM\CUSTOMCOMMANDINFO.OBJ
D:\[ S-MUONLINE ][SP][0]\SOURCE\GETMAININFO\GETMAININFO\PREMIUM\CUSTOMCROSSBOW.OBJ
D:\[ S-MUONLINE ][SP][0]\SOURCE\GETMAININFO\GETMAININFO\PREMIUM\CUSTOMEFFECTDYNAMIC.OBJ
D:\[ S-MUONLINE ][SP][0]\SOURCE\GETMAININFO\GETMAININFO\PREMIUM\CUSTOMEFFECTREMAKE.OBJ
D:\[ S-MUONLINE ][SP][0]\SOURCE\GETMAININFO\GETMAININFO\PREMIUM\CUSTOMEVENTTIMETEXT.OBJ
D:\[ S-MUONLINE ][SP][0]\SOURCE\GETMAININFO\GETMAININFO\PREMIUM\CUSTOMGLOVES.OBJ
D:\[ S-MUONLINE ][SP][0]\SOURCE\GETMAININFO\GETMAININFO\PREMIUM\CUSTOMITEM.OBJ
D:\[ S-MUONLINE ][SP][0]\SOURCE\GETMAININFO\GETMAININFO\PREMIUM\CUSTOMITEMPOSITION.OBJ
D:\[ S-MUONLINE ][SP][0]\SOURCE\GETMAININFO\GETMAININFO\PREMIUM\CUSTOMJEWEL.OBJ
D:\[ S-MUONLINE ][SP][0]\SOURCE\GETMAININFO\GETMAININFO\PREMIUM\CUSTOMMAP.OBJ
D:\[ S-MUONLINE ][SP][0]\SOURCE\GETMAININFO\GETMAININFO\PREMIUM\CUSTOMMESSAGE.OBJ
D:\[ S-MUONLINE ][SP][0]\SOURCE\GETMAININFO\GETMAININFO\PREMIUM\CUSTOMMONSTER.OBJ
D:\[ S-MUONLINE ][SP][0]\SOURCE\GETMAININFO\GETMAININFO\PREMIUM\CUSTOMMONSTERGLOW.OBJ
D:\[ S-MUONLINE ][SP][0]\SOURCE\GETMAININFO\GETMAININFO\PREMIUM\CUSTOMNPCNAME.OBJ
D:\[ S-MUONLINE ][SP][0]\SOURCE\GETMAININFO\GETMAININFO\PREMIUM\CUSTOMPET.OBJ
D:\[ S-MUONLINE ][SP][0]\SOURCE\GETMAININFO\GETMAININFO\PREMIUM\CUSTOMPETEFFECT.OBJ
D:\[ S-MUONLINE ][SP][0]\SOURCE\GETMAININFO\GETMAININFO\PREMIUM\CUSTOMWING.OBJ
D:\[ S-MUONLINE ][SP][0]\SOURCE\GETMAININFO\GETMAININFO\PREMIUM\CUSTOMWINGEFFECT.OBJ
D:\[ S-MUONLINE ][SP][0]\SOURCE\GETMAININFO\GETMAININFO\PREMIUM\FOG.OBJ
D:\[ S-MUONLINE ][SP][0]\SOURCE\GETMAININFO\GETMAININFO\PREMIUM\GETMAININFO.OBJ
D:\[ S-MUONLINE ][SP][0]\SOURCE\GETMAININFO\GETMAININFO\PREMIUM\GETMAININFO.RES
D:\[ S-MUONLINE ][SP][0]\SOURCE\GETMAININFO\GETMAININFO\PREMIUM\GETMAININFO-PREMIUM.EXE.INTERMEDIATE.MANIFEST
D:\[ S-MUONLINE ][SP][0]\SOURCE\GETMAININFO\GETMAININFO\PREMIUM\GETMAININFO-PREMIUM.PCH
D:\[ S-MUONLINE ][SP][0]\SOURCE\GETMAININFO\GETMAININFO\PREMIUM\INFOLOG.OBJ
D:\[ S-MUONLINE ][SP][0]\SOURCE\GETMAININFO\GETMAININFO\PREMIUM\ITEMMANAGER.OBJ
D:\[ S-MUONLINE ][SP][0]\SOURCE\GETMAININFO\GETMAININFO\PREMIUM\ITEMVALUE.OBJ
D:\[ S-MuOnline ][SP][0]\Source\GetMainInfo\GetMainInfo\PREMIUM\link.command.1.tlog
D:\[ S-MuOnline ][SP][0]\Source\GetMainInfo\GetMainInfo\PREMIUM\link.read.1.tlog
D:\[ S-MuOnline ][SP][0]\Source\GetMainInfo\GetMainInfo\PREMIUM\link.write.1.tlog
D:\[ S-MuOnline ][SP][0]\Source\GetMainInfo\GetMainInfo\PREMIUM\link-cvtres.read.1.tlog
D:\[ S-MuOnline ][SP][0]\Source\GetMainInfo\GetMainInfo\PREMIUM\link-cvtres.write.1.tlog
D:\[ S-MUONLINE ][SP][0]\SOURCE\GETMAININFO\GETMAININFO\PREMIUM\MEMSCRIPT.OBJ
D:\[ S-MUONLINE ][SP][0]\SOURCE\GETMAININFO\GETMAININFO\PREMIUM\MODELEFFECT.OBJ
D:\[ S-MUONLINE ][SP][0]\SOURCE\GETMAININFO\GETMAININFO\PREMIUM\MONSTER.OBJ
D:\[ S-MuOnline ][SP][0]\Source\GetMainInfo\GetMainInfo\PREMIUM\mt.command.1.tlog
D:\[ S-MuOnline ][SP][0]\Source\GetMainInfo\GetMainInfo\PREMIUM\mt.read.1.tlog
D:\[ S-MuOnline ][SP][0]\Source\GetMainInfo\GetMainInfo\PREMIUM\mt.write.1.tlog
D:\[ S-MuOnline ][SP][0]\Source\GetMainInfo\GetMainInfo\PREMIUM\rc.command.1.tlog
D:\[ S-MuOnline ][SP][0]\Source\GetMainInfo\GetMainInfo\PREMIUM\rc.read.1.tlog
D:\[ S-MuOnline ][SP][0]\Source\GetMainInfo\GetMainInfo\PREMIUM\rc.write.1.tlog
D:\[ S-MUONLINE ][SP][0]\SOURCE\GETMAININFO\GETMAININFO\PREMIUM\SMOKEEFFECT.OBJ
D:\[ S-MUONLINE ][SP][0]\SOURCE\GETMAININFO\GETMAININFO\PREMIUM\STDAFX.OBJ
D:\[ S-MUONLINE ][SP][0]\SOURCE\GETMAININFO\GETMAININFO\PREMIUM\VC100.PDB
D:\[ S-MUONLINE ][SP][0]\SOURCE\GETMAININFO\RELEASE\GETMAININFO-PREMIUM.EXE
D:\[ S-MUONLINE ][SP][0]\SOURCE\GETMAININFO\RELEASE\GETMAININFO-PREMIUM.PDB
