Build started 29.11.2020 15:25:40.
     1>Project "d:\[My Project]\Source\My\GameGuard\GameGuard GetClientInfo\GetClientInfo\GetClientInfo.vcxproj" on node 2 (Rebuild target(s)).
     1>ClCompile:
         C:\Program Files (x86)\Microsoft Visual Studio 12.0\VC\bin\CL.exe /c /Zi /nologo /W0 /WX- /O2 /Oi /Oy- /GL /D WIN32 /D NDEBUG /D _CONSOLE /D _MBCS /Gm- /EHsc /MD /GS /Gy /fp:precise /Zc:wchar_t /Zc:forScope /Yc"stdafx.h" /Fp"Release\GameGuardInfo.pch" /Fo"Release\\" /Fd"Release\vc120.pdb" /Gd /TP /analyze- /errorReport:prompt stdafx.cpp
         stdafx.cpp
         C:\Program Files (x86)\Microsoft Visual Studio 12.0\VC\bin\CL.exe /c /Zi /nologo /W0 /WX- /O2 /Oi /Oy- /GL /D WIN32 /D NDEBUG /D _CONSOLE /D _MBCS /Gm- /EHsc /MD /GS /Gy /fp:precise /Zc:wchar_t /Zc:forScope /Yu"stdafx.h" /Fp"Release\GameGuardInfo.pch" /Fo"Release\\" /Fd"Release\vc120.pdb" /Gd /TP /analyze- /errorReport:prompt CCRC32.Cpp GetClientInfo.cpp MemScript.cpp Message.cpp
         CCRC32.Cpp
         GetClientInfo.cpp
         MemScript.cpp
         Message.cpp
       ResourceCompile:
         C:\Program Files (x86)\Windows Kits\8.1\bin\x86\rc.exe /l"0x0409" /nologo /fo"Release\GetMainInfo.res" GetMainInfo.rc 
       Link:
         C:\Program Files (x86)\Microsoft Visual Studio 12.0\VC\bin\link.exe /ERRORREPORT:PROMPT /OUT:"D:\[My Project]\Source\My\GameGuard\GameGuard GetClientInfo\Release\GameGuardInfo.exe" /INCREMENTAL:NO /NOLOGO kernel32.lib user32.lib gdi32.lib winspool.lib comdlg32.lib advapi32.lib shell32.lib ole32.lib oleaut32.lib uuid.lib odbc32.lib odbccp32.lib /MANIFEST /MANIFESTUAC:"level='asInvoker' uiAccess='false'" /manifest:embed /DEBUG /PDB:"D:\[My Project]\Source\My\GameGuard\GameGuard GetClientInfo\Release\GameGuardInfo.pdb" /SUBSYSTEM:CONSOLE /OPT:REF /OPT:ICF /LTCG /TLBID:1 /DYNAMICBASE /NXCOMPAT /IMPLIB:"D:\[My Project]\Source\My\GameGuard\GameGuard GetClientInfo\Release\GameGuardInfo.lib" /MACHINE:X86 /SAFESEH Release\GetMainInfo.res
         Release\CCRC32.obj
         Release\GetClientInfo.obj
         Release\MemScript.obj
         Release\Message.obj
         Release\stdafx.obj
         Generating code
         Finished generating code
         GetClientInfo.vcxproj -> D:\[My Project]\Source\My\GameGuard\GameGuard GetClientInfo\Release\GameGuardInfo.exe
     1>Done Building Project "d:\[My Project]\Source\My\GameGuard\GameGuard GetClientInfo\GetClientInfo\GetClientInfo.vcxproj" (Rebuild target(s)).

Build succeeded.

Time Elapsed 00:00:01.59
