D:\[ S-MuOnline ][SP][1][X]\Source\Server\GameServer\GameServer\Release\GameServer_EX603\380ItemOption.obj
D:\[ S-MuOnline ][SP][1][X]\Source\Server\GameServer\GameServer\Release\GameServer_EX603\380ItemType.obj
D:\[ S-MuOnline ][SP][1][X]\Source\Server\GameServer\GameServer\Release\GameServer_EX603\Achievements.obj
D:\[ S-MuOnline ][SP][1][X]\Source\Server\GameServer\GameServer\Release\GameServer_EX603\ArcaBattle.obj
D:\[ S-MuOnline ][SP][1][X]\Source\Server\GameServer\GameServer\Release\GameServer_EX603\Attack.obj
D:\[ S-MuOnline ][SP][1][X]\Source\Server\GameServer\GameServer\Release\GameServer_EX603\BattleGround.obj
D:\[ S-MuOnline ][SP][1][X]\Source\Server\GameServer\GameServer\Release\GameServer_EX603\BattleSoccer.obj
D:\[ S-MuOnline ][SP][1][X]\Source\Server\GameServer\GameServer\Release\GameServer_EX603\BattleSoccerManager.obj
D:\[ S-MuOnline ][SP][1][X]\Source\Server\GameServer\GameServer\Release\GameServer_EX603\BCustomItemBank.obj
D:\[ S-MuOnline ][SP][1][X]\Source\Server\GameServer\GameServer\Release\GameServer_EX603\BloodCastle.obj
D:\[ S-MuOnline ][SP][1][X]\Source\Server\GameServer\GameServer\Release\GameServer_EX603\BonusManager.obj
D:\[ S-MuOnline ][SP][1][X]\Source\Server\GameServer\GameServer\Release\GameServer_EX603\BotBuffer.obj
D:\[ S-MuOnline ][SP][1][X]\Source\Server\GameServer\GameServer\Release\GameServer_EX603\CannonTower.obj
D:\[ S-MuOnline ][SP][1][X]\Source\Server\GameServer\GameServer\Release\GameServer_EX603\CashShop.obj
D:\[ S-MuOnline ][SP][1][X]\Source\Server\GameServer\GameServer\Release\GameServer_EX603\CastleDeep.obj
D:\[ S-MuOnline ][SP][1][X]\Source\Server\GameServer\GameServer\Release\GameServer_EX603\CastleSiege.obj
D:\[ S-MuOnline ][SP][1][X]\Source\Server\GameServer\GameServer\Release\GameServer_EX603\CastleSiegeCrown.obj
D:\[ S-MuOnline ][SP][1][X]\Source\Server\GameServer\GameServer\Release\GameServer_EX603\CastleSiegeCrownSwitch.obj
D:\[ S-MuOnline ][SP][1][X]\Source\Server\GameServer\GameServer\Release\GameServer_EX603\CastleSiegeSync.obj
D:\[ S-MuOnline ][SP][1][X]\Source\Server\GameServer\GameServer\Release\GameServer_EX603\CastleSiegeWeapon.obj
D:\[ S-MuOnline ][SP][1][X]\Source\Server\GameServer\GameServer\Release\GameServer_EX603\CCRC32.obj
D:\[ S-MuOnline ][SP][1][X]\Source\Server\GameServer\GameServer\Release\GameServer_EX603\ChangeClass.obj
D:\[ S-MuOnline ][SP][1][X]\Source\Server\GameServer\GameServer\Release\GameServer_EX603\ChaosBox.obj
D:\[ S-MuOnline ][SP][1][X]\Source\Server\GameServer\GameServer\Release\GameServer_EX603\ChaosCastle.obj
D:\[ S-MuOnline ][SP][1][X]\Source\Server\GameServer\GameServer\Release\GameServer_EX603\cl.command.1.tlog
D:\[ S-MuOnline ][SP][1][X]\Source\Server\GameServer\GameServer\Release\GameServer_EX603\CL.read.1.tlog
D:\[ S-MuOnline ][SP][1][X]\Source\Server\GameServer\GameServer\Release\GameServer_EX603\CL.write.1.tlog
D:\[ S-MuOnline ][SP][1][X]\Source\Server\GameServer\GameServer\Release\GameServer_EX603\ComboSkill.obj
D:\[ S-MuOnline ][SP][1][X]\Source\Server\GameServer\GameServer\Release\GameServer_EX603\Command.obj
D:\[ S-MuOnline ][SP][1][X]\Source\Server\GameServer\GameServer\Release\GameServer_EX603\CommandManager.obj
D:\[ S-MuOnline ][SP][1][X]\Source\Server\GameServer\GameServer\Release\GameServer_EX603\Connection.obj
D:\[ S-MuOnline ][SP][1][X]\Source\Server\GameServer\GameServer\Release\GameServer_EX603\CriticalSection.obj
D:\[ S-MuOnline ][SP][1][X]\Source\Server\GameServer\GameServer\Release\GameServer_EX603\Crywolf.obj
D:\[ S-MuOnline ][SP][1][X]\Source\Server\GameServer\GameServer\Release\GameServer_EX603\CrywolfAltar.obj
D:\[ S-MuOnline ][SP][1][X]\Source\Server\GameServer\GameServer\Release\GameServer_EX603\CrywolfObjInfo.obj
D:\[ S-MuOnline ][SP][1][X]\Source\Server\GameServer\GameServer\Release\GameServer_EX603\CrywolfStateTimeInfo.obj
D:\[ S-MuOnline ][SP][1][X]\Source\Server\GameServer\GameServer\Release\GameServer_EX603\CrywolfStatue.obj
D:\[ S-MuOnline ][SP][1][X]\Source\Server\GameServer\GameServer\Release\GameServer_EX603\CrywolfSync.obj
D:\[ S-MuOnline ][SP][1][X]\Source\Server\GameServer\GameServer\Release\GameServer_EX603\CrywolfUtil.obj
D:\[ S-MuOnline ][SP][1][X]\Source\Server\GameServer\GameServer\Release\GameServer_EX603\CSProtocol.obj
D:\[ S-MuOnline ][SP][1][X]\Source\Server\GameServer\GameServer\Release\GameServer_EX603\CustomArena.obj
D:\[ S-MuOnline ][SP][1][X]\Source\Server\GameServer\GameServer\Release\GameServer_EX603\CustomAttack.obj
D:\[ S-MuOnline ][SP][1][X]\Source\Server\GameServer\GameServer\Release\GameServer_EX603\CustomBuyVip.obj
D:\[ S-MuOnline ][SP][1][X]\Source\Server\GameServer\GameServer\Release\GameServer_EX603\CustomCombo.obj
D:\[ S-MuOnline ][SP][1][X]\Source\Server\GameServer\GameServer\Release\GameServer_EX603\CustomCommandDescription.obj
D:\[ S-MuOnline ][SP][1][X]\Source\Server\GameServer\GameServer\Release\GameServer_EX603\CustomDeathMessage.obj
D:\[ S-MuOnline ][SP][1][X]\Source\Server\GameServer\GameServer\Release\GameServer_EX603\CustomEventDrop.obj
D:\[ S-MuOnline ][SP][1][X]\Source\Server\GameServer\GameServer\Release\GameServer_EX603\CustomEventTime.obj
D:\[ S-MuOnline ][SP][1][X]\Source\Server\GameServer\GameServer\Release\GameServer_EX603\CustomJewel.obj
D:\[ S-MuOnline ][SP][1][X]\Source\Server\GameServer\GameServer\Release\GameServer_EX603\CustomMix.obj
D:\[ S-MuOnline ][SP][1][X]\Source\Server\GameServer\GameServer\Release\GameServer_EX603\CustomMonster.obj
D:\[ S-MuOnline ][SP][1][X]\Source\Server\GameServer\GameServer\Release\GameServer_EX603\CustomMonsterSkill.obj
D:\[ S-MuOnline ][SP][1][X]\Source\Server\GameServer\GameServer\Release\GameServer_EX603\CustomMove.obj
D:\[ S-MuOnline ][SP][1][X]\Source\Server\GameServer\GameServer\Release\GameServer_EX603\CustomNpcCollector.obj
D:\[ S-MuOnline ][SP][1][X]\Source\Server\GameServer\GameServer\Release\GameServer_EX603\CustomNpcCommand.obj
D:\[ S-MuOnline ][SP][1][X]\Source\Server\GameServer\GameServer\Release\GameServer_EX603\CustomNpcMove.obj
D:\[ S-MuOnline ][SP][1][X]\Source\Server\GameServer\GameServer\Release\GameServer_EX603\CustomNpcQuest.obj
D:\[ S-MuOnline ][SP][1][X]\Source\Server\GameServer\GameServer\Release\GameServer_EX603\CustomOnlineLottery.obj
D:\[ S-MuOnline ][SP][1][X]\Source\Server\GameServer\GameServer\Release\GameServer_EX603\CustomPet.obj
D:\[ S-MuOnline ][SP][1][X]\Source\Server\GameServer\GameServer\Release\GameServer_EX603\CustomPick.obj
D:\[ S-MuOnline ][SP][1][X]\Source\Server\GameServer\GameServer\Release\GameServer_EX603\CustomPKFree.obj
D:\[ S-MuOnline ][SP][1][X]\Source\Server\GameServer\GameServer\Release\GameServer_EX603\CustomPvPForCoord.obj
D:\[ S-MuOnline ][SP][1][X]\Source\Server\GameServer\GameServer\Release\GameServer_EX603\CustomQuest.obj
D:\[ S-MuOnline ][SP][1][X]\Source\Server\GameServer\GameServer\Release\GameServer_EX603\CustomQuiz.obj
D:\[ S-MuOnline ][SP][1][X]\Source\Server\GameServer\GameServer\Release\GameServer_EX603\CustomRanking.obj
D:\[ S-MuOnline ][SP][1][X]\Source\Server\GameServer\GameServer\Release\GameServer_EX603\CustomRankUser.obj
D:\[ S-MuOnline ][SP][1][X]\Source\Server\GameServer\GameServer\Release\GameServer_EX603\CustomStartItem.obj
D:\[ S-MuOnline ][SP][1][X]\Source\Server\GameServer\GameServer\Release\GameServer_EX603\CustomStore.obj
D:\[ S-MuOnline ][SP][1][X]\Source\Server\GameServer\GameServer\Release\GameServer_EX603\CustomTop.obj
D:\[ S-MuOnline ][SP][1][X]\Source\Server\GameServer\GameServer\Release\GameServer_EX603\CustomWing.obj
D:\[ S-MuOnline ][SP][1][X]\Source\Server\GameServer\GameServer\Release\GameServer_EX603\CustomWingMix.obj
D:\[ S-MuOnline ][SP][1][X]\Source\Server\GameServer\GameServer\Release\GameServer_EX603\DailyReward.obj
D:\[ S-MuOnline ][SP][1][X]\Source\Server\GameServer\GameServer\Release\GameServer_EX603\DarkSpirit.obj
D:\[ S-MuOnline ][SP][1][X]\Source\Server\GameServer\GameServer\Release\GameServer_EX603\DefaultClassInfo.obj
D:\[ S-MuOnline ][SP][1][X]\Source\Server\GameServer\GameServer\Release\GameServer_EX603\DevilSquare.obj
D:\[ S-MuOnline ][SP][1][X]\Source\Server\GameServer\GameServer\Release\GameServer_EX603\DoubleGoer.obj
D:\[ S-MuOnline ][SP][1][X]\Source\Server\GameServer\GameServer\Release\GameServer_EX603\DropReward.obj
D:\[ S-MuOnline ][SP][1][X]\Source\Server\GameServer\GameServer\Release\GameServer_EX603\DSProtocol.obj
D:\[ S-MuOnline ][SP][1][X]\Source\Server\GameServer\GameServer\Release\GameServer_EX603\Duel.obj
D:\[ S-MuOnline ][SP][1][X]\Source\Server\GameServer\GameServer\Release\GameServer_EX603\Effect.obj
D:\[ S-MuOnline ][SP][1][X]\Source\Server\GameServer\GameServer\Release\GameServer_EX603\EffectManager.obj
D:\[ S-MuOnline ][SP][1][X]\Source\Server\GameServer\GameServer\Release\GameServer_EX603\ESProtocol.obj
D:\[ S-MuOnline ][SP][1][X]\Source\Server\GameServer\GameServer\Release\GameServer_EX603\EventHideAndSeek.obj
D:\[ S-MuOnline ][SP][1][X]\Source\Server\GameServer\GameServer\Release\GameServer_EX603\EventInventory.obj
D:\[ S-MuOnline ][SP][1][X]\Source\Server\GameServer\GameServer\Release\GameServer_EX603\EventKillAll.obj
D:\[ S-MuOnline ][SP][1][X]\Source\Server\GameServer\GameServer\Release\GameServer_EX603\EventPvP.obj
D:\[ S-MuOnline ][SP][1][X]\Source\Server\GameServer\GameServer\Release\GameServer_EX603\EventQuickly.obj
D:\[ S-MuOnline ][SP][1][X]\Source\Server\GameServer\GameServer\Release\GameServer_EX603\EventRunAndCatch.obj
D:\[ S-MuOnline ][SP][1][X]\Source\Server\GameServer\GameServer\Release\GameServer_EX603\EventRussianRoulette.obj
D:\[ S-MuOnline ][SP][1][X]\Source\Server\GameServer\GameServer\Release\GameServer_EX603\EventStart.obj
D:\[ S-MuOnline ][SP][1][X]\Source\Server\GameServer\GameServer\Release\GameServer_EX603\EventTvT.obj
D:\[ S-MuOnline ][SP][1][X]\Source\Server\GameServer\GameServer\Release\GameServer_EX603\ExperienceTable.obj
D:\[ S-MuOnline ][SP][1][X]\Source\Server\GameServer\GameServer\Release\GameServer_EX603\ExWinQuestSystem.obj
D:\[ S-MuOnline ][SP][1][X]\Source\Server\GameServer\GameServer\Release\GameServer_EX603\Filter.obj
D:\[ S-MuOnline ][SP][1][X]\Source\Server\GameServer\GameServer\Release\GameServer_EX603\FilterRaname.obj
D:\[ S-MuOnline ][SP][1][X]\Source\Server\GameServer\GameServer\Release\GameServer_EX603\FlyingDragons.obj
D:\[ S-MuOnline ][SP][1][X]\Source\Server\GameServer\GameServer\Release\GameServer_EX603\Fruit.obj
D:\[ S-MuOnline ][SP][1][X]\Source\Server\GameServer\GameServer\Release\GameServer_EX603\GameMain.obj
D:\[ S-MuOnline ][SP][1][X]\Source\Server\GameServer\GameServer\Release\GameServer_EX603\GameMaster.obj
D:\[ S-MuOnline ][SP][1][X]\Source\Server\GameServer\GameServer\Release\GameServer_EX603\GameServer.exe.intermediate.manifest
D:\[ S-MuOnline ][SP][1][X]\Source\Server\GameServer\GameServer\Release\GameServer_EX603\GameServer.obj
D:\[ S-MuOnline ][SP][1][X]\Source\Server\GameServer\GameServer\Release\GameServer_EX603\GameServer.pch
D:\[ S-MuOnline ][SP][1][X]\Source\Server\GameServer\GameServer\Release\GameServer_EX603\GameServer.res
D:\[ S-MuOnline ][SP][1][X]\Source\Server\GameServer\GameServer\Release\GameServer_EX603\Gate.obj
D:\[ S-MuOnline ][SP][1][X]\Source\Server\GameServer\GameServer\Release\GameServer_EX603\GensSystem.obj
D:\[ S-MuOnline ][SP][1][X]\Source\Server\GameServer\GameServer\Release\GameServer_EX603\GrandResetSystem.obj
D:\[ S-MuOnline ][SP][1][X]\Source\Server\GameServer\GameServer\Release\GameServer_EX603\GuardianStatue.obj
D:\[ S-MuOnline ][SP][1][X]\Source\Server\GameServer\GameServer\Release\GameServer_EX603\Guild.obj
D:\[ S-MuOnline ][SP][1][X]\Source\Server\GameServer\GameServer\Release\GameServer_EX603\GuildClass.obj
D:\[ S-MuOnline ][SP][1][X]\Source\Server\GameServer\GameServer\Release\GameServer_EX603\GuildMatching.obj
D:\[ S-MuOnline ][SP][1][X]\Source\Server\GameServer\GameServer\Release\GameServer_EX603\HackCheck.obj
D:\[ S-MuOnline ][SP][1][X]\Source\Server\GameServer\GameServer\Release\GameServer_EX603\HackPacketCheck.obj
D:\[ S-MuOnline ][SP][1][X]\Source\Server\GameServer\GameServer\Release\GameServer_EX603\HackSkillCheck.obj
D:\[ S-MuOnline ][SP][1][X]\Source\Server\GameServer\GameServer\Release\GameServer_EX603\Helper.obj
D:\[ S-MuOnline ][SP][1][X]\Source\Server\GameServer\GameServer\Release\GameServer_EX603\HwidManager.obj
D:\[ S-MuOnline ][SP][1][X]\Source\Server\GameServer\GameServer\Release\GameServer_EX603\IllusionTemple.obj
D:\[ S-MuOnline ][SP][1][X]\Source\Server\GameServer\GameServer\Release\GameServer_EX603\ImperialGuardian.obj
D:\[ S-MuOnline ][SP][1][X]\Source\Server\GameServer\GameServer\Release\GameServer_EX603\InvasionManager.obj
D:\[ S-MuOnline ][SP][1][X]\Source\Server\GameServer\GameServer\Release\GameServer_EX603\InventoryEquipment.obj
D:\[ S-MuOnline ][SP][1][X]\Source\Server\GameServer\GameServer\Release\GameServer_EX603\IpManager.obj
D:\[ S-MuOnline ][SP][1][X]\Source\Server\GameServer\GameServer\Release\GameServer_EX603\Item.obj
D:\[ S-MuOnline ][SP][1][X]\Source\Server\GameServer\GameServer\Release\GameServer_EX603\ItemBag.obj
D:\[ S-MuOnline ][SP][1][X]\Source\Server\GameServer\GameServer\Release\GameServer_EX603\ItemBagEx.obj
D:\[ S-MuOnline ][SP][1][X]\Source\Server\GameServer\GameServer\Release\GameServer_EX603\ItemBagManager.obj
D:\[ S-MuOnline ][SP][1][X]\Source\Server\GameServer\GameServer\Release\GameServer_EX603\ItemDrop.obj
D:\[ S-MuOnline ][SP][1][X]\Source\Server\GameServer\GameServer\Release\GameServer_EX603\ItemLevel.obj
D:\[ S-MuOnline ][SP][1][X]\Source\Server\GameServer\GameServer\Release\GameServer_EX603\ItemManager.obj
D:\[ S-MuOnline ][SP][1][X]\Source\Server\GameServer\GameServer\Release\GameServer_EX603\ItemMove.obj
D:\[ S-MuOnline ][SP][1][X]\Source\Server\GameServer\GameServer\Release\GameServer_EX603\ItemOption.obj
D:\[ S-MuOnline ][SP][1][X]\Source\Server\GameServer\GameServer\Release\GameServer_EX603\ItemOptionRate.obj
D:\[ S-MuOnline ][SP][1][X]\Source\Server\GameServer\GameServer\Release\GameServer_EX603\ItemStack.obj
D:\[ S-MuOnline ][SP][1][X]\Source\Server\GameServer\GameServer\Release\GameServer_EX603\ItemValue.obj
D:\[ S-MuOnline ][SP][1][X]\Source\Server\GameServer\GameServer\Release\GameServer_EX603\ItemValueTrade.obj
D:\[ S-MuOnline ][SP][1][X]\Source\Server\GameServer\GameServer\Release\GameServer_EX603\JewelMix.obj
D:\[ S-MuOnline ][SP][1][X]\Source\Server\GameServer\GameServer\Release\GameServer_EX603\JewelOfHarmonyOption.obj
D:\[ S-MuOnline ][SP][1][X]\Source\Server\GameServer\GameServer\Release\GameServer_EX603\JewelOfHarmonyType.obj
D:\[ S-MuOnline ][SP][1][X]\Source\Server\GameServer\GameServer\Release\GameServer_EX603\JSProtocol.obj
D:\[ S-MuOnline ][SP][1][X]\Source\Server\GameServer\GameServer\Release\GameServer_EX603\Kalima.obj
D:\[ S-MuOnline ][SP][1][X]\Source\Server\GameServer\GameServer\Release\GameServer_EX603\Kanturu.obj
D:\[ S-MuOnline ][SP][1][X]\Source\Server\GameServer\GameServer\Release\GameServer_EX603\KanturuBattleOfMaya.obj
D:\[ S-MuOnline ][SP][1][X]\Source\Server\GameServer\GameServer\Release\GameServer_EX603\KanturuBattleOfNightmare.obj
D:\[ S-MuOnline ][SP][1][X]\Source\Server\GameServer\GameServer\Release\GameServer_EX603\KanturuBattleStanby.obj
D:\[ S-MuOnline ][SP][1][X]\Source\Server\GameServer\GameServer\Release\GameServer_EX603\KanturuBattleUserMng.obj
D:\[ S-MuOnline ][SP][1][X]\Source\Server\GameServer\GameServer\Release\GameServer_EX603\KanturuEntranceNPC.obj
D:\[ S-MuOnline ][SP][1][X]\Source\Server\GameServer\GameServer\Release\GameServer_EX603\KanturuMaya.obj
D:\[ S-MuOnline ][SP][1][X]\Source\Server\GameServer\GameServer\Release\GameServer_EX603\KanturuMonsterMng.obj
D:\[ S-MuOnline ][SP][1][X]\Source\Server\GameServer\GameServer\Release\GameServer_EX603\KanturuObjInfo.obj
D:\[ S-MuOnline ][SP][1][X]\Source\Server\GameServer\GameServer\Release\GameServer_EX603\KanturuStateInfo.obj
D:\[ S-MuOnline ][SP][1][X]\Source\Server\GameServer\GameServer\Release\GameServer_EX603\KanturuTowerOfRefinement.obj
D:\[ S-MuOnline ][SP][1][X]\Source\Server\GameServer\GameServer\Release\GameServer_EX603\KanturuUtil.obj
D:\[ S-MuOnline ][SP][1][X]\Source\Server\GameServer\GameServer\Release\GameServer_EX603\LifeStone.obj
D:\[ S-MuOnline ][SP][1][X]\Source\Server\GameServer\GameServer\Release\GameServer_EX603\link.command.1.tlog
D:\[ S-MuOnline ][SP][1][X]\Source\Server\GameServer\GameServer\Release\GameServer_EX603\link.read.1.tlog
D:\[ S-MuOnline ][SP][1][X]\Source\Server\GameServer\GameServer\Release\GameServer_EX603\link.write.1.tlog
D:\[ S-MuOnline ][SP][1][X]\Source\Server\GameServer\GameServer\Release\GameServer_EX603\link-cvtres.read.1.tlog
D:\[ S-MuOnline ][SP][1][X]\Source\Server\GameServer\GameServer\Release\GameServer_EX603\link-cvtres.write.1.tlog
D:\[ S-MuOnline ][SP][1][X]\Source\Server\GameServer\GameServer\Release\GameServer_EX603\Log.obj
D:\[ S-MuOnline ][SP][1][X]\Source\Server\GameServer\GameServer\Release\GameServer_EX603\LuaFuction.obj
D:\[ S-MuOnline ][SP][1][X]\Source\Server\GameServer\GameServer\Release\GameServer_EX603\LuaScript.obj
D:\[ S-MuOnline ][SP][1][X]\Source\Server\GameServer\GameServer\Release\GameServer_EX603\LuckyCoin.obj
D:\[ S-MuOnline ][SP][1][X]\Source\Server\GameServer\GameServer\Release\GameServer_EX603\LuckyItem.obj
D:\[ S-MuOnline ][SP][1][X]\Source\Server\GameServer\GameServer\Release\GameServer_EX603\Map.obj
D:\[ S-MuOnline ][SP][1][X]\Source\Server\GameServer\GameServer\Release\GameServer_EX603\MapItem.obj
D:\[ S-MuOnline ][SP][1][X]\Source\Server\GameServer\GameServer\Release\GameServer_EX603\MapManager.obj
D:\[ S-MuOnline ][SP][1][X]\Source\Server\GameServer\GameServer\Release\GameServer_EX603\MapPath.obj
D:\[ S-MuOnline ][SP][1][X]\Source\Server\GameServer\GameServer\Release\GameServer_EX603\MapServerManager.obj
D:\[ S-MuOnline ][SP][1][X]\Source\Server\GameServer\GameServer\Release\GameServer_EX603\MasterSkillTree.obj
D:\[ S-MuOnline ][SP][1][X]\Source\Server\GameServer\GameServer\Release\GameServer_EX603\Math.obj
D:\[ S-MuOnline ][SP][1][X]\Source\Server\GameServer\GameServer\Release\GameServer_EX603\MemoryAllocator.obj
D:\[ S-MuOnline ][SP][1][X]\Source\Server\GameServer\GameServer\Release\GameServer_EX603\MemoryAllocatorInfo.obj
D:\[ S-MuOnline ][SP][1][X]\Source\Server\GameServer\GameServer\Release\GameServer_EX603\MemScript.obj
D:\[ S-MuOnline ][SP][1][X]\Source\Server\GameServer\GameServer\Release\GameServer_EX603\Mercenary.obj
D:\[ S-MuOnline ][SP][1][X]\Source\Server\GameServer\GameServer\Release\GameServer_EX603\Message.obj
D:\[ S-MuOnline ][SP][1][X]\Source\Server\GameServer\GameServer\Release\GameServer_EX603\MiniDump.obj
D:\[ S-MuOnline ][SP][1][X]\Source\Server\GameServer\GameServer\Release\GameServer_EX603\MiniMap.obj
D:\[ S-MuOnline ][SP][1][X]\Source\Server\GameServer\GameServer\Release\GameServer_EX603\MiningSystem.obj
D:\[ S-MuOnline ][SP][1][X]\Source\Server\GameServer\GameServer\Release\GameServer_EX603\Monster.obj
D:\[ S-MuOnline ][SP][1][X]\Source\Server\GameServer\GameServer\Release\GameServer_EX603\MonsterAI.obj
D:\[ S-MuOnline ][SP][1][X]\Source\Server\GameServer\GameServer\Release\GameServer_EX603\MonsterAIAgro.obj
D:\[ S-MuOnline ][SP][1][X]\Source\Server\GameServer\GameServer\Release\GameServer_EX603\MonsterAIAutomata.obj
D:\[ S-MuOnline ][SP][1][X]\Source\Server\GameServer\GameServer\Release\GameServer_EX603\MonsterAIAutomataInfo.obj
D:\[ S-MuOnline ][SP][1][X]\Source\Server\GameServer\GameServer\Release\GameServer_EX603\MonsterAIElement.obj
D:\[ S-MuOnline ][SP][1][X]\Source\Server\GameServer\GameServer\Release\GameServer_EX603\MonsterAIElementInfo.obj
D:\[ S-MuOnline ][SP][1][X]\Source\Server\GameServer\GameServer\Release\GameServer_EX603\MonsterAIGroup.obj
D:\[ S-MuOnline ][SP][1][X]\Source\Server\GameServer\GameServer\Release\GameServer_EX603\MonsterAIGroupMember.obj
D:\[ S-MuOnline ][SP][1][X]\Source\Server\GameServer\GameServer\Release\GameServer_EX603\MonsterAIMovePath.obj
D:\[ S-MuOnline ][SP][1][X]\Source\Server\GameServer\GameServer\Release\GameServer_EX603\MonsterAIMovePathInfo.obj
D:\[ S-MuOnline ][SP][1][X]\Source\Server\GameServer\GameServer\Release\GameServer_EX603\MonsterAIRule.obj
D:\[ S-MuOnline ][SP][1][X]\Source\Server\GameServer\GameServer\Release\GameServer_EX603\MonsterAIRuleInfo.obj
D:\[ S-MuOnline ][SP][1][X]\Source\Server\GameServer\GameServer\Release\GameServer_EX603\MonsterAIState.obj
D:\[ S-MuOnline ][SP][1][X]\Source\Server\GameServer\GameServer\Release\GameServer_EX603\MonsterAIUnit.obj
D:\[ S-MuOnline ][SP][1][X]\Source\Server\GameServer\GameServer\Release\GameServer_EX603\MonsterAIUnitInfo.obj
D:\[ S-MuOnline ][SP][1][X]\Source\Server\GameServer\GameServer\Release\GameServer_EX603\MonsterAIUtil.obj
D:\[ S-MuOnline ][SP][1][X]\Source\Server\GameServer\GameServer\Release\GameServer_EX603\MonsterManager.obj
D:\[ S-MuOnline ][SP][1][X]\Source\Server\GameServer\GameServer\Release\GameServer_EX603\MonsterReward.obj
D:\[ S-MuOnline ][SP][1][X]\Source\Server\GameServer\GameServer\Release\GameServer_EX603\MonsterSetBase.obj
D:\[ S-MuOnline ][SP][1][X]\Source\Server\GameServer\GameServer\Release\GameServer_EX603\MonsterSkillElement.obj
D:\[ S-MuOnline ][SP][1][X]\Source\Server\GameServer\GameServer\Release\GameServer_EX603\MonsterSkillElementInfo.obj
D:\[ S-MuOnline ][SP][1][X]\Source\Server\GameServer\GameServer\Release\GameServer_EX603\MonsterSkillElementOption.obj
D:\[ S-MuOnline ][SP][1][X]\Source\Server\GameServer\GameServer\Release\GameServer_EX603\MonsterSkillInfo.obj
D:\[ S-MuOnline ][SP][1][X]\Source\Server\GameServer\GameServer\Release\GameServer_EX603\MonsterSkillManager.obj
D:\[ S-MuOnline ][SP][1][X]\Source\Server\GameServer\GameServer\Release\GameServer_EX603\MonsterSkillUnit.obj
D:\[ S-MuOnline ][SP][1][X]\Source\Server\GameServer\GameServer\Release\GameServer_EX603\MonsterSkillUnitInfo.obj
D:\[ S-MuOnline ][SP][1][X]\Source\Server\GameServer\GameServer\Release\GameServer_EX603\MossMerchant.obj
D:\[ S-MuOnline ][SP][1][X]\Source\Server\GameServer\GameServer\Release\GameServer_EX603\Move.obj
D:\[ S-MuOnline ][SP][1][X]\Source\Server\GameServer\GameServer\Release\GameServer_EX603\MoveSummon.obj
D:\[ S-MuOnline ][SP][1][X]\Source\Server\GameServer\GameServer\Release\GameServer_EX603\mt.command.1.tlog
D:\[ S-MuOnline ][SP][1][X]\Source\Server\GameServer\GameServer\Release\GameServer_EX603\mt.read.1.tlog
D:\[ S-MuOnline ][SP][1][X]\Source\Server\GameServer\GameServer\Release\GameServer_EX603\mt.write.1.tlog
D:\[ S-MuOnline ][SP][1][X]\Source\Server\GameServer\GameServer\Release\GameServer_EX603\MuRummy.obj
D:\[ S-MuOnline ][SP][1][X]\Source\Server\GameServer\GameServer\Release\GameServer_EX603\MuunSystem.obj
D:\[ S-MuOnline ][SP][1][X]\Source\Server\GameServer\GameServer\Release\GameServer_EX603\NewUIMyInventory.obj
D:\[ S-MuOnline ][SP][1][X]\Source\Server\GameServer\GameServer\Release\GameServer_EX603\Notice.obj
D:\[ S-MuOnline ][SP][1][X]\Source\Server\GameServer\GameServer\Release\GameServer_EX603\NpcTalk.obj
D:\[ S-MuOnline ][SP][1][X]\Source\Server\GameServer\GameServer\Release\GameServer_EX603\ObjectManager.obj
D:\[ S-MuOnline ][SP][1][X]\Source\Server\GameServer\GameServer\Release\GameServer_EX603\OfflineMode.obj
D:\[ S-MuOnline ][SP][1][X]\Source\Server\GameServer\GameServer\Release\GameServer_EX603\PacketManager.obj
D:\[ S-MuOnline ][SP][1][X]\Source\Server\GameServer\GameServer\Release\GameServer_EX603\Party.obj
D:\[ S-MuOnline ][SP][1][X]\Source\Server\GameServer\GameServer\Release\GameServer_EX603\PartyMatching.obj
D:\[ S-MuOnline ][SP][1][X]\Source\Server\GameServer\GameServer\Release\GameServer_EX603\PartySearch.obj
D:\[ S-MuOnline ][SP][1][X]\Source\Server\GameServer\GameServer\Release\GameServer_EX603\Path.obj
D:\[ S-MuOnline ][SP][1][X]\Source\Server\GameServer\GameServer\Release\GameServer_EX603\PcPoint.obj
D:\[ S-MuOnline ][SP][1][X]\Source\Server\GameServer\GameServer\Release\GameServer_EX603\PentagramSystem.obj
D:\[ S-MuOnline ][SP][1][X]\Source\Server\GameServer\GameServer\Release\GameServer_EX603\PersonalShop.obj
D:\[ S-MuOnline ][SP][1][X]\Source\Server\GameServer\GameServer\Release\GameServer_EX603\PKSystem.obj
D:\[ S-MuOnline ][SP][1][X]\Source\Server\GameServer\GameServer\Release\GameServer_EX603\PremiumDrop.obj
D:\[ S-MuOnline ][SP][1][X]\Source\Server\GameServer\GameServer\Release\GameServer_EX603\Protect.obj
D:\[ S-MuOnline ][SP][1][X]\Source\Server\GameServer\GameServer\Release\GameServer_EX603\Protocol.obj
D:\[ S-MuOnline ][SP][1][X]\Source\Server\GameServer\GameServer\Release\GameServer_EX603\pugixml.obj
D:\[ S-MuOnline ][SP][1][X]\Source\Server\GameServer\GameServer\Release\GameServer_EX603\QueryManager.obj
D:\[ S-MuOnline ][SP][1][X]\Source\Server\GameServer\GameServer\Release\GameServer_EX603\Quest.obj
D:\[ S-MuOnline ][SP][1][X]\Source\Server\GameServer\GameServer\Release\GameServer_EX603\QuestObjective.obj
D:\[ S-MuOnline ][SP][1][X]\Source\Server\GameServer\GameServer\Release\GameServer_EX603\QuestReward.obj
D:\[ S-MuOnline ][SP][1][X]\Source\Server\GameServer\GameServer\Release\GameServer_EX603\QuestWorld.obj
D:\[ S-MuOnline ][SP][1][X]\Source\Server\GameServer\GameServer\Release\GameServer_EX603\QuestWorldObjective.obj
D:\[ S-MuOnline ][SP][1][X]\Source\Server\GameServer\GameServer\Release\GameServer_EX603\QuestWorldReward.obj
D:\[ S-MuOnline ][SP][1][X]\Source\Server\GameServer\GameServer\Release\GameServer_EX603\Queue.obj
D:\[ S-MuOnline ][SP][1][X]\Source\Server\GameServer\GameServer\Release\GameServer_EX603\QueueTimer.obj
D:\[ S-MuOnline ][SP][1][X]\Source\Server\GameServer\GameServer\Release\GameServer_EX603\Raklion.obj
D:\[ S-MuOnline ][SP][1][X]\Source\Server\GameServer\GameServer\Release\GameServer_EX603\RaklionBattleOfSelupan.obj
D:\[ S-MuOnline ][SP][1][X]\Source\Server\GameServer\GameServer\Release\GameServer_EX603\RaklionBattleUser.obj
D:\[ S-MuOnline ][SP][1][X]\Source\Server\GameServer\GameServer\Release\GameServer_EX603\RaklionBattleUserMng.obj
D:\[ S-MuOnline ][SP][1][X]\Source\Server\GameServer\GameServer\Release\GameServer_EX603\RaklionObjInfo.obj
D:\[ S-MuOnline ][SP][1][X]\Source\Server\GameServer\GameServer\Release\GameServer_EX603\RaklionSelupan.obj
D:\[ S-MuOnline ][SP][1][X]\Source\Server\GameServer\GameServer\Release\GameServer_EX603\RaklionUtil.obj
D:\[ S-MuOnline ][SP][1][X]\Source\Server\GameServer\GameServer\Release\GameServer_EX603\RandomManager.obj
D:\[ S-MuOnline ][SP][1][X]\Source\Server\GameServer\GameServer\Release\GameServer_EX603\rc.command.1.tlog
D:\[ S-MuOnline ][SP][1][X]\Source\Server\GameServer\GameServer\Release\GameServer_EX603\rc.read.1.tlog
D:\[ S-MuOnline ][SP][1][X]\Source\Server\GameServer\GameServer\Release\GameServer_EX603\rc.write.1.tlog
D:\[ S-MuOnline ][SP][1][X]\Source\Server\GameServer\GameServer\Release\GameServer_EX603\Reconnect.obj
D:\[ S-MuOnline ][SP][1][X]\Source\Server\GameServer\GameServer\Release\GameServer_EX603\ReiDoMu.obj
D:\[ S-MuOnline ][SP][1][X]\Source\Server\GameServer\GameServer\Release\GameServer_EX603\ResetSystem.obj
D:\[ S-MuOnline ][SP][1][X]\Source\Server\GameServer\GameServer\Release\GameServer_EX603\ResetTable.obj
D:\[ S-MuOnline ][SP][1][X]\Source\Server\GameServer\GameServer\Release\GameServer_EX603\RespawnLocation.obj
D:\[ S-MuOnline ][SP][1][X]\Source\Server\GameServer\GameServer\Release\GameServer_EX603\RewardSystem.obj
D:\[ S-MuOnline ][SP][1][X]\Source\Server\GameServer\GameServer\Release\GameServer_EX603\RuudTokenSellTemplate.obj
D:\[ S-MuOnline ][SP][1][X]\Source\Server\GameServer\GameServer\Release\GameServer_EX603\ScheduleManager.obj
D:\[ S-MuOnline ][SP][1][X]\Source\Server\GameServer\GameServer\Release\GameServer_EX603\SerialCheck.obj
D:\[ S-MuOnline ][SP][1][X]\Source\Server\GameServer\GameServer\Release\GameServer_EX603\ServerDisplayer.obj
D:\[ S-MuOnline ][SP][1][X]\Source\Server\GameServer\GameServer\Release\GameServer_EX603\ServerInfo.obj
D:\[ S-MuOnline ][SP][1][X]\Source\Server\GameServer\GameServer\Release\GameServer_EX603\SetItemOption.obj
D:\[ S-MuOnline ][SP][1][X]\Source\Server\GameServer\GameServer\Release\GameServer_EX603\SetItemType.obj
D:\[ S-MuOnline ][SP][1][X]\Source\Server\GameServer\GameServer\Release\GameServer_EX603\Shop.obj
D:\[ S-MuOnline ][SP][1][X]\Source\Server\GameServer\GameServer\Release\GameServer_EX603\ShopManager.obj
D:\[ S-MuOnline ][SP][1][X]\Source\Server\GameServer\GameServer\Release\GameServer_EX603\ShopPointEx.obj
D:\[ S-MuOnline ][SP][1][X]\Source\Server\GameServer\GameServer\Release\GameServer_EX603\Skill.obj
D:\[ S-MuOnline ][SP][1][X]\Source\Server\GameServer\GameServer\Release\GameServer_EX603\SkillDamage.obj
D:\[ S-MuOnline ][SP][1][X]\Source\Server\GameServer\GameServer\Release\GameServer_EX603\SkillHitBox.obj
D:\[ S-MuOnline ][SP][1][X]\Source\Server\GameServer\GameServer\Release\GameServer_EX603\SkillManager.obj
D:\[ S-MuOnline ][SP][1][X]\Source\Server\GameServer\GameServer\Release\GameServer_EX603\SocketItemOption.obj
D:\[ S-MuOnline ][SP][1][X]\Source\Server\GameServer\GameServer\Release\GameServer_EX603\SocketItemType.obj
D:\[ S-MuOnline ][SP][1][X]\Source\Server\GameServer\GameServer\Release\GameServer_EX603\SocketManager.obj
D:\[ S-MuOnline ][SP][1][X]\Source\Server\GameServer\GameServer\Release\GameServer_EX603\SocketManagerUdp.obj
D:\[ S-MuOnline ][SP][1][X]\Source\Server\GameServer\GameServer\Release\GameServer_EX603\StatsAdvance.obj
D:\[ S-MuOnline ][SP][1][X]\Source\Server\GameServer\GameServer\Release\GameServer_EX603\stdafx.obj
D:\[ S-MuOnline ][SP][1][X]\Source\Server\GameServer\GameServer\Release\GameServer_EX603\SummonScroll.obj
D:\[ S-MuOnline ][SP][1][X]\Source\Server\GameServer\GameServer\Release\GameServer_EX603\TeleportMarlon.obj
D:\[ S-MuOnline ][SP][1][X]\Source\Server\GameServer\GameServer\Release\GameServer_EX603\Trade.obj
D:\[ S-MuOnline ][SP][1][X]\Source\Server\GameServer\GameServer\Release\GameServer_EX603\Union.obj
D:\[ S-MuOnline ][SP][1][X]\Source\Server\GameServer\GameServer\Release\GameServer_EX603\UnionInfo.obj
D:\[ S-MuOnline ][SP][1][X]\Source\Server\GameServer\GameServer\Release\GameServer_EX603\User.obj
D:\[ S-MuOnline ][SP][1][X]\Source\Server\GameServer\GameServer\Release\GameServer_EX603\Util.obj
D:\[ S-MuOnline ][SP][1][X]\Source\Server\GameServer\GameServer\Release\GameServer_EX603\vc100.pdb
D:\[ S-MuOnline ][SP][1][X]\Source\Server\GameServer\GameServer\Release\GameServer_EX603\Viewport.obj
D:\[ S-MuOnline ][SP][1][X]\Source\Server\GameServer\GameServer\Release\GameServer_EX603\Warehouse.obj
D:\[ S-MuOnline ][SP][1][X]\Source\Server\GameServer\GameServer\Release\GameServer_EX603\ZenDrop.obj
D:\[ S-MuOnline ][SP][1][X]\Source\Server\GameServer\Release\GameServer_EX603\GameServer.exe
D:\[ S-MuOnline ][SP][1][X]\Source\Server\GameServer\Release\GameServer_EX603\GameServer.pdb
D:\[ S-MUONLINE ][U-SP][UP][1]\SOURCE\SERVER\GAMESERVER\GAMESERVER\RELEASE\GAMESERVER_EX603\380ITEMOPTION.OBJ
D:\[ S-MUONLINE ][U-SP][UP][1]\SOURCE\SERVER\GAMESERVER\GAMESERVER\RELEASE\GAMESERVER_EX603\380ITEMTYPE.OBJ
D:\[ S-MUONLINE ][U-SP][UP][1]\SOURCE\SERVER\GAMESERVER\GAMESERVER\RELEASE\GAMESERVER_EX603\ACHIEVEMENTS.OBJ
D:\[ S-MUONLINE ][U-SP][UP][1]\SOURCE\SERVER\GAMESERVER\GAMESERVER\RELEASE\GAMESERVER_EX603\ARCABATTLE.OBJ
D:\[ S-MUONLINE ][U-SP][UP][1]\SOURCE\SERVER\GAMESERVER\GAMESERVER\RELEASE\GAMESERVER_EX603\ATTACK.OBJ
D:\[ S-MUONLINE ][U-SP][UP][1]\SOURCE\SERVER\GAMESERVER\GAMESERVER\RELEASE\GAMESERVER_EX603\BATTLEGROUND.OBJ
D:\[ S-MUONLINE ][U-SP][UP][1]\SOURCE\SERVER\GAMESERVER\GAMESERVER\RELEASE\GAMESERVER_EX603\BATTLESOCCER.OBJ
D:\[ S-MUONLINE ][U-SP][UP][1]\SOURCE\SERVER\GAMESERVER\GAMESERVER\RELEASE\GAMESERVER_EX603\BATTLESOCCERMANAGER.OBJ
D:\[ S-MUONLINE ][U-SP][UP][1]\SOURCE\SERVER\GAMESERVER\GAMESERVER\RELEASE\GAMESERVER_EX603\BCUSTOMITEMBANK.OBJ
D:\[ S-MUONLINE ][U-SP][UP][1]\SOURCE\SERVER\GAMESERVER\GAMESERVER\RELEASE\GAMESERVER_EX603\BLOODCASTLE.OBJ
D:\[ S-MUONLINE ][U-SP][UP][1]\SOURCE\SERVER\GAMESERVER\GAMESERVER\RELEASE\GAMESERVER_EX603\BONUSMANAGER.OBJ
D:\[ S-MUONLINE ][U-SP][UP][1]\SOURCE\SERVER\GAMESERVER\GAMESERVER\RELEASE\GAMESERVER_EX603\BOTBUFFER.OBJ
D:\[ S-MUONLINE ][U-SP][UP][1]\SOURCE\SERVER\GAMESERVER\GAMESERVER\RELEASE\GAMESERVER_EX603\CANNONTOWER.OBJ
D:\[ S-MUONLINE ][U-SP][UP][1]\SOURCE\SERVER\GAMESERVER\GAMESERVER\RELEASE\GAMESERVER_EX603\CASHSHOP.OBJ
D:\[ S-MUONLINE ][U-SP][UP][1]\SOURCE\SERVER\GAMESERVER\GAMESERVER\RELEASE\GAMESERVER_EX603\CASTLEDEEP.OBJ
D:\[ S-MUONLINE ][U-SP][UP][1]\SOURCE\SERVER\GAMESERVER\GAMESERVER\RELEASE\GAMESERVER_EX603\CASTLESIEGE.OBJ
D:\[ S-MUONLINE ][U-SP][UP][1]\SOURCE\SERVER\GAMESERVER\GAMESERVER\RELEASE\GAMESERVER_EX603\CASTLESIEGECROWN.OBJ
D:\[ S-MUONLINE ][U-SP][UP][1]\SOURCE\SERVER\GAMESERVER\GAMESERVER\RELEASE\GAMESERVER_EX603\CASTLESIEGECROWNSWITCH.OBJ
D:\[ S-MUONLINE ][U-SP][UP][1]\SOURCE\SERVER\GAMESERVER\GAMESERVER\RELEASE\GAMESERVER_EX603\CASTLESIEGESYNC.OBJ
D:\[ S-MUONLINE ][U-SP][UP][1]\SOURCE\SERVER\GAMESERVER\GAMESERVER\RELEASE\GAMESERVER_EX603\CASTLESIEGEWEAPON.OBJ
D:\[ S-MUONLINE ][U-SP][UP][1]\SOURCE\SERVER\GAMESERVER\GAMESERVER\RELEASE\GAMESERVER_EX603\CCRC32.OBJ
D:\[ S-MUONLINE ][U-SP][UP][1]\SOURCE\SERVER\GAMESERVER\GAMESERVER\RELEASE\GAMESERVER_EX603\CHANGECLASS.OBJ
D:\[ S-MUONLINE ][U-SP][UP][1]\SOURCE\SERVER\GAMESERVER\GAMESERVER\RELEASE\GAMESERVER_EX603\CHAOSBOX.OBJ
D:\[ S-MUONLINE ][U-SP][UP][1]\SOURCE\SERVER\GAMESERVER\GAMESERVER\RELEASE\GAMESERVER_EX603\CHAOSCASTLE.OBJ
D:\[ S-MUONLINE ][U-SP][UP][1]\SOURCE\SERVER\GAMESERVER\GAMESERVER\RELEASE\GAMESERVER_EX603\COMBOSKILL.OBJ
D:\[ S-MUONLINE ][U-SP][UP][1]\SOURCE\SERVER\GAMESERVER\GAMESERVER\RELEASE\GAMESERVER_EX603\COMMAND.OBJ
D:\[ S-MUONLINE ][U-SP][UP][1]\SOURCE\SERVER\GAMESERVER\GAMESERVER\RELEASE\GAMESERVER_EX603\COMMANDMANAGER.OBJ
D:\[ S-MUONLINE ][U-SP][UP][1]\SOURCE\SERVER\GAMESERVER\GAMESERVER\RELEASE\GAMESERVER_EX603\CONNECTION.OBJ
D:\[ S-MUONLINE ][U-SP][UP][1]\SOURCE\SERVER\GAMESERVER\GAMESERVER\RELEASE\GAMESERVER_EX603\CRITICALSECTION.OBJ
D:\[ S-MUONLINE ][U-SP][UP][1]\SOURCE\SERVER\GAMESERVER\GAMESERVER\RELEASE\GAMESERVER_EX603\CRYWOLF.OBJ
D:\[ S-MUONLINE ][U-SP][UP][1]\SOURCE\SERVER\GAMESERVER\GAMESERVER\RELEASE\GAMESERVER_EX603\CRYWOLFALTAR.OBJ
D:\[ S-MUONLINE ][U-SP][UP][1]\SOURCE\SERVER\GAMESERVER\GAMESERVER\RELEASE\GAMESERVER_EX603\CRYWOLFOBJINFO.OBJ
D:\[ S-MUONLINE ][U-SP][UP][1]\SOURCE\SERVER\GAMESERVER\GAMESERVER\RELEASE\GAMESERVER_EX603\CRYWOLFSTATETIMEINFO.OBJ
D:\[ S-MUONLINE ][U-SP][UP][1]\SOURCE\SERVER\GAMESERVER\GAMESERVER\RELEASE\GAMESERVER_EX603\CRYWOLFSTATUE.OBJ
D:\[ S-MUONLINE ][U-SP][UP][1]\SOURCE\SERVER\GAMESERVER\GAMESERVER\RELEASE\GAMESERVER_EX603\CRYWOLFSYNC.OBJ
D:\[ S-MUONLINE ][U-SP][UP][1]\SOURCE\SERVER\GAMESERVER\GAMESERVER\RELEASE\GAMESERVER_EX603\CRYWOLFUTIL.OBJ
D:\[ S-MUONLINE ][U-SP][UP][1]\SOURCE\SERVER\GAMESERVER\GAMESERVER\RELEASE\GAMESERVER_EX603\CSPROTOCOL.OBJ
D:\[ S-MUONLINE ][U-SP][UP][1]\SOURCE\SERVER\GAMESERVER\GAMESERVER\RELEASE\GAMESERVER_EX603\CUSTOMARENA.OBJ
D:\[ S-MUONLINE ][U-SP][UP][1]\SOURCE\SERVER\GAMESERVER\GAMESERVER\RELEASE\GAMESERVER_EX603\CUSTOMATTACK.OBJ
D:\[ S-MUONLINE ][U-SP][UP][1]\SOURCE\SERVER\GAMESERVER\GAMESERVER\RELEASE\GAMESERVER_EX603\CUSTOMBUYVIP.OBJ
D:\[ S-MUONLINE ][U-SP][UP][1]\SOURCE\SERVER\GAMESERVER\GAMESERVER\RELEASE\GAMESERVER_EX603\CUSTOMCOMBO.OBJ
D:\[ S-MUONLINE ][U-SP][UP][1]\SOURCE\SERVER\GAMESERVER\GAMESERVER\RELEASE\GAMESERVER_EX603\CUSTOMCOMMANDDESCRIPTION.OBJ
D:\[ S-MUONLINE ][U-SP][UP][1]\SOURCE\SERVER\GAMESERVER\GAMESERVER\RELEASE\GAMESERVER_EX603\CUSTOMDEATHMESSAGE.OBJ
D:\[ S-MUONLINE ][U-SP][UP][1]\SOURCE\SERVER\GAMESERVER\GAMESERVER\RELEASE\GAMESERVER_EX603\CUSTOMEVENTDROP.OBJ
D:\[ S-MUONLINE ][U-SP][UP][1]\SOURCE\SERVER\GAMESERVER\GAMESERVER\RELEASE\GAMESERVER_EX603\CUSTOMEVENTTIME.OBJ
D:\[ S-MUONLINE ][U-SP][UP][1]\SOURCE\SERVER\GAMESERVER\GAMESERVER\RELEASE\GAMESERVER_EX603\CUSTOMJEWEL.OBJ
D:\[ S-MUONLINE ][U-SP][UP][1]\SOURCE\SERVER\GAMESERVER\GAMESERVER\RELEASE\GAMESERVER_EX603\CUSTOMMIX.OBJ
D:\[ S-MUONLINE ][U-SP][UP][1]\SOURCE\SERVER\GAMESERVER\GAMESERVER\RELEASE\GAMESERVER_EX603\CUSTOMMONSTER.OBJ
D:\[ S-MUONLINE ][U-SP][UP][1]\SOURCE\SERVER\GAMESERVER\GAMESERVER\RELEASE\GAMESERVER_EX603\CUSTOMMONSTERSKILL.OBJ
D:\[ S-MUONLINE ][U-SP][UP][1]\SOURCE\SERVER\GAMESERVER\GAMESERVER\RELEASE\GAMESERVER_EX603\CUSTOMMOVE.OBJ
D:\[ S-MUONLINE ][U-SP][UP][1]\SOURCE\SERVER\GAMESERVER\GAMESERVER\RELEASE\GAMESERVER_EX603\CUSTOMNPCCOLLECTOR.OBJ
D:\[ S-MUONLINE ][U-SP][UP][1]\SOURCE\SERVER\GAMESERVER\GAMESERVER\RELEASE\GAMESERVER_EX603\CUSTOMNPCCOMMAND.OBJ
D:\[ S-MUONLINE ][U-SP][UP][1]\SOURCE\SERVER\GAMESERVER\GAMESERVER\RELEASE\GAMESERVER_EX603\CUSTOMNPCMOVE.OBJ
D:\[ S-MUONLINE ][U-SP][UP][1]\SOURCE\SERVER\GAMESERVER\GAMESERVER\RELEASE\GAMESERVER_EX603\CUSTOMNPCQUEST.OBJ
D:\[ S-MUONLINE ][U-SP][UP][1]\SOURCE\SERVER\GAMESERVER\GAMESERVER\RELEASE\GAMESERVER_EX603\CUSTOMONLINELOTTERY.OBJ
D:\[ S-MUONLINE ][U-SP][UP][1]\SOURCE\SERVER\GAMESERVER\GAMESERVER\RELEASE\GAMESERVER_EX603\CUSTOMPET.OBJ
D:\[ S-MUONLINE ][U-SP][UP][1]\SOURCE\SERVER\GAMESERVER\GAMESERVER\RELEASE\GAMESERVER_EX603\CUSTOMPICK.OBJ
D:\[ S-MUONLINE ][U-SP][UP][1]\SOURCE\SERVER\GAMESERVER\GAMESERVER\RELEASE\GAMESERVER_EX603\CUSTOMPKFREE.OBJ
D:\[ S-MUONLINE ][U-SP][UP][1]\SOURCE\SERVER\GAMESERVER\GAMESERVER\RELEASE\GAMESERVER_EX603\CUSTOMPVPFORCOORD.OBJ
D:\[ S-MUONLINE ][U-SP][UP][1]\SOURCE\SERVER\GAMESERVER\GAMESERVER\RELEASE\GAMESERVER_EX603\CUSTOMQUEST.OBJ
D:\[ S-MUONLINE ][U-SP][UP][1]\SOURCE\SERVER\GAMESERVER\GAMESERVER\RELEASE\GAMESERVER_EX603\CUSTOMQUIZ.OBJ
D:\[ S-MUONLINE ][U-SP][UP][1]\SOURCE\SERVER\GAMESERVER\GAMESERVER\RELEASE\GAMESERVER_EX603\CUSTOMRANKING.OBJ
D:\[ S-MUONLINE ][U-SP][UP][1]\SOURCE\SERVER\GAMESERVER\GAMESERVER\RELEASE\GAMESERVER_EX603\CUSTOMRANKUSER.OBJ
D:\[ S-MUONLINE ][U-SP][UP][1]\SOURCE\SERVER\GAMESERVER\GAMESERVER\RELEASE\GAMESERVER_EX603\CUSTOMSTARTITEM.OBJ
D:\[ S-MUONLINE ][U-SP][UP][1]\SOURCE\SERVER\GAMESERVER\GAMESERVER\RELEASE\GAMESERVER_EX603\CUSTOMSTORE.OBJ
D:\[ S-MUONLINE ][U-SP][UP][1]\SOURCE\SERVER\GAMESERVER\GAMESERVER\RELEASE\GAMESERVER_EX603\CUSTOMTOP.OBJ
D:\[ S-MUONLINE ][U-SP][UP][1]\SOURCE\SERVER\GAMESERVER\GAMESERVER\RELEASE\GAMESERVER_EX603\CUSTOMWING.OBJ
D:\[ S-MUONLINE ][U-SP][UP][1]\SOURCE\SERVER\GAMESERVER\GAMESERVER\RELEASE\GAMESERVER_EX603\CUSTOMWINGMIX.OBJ
D:\[ S-MUONLINE ][U-SP][UP][1]\SOURCE\SERVER\GAMESERVER\GAMESERVER\RELEASE\GAMESERVER_EX603\DAILYREWARD.OBJ
D:\[ S-MUONLINE ][U-SP][UP][1]\SOURCE\SERVER\GAMESERVER\GAMESERVER\RELEASE\GAMESERVER_EX603\DARKSPIRIT.OBJ
D:\[ S-MUONLINE ][U-SP][UP][1]\SOURCE\SERVER\GAMESERVER\GAMESERVER\RELEASE\GAMESERVER_EX603\DEFAULTCLASSINFO.OBJ
D:\[ S-MUONLINE ][U-SP][UP][1]\SOURCE\SERVER\GAMESERVER\GAMESERVER\RELEASE\GAMESERVER_EX603\DEVILSQUARE.OBJ
D:\[ S-MUONLINE ][U-SP][UP][1]\SOURCE\SERVER\GAMESERVER\GAMESERVER\RELEASE\GAMESERVER_EX603\DOUBLEGOER.OBJ
D:\[ S-MUONLINE ][U-SP][UP][1]\SOURCE\SERVER\GAMESERVER\GAMESERVER\RELEASE\GAMESERVER_EX603\DROPREWARD.OBJ
D:\[ S-MUONLINE ][U-SP][UP][1]\SOURCE\SERVER\GAMESERVER\GAMESERVER\RELEASE\GAMESERVER_EX603\DSPROTOCOL.OBJ
D:\[ S-MUONLINE ][U-SP][UP][1]\SOURCE\SERVER\GAMESERVER\GAMESERVER\RELEASE\GAMESERVER_EX603\DUEL.OBJ
D:\[ S-MUONLINE ][U-SP][UP][1]\SOURCE\SERVER\GAMESERVER\GAMESERVER\RELEASE\GAMESERVER_EX603\EFFECT.OBJ
D:\[ S-MUONLINE ][U-SP][UP][1]\SOURCE\SERVER\GAMESERVER\GAMESERVER\RELEASE\GAMESERVER_EX603\EFFECTMANAGER.OBJ
D:\[ S-MUONLINE ][U-SP][UP][1]\SOURCE\SERVER\GAMESERVER\GAMESERVER\RELEASE\GAMESERVER_EX603\ESPROTOCOL.OBJ
D:\[ S-MUONLINE ][U-SP][UP][1]\SOURCE\SERVER\GAMESERVER\GAMESERVER\RELEASE\GAMESERVER_EX603\EVENTHIDEANDSEEK.OBJ
D:\[ S-MUONLINE ][U-SP][UP][1]\SOURCE\SERVER\GAMESERVER\GAMESERVER\RELEASE\GAMESERVER_EX603\EVENTINVENTORY.OBJ
D:\[ S-MUONLINE ][U-SP][UP][1]\SOURCE\SERVER\GAMESERVER\GAMESERVER\RELEASE\GAMESERVER_EX603\EVENTKILLALL.OBJ
D:\[ S-MUONLINE ][U-SP][UP][1]\SOURCE\SERVER\GAMESERVER\GAMESERVER\RELEASE\GAMESERVER_EX603\EVENTPVP.OBJ
D:\[ S-MUONLINE ][U-SP][UP][1]\SOURCE\SERVER\GAMESERVER\GAMESERVER\RELEASE\GAMESERVER_EX603\EVENTQUICKLY.OBJ
D:\[ S-MUONLINE ][U-SP][UP][1]\SOURCE\SERVER\GAMESERVER\GAMESERVER\RELEASE\GAMESERVER_EX603\EVENTRUNANDCATCH.OBJ
D:\[ S-MUONLINE ][U-SP][UP][1]\SOURCE\SERVER\GAMESERVER\GAMESERVER\RELEASE\GAMESERVER_EX603\EVENTRUSSIANROULETTE.OBJ
D:\[ S-MUONLINE ][U-SP][UP][1]\SOURCE\SERVER\GAMESERVER\GAMESERVER\RELEASE\GAMESERVER_EX603\EVENTSTART.OBJ
D:\[ S-MUONLINE ][U-SP][UP][1]\SOURCE\SERVER\GAMESERVER\GAMESERVER\RELEASE\GAMESERVER_EX603\EVENTTVT.OBJ
D:\[ S-MUONLINE ][U-SP][UP][1]\SOURCE\SERVER\GAMESERVER\GAMESERVER\RELEASE\GAMESERVER_EX603\EXPERIENCETABLE.OBJ
D:\[ S-MUONLINE ][U-SP][UP][1]\SOURCE\SERVER\GAMESERVER\GAMESERVER\RELEASE\GAMESERVER_EX603\EXWINQUESTSYSTEM.OBJ
D:\[ S-MUONLINE ][U-SP][UP][1]\SOURCE\SERVER\GAMESERVER\GAMESERVER\RELEASE\GAMESERVER_EX603\FILTER.OBJ
D:\[ S-MUONLINE ][U-SP][UP][1]\SOURCE\SERVER\GAMESERVER\GAMESERVER\RELEASE\GAMESERVER_EX603\FILTERRANAME.OBJ
D:\[ S-MUONLINE ][U-SP][UP][1]\SOURCE\SERVER\GAMESERVER\GAMESERVER\RELEASE\GAMESERVER_EX603\FLYINGDRAGONS.OBJ
D:\[ S-MUONLINE ][U-SP][UP][1]\SOURCE\SERVER\GAMESERVER\GAMESERVER\RELEASE\GAMESERVER_EX603\FRUIT.OBJ
D:\[ S-MUONLINE ][U-SP][UP][1]\SOURCE\SERVER\GAMESERVER\GAMESERVER\RELEASE\GAMESERVER_EX603\GAMEMAIN.OBJ
D:\[ S-MUONLINE ][U-SP][UP][1]\SOURCE\SERVER\GAMESERVER\GAMESERVER\RELEASE\GAMESERVER_EX603\GAMEMASTER.OBJ
D:\[ S-MUONLINE ][U-SP][UP][1]\SOURCE\SERVER\GAMESERVER\GAMESERVER\RELEASE\GAMESERVER_EX603\GAMESERVER.EXE.INTERMEDIATE.MANIFEST
D:\[ S-MUONLINE ][U-SP][UP][1]\SOURCE\SERVER\GAMESERVER\GAMESERVER\RELEASE\GAMESERVER_EX603\GAMESERVER.OBJ
D:\[ S-MUONLINE ][U-SP][UP][1]\SOURCE\SERVER\GAMESERVER\GAMESERVER\RELEASE\GAMESERVER_EX603\GAMESERVER.PCH
D:\[ S-MUONLINE ][U-SP][UP][1]\SOURCE\SERVER\GAMESERVER\GAMESERVER\RELEASE\GAMESERVER_EX603\GAMESERVER.RES
D:\[ S-MUONLINE ][U-SP][UP][1]\SOURCE\SERVER\GAMESERVER\GAMESERVER\RELEASE\GAMESERVER_EX603\GATE.OBJ
D:\[ S-MUONLINE ][U-SP][UP][1]\SOURCE\SERVER\GAMESERVER\GAMESERVER\RELEASE\GAMESERVER_EX603\GENSSYSTEM.OBJ
D:\[ S-MUONLINE ][U-SP][UP][1]\SOURCE\SERVER\GAMESERVER\GAMESERVER\RELEASE\GAMESERVER_EX603\GRANDRESETSYSTEM.OBJ
D:\[ S-MUONLINE ][U-SP][UP][1]\SOURCE\SERVER\GAMESERVER\GAMESERVER\RELEASE\GAMESERVER_EX603\GUARDIANSTATUE.OBJ
D:\[ S-MUONLINE ][U-SP][UP][1]\SOURCE\SERVER\GAMESERVER\GAMESERVER\RELEASE\GAMESERVER_EX603\GUILD.OBJ
D:\[ S-MUONLINE ][U-SP][UP][1]\SOURCE\SERVER\GAMESERVER\GAMESERVER\RELEASE\GAMESERVER_EX603\GUILDCLASS.OBJ
D:\[ S-MUONLINE ][U-SP][UP][1]\SOURCE\SERVER\GAMESERVER\GAMESERVER\RELEASE\GAMESERVER_EX603\GUILDMATCHING.OBJ
D:\[ S-MUONLINE ][U-SP][UP][1]\SOURCE\SERVER\GAMESERVER\GAMESERVER\RELEASE\GAMESERVER_EX603\HACKCHECK.OBJ
D:\[ S-MUONLINE ][U-SP][UP][1]\SOURCE\SERVER\GAMESERVER\GAMESERVER\RELEASE\GAMESERVER_EX603\HACKPACKETCHECK.OBJ
D:\[ S-MUONLINE ][U-SP][UP][1]\SOURCE\SERVER\GAMESERVER\GAMESERVER\RELEASE\GAMESERVER_EX603\HACKSKILLCHECK.OBJ
D:\[ S-MUONLINE ][U-SP][UP][1]\SOURCE\SERVER\GAMESERVER\GAMESERVER\RELEASE\GAMESERVER_EX603\HELPER.OBJ
D:\[ S-MUONLINE ][U-SP][UP][1]\SOURCE\SERVER\GAMESERVER\GAMESERVER\RELEASE\GAMESERVER_EX603\HWIDMANAGER.OBJ
D:\[ S-MUONLINE ][U-SP][UP][1]\SOURCE\SERVER\GAMESERVER\GAMESERVER\RELEASE\GAMESERVER_EX603\ILLUSIONTEMPLE.OBJ
D:\[ S-MUONLINE ][U-SP][UP][1]\SOURCE\SERVER\GAMESERVER\GAMESERVER\RELEASE\GAMESERVER_EX603\IMPERIALGUARDIAN.OBJ
D:\[ S-MUONLINE ][U-SP][UP][1]\SOURCE\SERVER\GAMESERVER\GAMESERVER\RELEASE\GAMESERVER_EX603\INVASIONMANAGER.OBJ
D:\[ S-MUONLINE ][U-SP][UP][1]\SOURCE\SERVER\GAMESERVER\GAMESERVER\RELEASE\GAMESERVER_EX603\INVENTORYEQUIPMENT.OBJ
D:\[ S-MUONLINE ][U-SP][UP][1]\SOURCE\SERVER\GAMESERVER\GAMESERVER\RELEASE\GAMESERVER_EX603\IPMANAGER.OBJ
D:\[ S-MUONLINE ][U-SP][UP][1]\SOURCE\SERVER\GAMESERVER\GAMESERVER\RELEASE\GAMESERVER_EX603\ITEM.OBJ
D:\[ S-MUONLINE ][U-SP][UP][1]\SOURCE\SERVER\GAMESERVER\GAMESERVER\RELEASE\GAMESERVER_EX603\ITEMBAG.OBJ
D:\[ S-MUONLINE ][U-SP][UP][1]\SOURCE\SERVER\GAMESERVER\GAMESERVER\RELEASE\GAMESERVER_EX603\ITEMBAGEX.OBJ
D:\[ S-MUONLINE ][U-SP][UP][1]\SOURCE\SERVER\GAMESERVER\GAMESERVER\RELEASE\GAMESERVER_EX603\ITEMBAGMANAGER.OBJ
D:\[ S-MUONLINE ][U-SP][UP][1]\SOURCE\SERVER\GAMESERVER\GAMESERVER\RELEASE\GAMESERVER_EX603\ITEMDROP.OBJ
D:\[ S-MUONLINE ][U-SP][UP][1]\SOURCE\SERVER\GAMESERVER\GAMESERVER\RELEASE\GAMESERVER_EX603\ITEMLEVEL.OBJ
D:\[ S-MUONLINE ][U-SP][UP][1]\SOURCE\SERVER\GAMESERVER\GAMESERVER\RELEASE\GAMESERVER_EX603\ITEMMANAGER.OBJ
D:\[ S-MUONLINE ][U-SP][UP][1]\SOURCE\SERVER\GAMESERVER\GAMESERVER\RELEASE\GAMESERVER_EX603\ITEMMOVE.OBJ
D:\[ S-MUONLINE ][U-SP][UP][1]\SOURCE\SERVER\GAMESERVER\GAMESERVER\RELEASE\GAMESERVER_EX603\ITEMOPTION.OBJ
D:\[ S-MUONLINE ][U-SP][UP][1]\SOURCE\SERVER\GAMESERVER\GAMESERVER\RELEASE\GAMESERVER_EX603\ITEMOPTIONRATE.OBJ
D:\[ S-MUONLINE ][U-SP][UP][1]\SOURCE\SERVER\GAMESERVER\GAMESERVER\RELEASE\GAMESERVER_EX603\ITEMSTACK.OBJ
D:\[ S-MUONLINE ][U-SP][UP][1]\SOURCE\SERVER\GAMESERVER\GAMESERVER\RELEASE\GAMESERVER_EX603\ITEMVALUE.OBJ
D:\[ S-MUONLINE ][U-SP][UP][1]\SOURCE\SERVER\GAMESERVER\GAMESERVER\RELEASE\GAMESERVER_EX603\ITEMVALUETRADE.OBJ
D:\[ S-MUONLINE ][U-SP][UP][1]\SOURCE\SERVER\GAMESERVER\GAMESERVER\RELEASE\GAMESERVER_EX603\JEWELMIX.OBJ
D:\[ S-MUONLINE ][U-SP][UP][1]\SOURCE\SERVER\GAMESERVER\GAMESERVER\RELEASE\GAMESERVER_EX603\JEWELOFHARMONYOPTION.OBJ
D:\[ S-MUONLINE ][U-SP][UP][1]\SOURCE\SERVER\GAMESERVER\GAMESERVER\RELEASE\GAMESERVER_EX603\JEWELOFHARMONYTYPE.OBJ
D:\[ S-MUONLINE ][U-SP][UP][1]\SOURCE\SERVER\GAMESERVER\GAMESERVER\RELEASE\GAMESERVER_EX603\JSPROTOCOL.OBJ
D:\[ S-MUONLINE ][U-SP][UP][1]\SOURCE\SERVER\GAMESERVER\GAMESERVER\RELEASE\GAMESERVER_EX603\KALIMA.OBJ
D:\[ S-MUONLINE ][U-SP][UP][1]\SOURCE\SERVER\GAMESERVER\GAMESERVER\RELEASE\GAMESERVER_EX603\KANTURU.OBJ
D:\[ S-MUONLINE ][U-SP][UP][1]\SOURCE\SERVER\GAMESERVER\GAMESERVER\RELEASE\GAMESERVER_EX603\KANTURUBATTLEOFMAYA.OBJ
D:\[ S-MUONLINE ][U-SP][UP][1]\SOURCE\SERVER\GAMESERVER\GAMESERVER\RELEASE\GAMESERVER_EX603\KANTURUBATTLEOFNIGHTMARE.OBJ
D:\[ S-MUONLINE ][U-SP][UP][1]\SOURCE\SERVER\GAMESERVER\GAMESERVER\RELEASE\GAMESERVER_EX603\KANTURUBATTLESTANBY.OBJ
D:\[ S-MUONLINE ][U-SP][UP][1]\SOURCE\SERVER\GAMESERVER\GAMESERVER\RELEASE\GAMESERVER_EX603\KANTURUBATTLEUSERMNG.OBJ
D:\[ S-MUONLINE ][U-SP][UP][1]\SOURCE\SERVER\GAMESERVER\GAMESERVER\RELEASE\GAMESERVER_EX603\KANTURUENTRANCENPC.OBJ
D:\[ S-MUONLINE ][U-SP][UP][1]\SOURCE\SERVER\GAMESERVER\GAMESERVER\RELEASE\GAMESERVER_EX603\KANTURUMAYA.OBJ
D:\[ S-MUONLINE ][U-SP][UP][1]\SOURCE\SERVER\GAMESERVER\GAMESERVER\RELEASE\GAMESERVER_EX603\KANTURUMONSTERMNG.OBJ
D:\[ S-MUONLINE ][U-SP][UP][1]\SOURCE\SERVER\GAMESERVER\GAMESERVER\RELEASE\GAMESERVER_EX603\KANTURUOBJINFO.OBJ
D:\[ S-MUONLINE ][U-SP][UP][1]\SOURCE\SERVER\GAMESERVER\GAMESERVER\RELEASE\GAMESERVER_EX603\KANTURUSTATEINFO.OBJ
D:\[ S-MUONLINE ][U-SP][UP][1]\SOURCE\SERVER\GAMESERVER\GAMESERVER\RELEASE\GAMESERVER_EX603\KANTURUTOWEROFREFINEMENT.OBJ
D:\[ S-MUONLINE ][U-SP][UP][1]\SOURCE\SERVER\GAMESERVER\GAMESERVER\RELEASE\GAMESERVER_EX603\KANTURUUTIL.OBJ
D:\[ S-MUONLINE ][U-SP][UP][1]\SOURCE\SERVER\GAMESERVER\GAMESERVER\RELEASE\GAMESERVER_EX603\LIFESTONE.OBJ
D:\[ S-MUONLINE ][U-SP][UP][1]\SOURCE\SERVER\GAMESERVER\GAMESERVER\RELEASE\GAMESERVER_EX603\LOG.OBJ
D:\[ S-MUONLINE ][U-SP][UP][1]\SOURCE\SERVER\GAMESERVER\GAMESERVER\RELEASE\GAMESERVER_EX603\LUAFUCTION.OBJ
D:\[ S-MUONLINE ][U-SP][UP][1]\SOURCE\SERVER\GAMESERVER\GAMESERVER\RELEASE\GAMESERVER_EX603\LUASCRIPT.OBJ
D:\[ S-MUONLINE ][U-SP][UP][1]\SOURCE\SERVER\GAMESERVER\GAMESERVER\RELEASE\GAMESERVER_EX603\LUCKYCOIN.OBJ
D:\[ S-MUONLINE ][U-SP][UP][1]\SOURCE\SERVER\GAMESERVER\GAMESERVER\RELEASE\GAMESERVER_EX603\LUCKYITEM.OBJ
D:\[ S-MUONLINE ][U-SP][UP][1]\SOURCE\SERVER\GAMESERVER\GAMESERVER\RELEASE\GAMESERVER_EX603\MAP.OBJ
D:\[ S-MUONLINE ][U-SP][UP][1]\SOURCE\SERVER\GAMESERVER\GAMESERVER\RELEASE\GAMESERVER_EX603\MAPITEM.OBJ
D:\[ S-MUONLINE ][U-SP][UP][1]\SOURCE\SERVER\GAMESERVER\GAMESERVER\RELEASE\GAMESERVER_EX603\MAPMANAGER.OBJ
D:\[ S-MUONLINE ][U-SP][UP][1]\SOURCE\SERVER\GAMESERVER\GAMESERVER\RELEASE\GAMESERVER_EX603\MAPPATH.OBJ
D:\[ S-MUONLINE ][U-SP][UP][1]\SOURCE\SERVER\GAMESERVER\GAMESERVER\RELEASE\GAMESERVER_EX603\MAPSERVERMANAGER.OBJ
D:\[ S-MUONLINE ][U-SP][UP][1]\SOURCE\SERVER\GAMESERVER\GAMESERVER\RELEASE\GAMESERVER_EX603\MASTERSKILLTREE.OBJ
D:\[ S-MUONLINE ][U-SP][UP][1]\SOURCE\SERVER\GAMESERVER\GAMESERVER\RELEASE\GAMESERVER_EX603\MATH.OBJ
D:\[ S-MUONLINE ][U-SP][UP][1]\SOURCE\SERVER\GAMESERVER\GAMESERVER\RELEASE\GAMESERVER_EX603\MEMORYALLOCATOR.OBJ
D:\[ S-MUONLINE ][U-SP][UP][1]\SOURCE\SERVER\GAMESERVER\GAMESERVER\RELEASE\GAMESERVER_EX603\MEMORYALLOCATORINFO.OBJ
D:\[ S-MUONLINE ][U-SP][UP][1]\SOURCE\SERVER\GAMESERVER\GAMESERVER\RELEASE\GAMESERVER_EX603\MEMSCRIPT.OBJ
D:\[ S-MUONLINE ][U-SP][UP][1]\SOURCE\SERVER\GAMESERVER\GAMESERVER\RELEASE\GAMESERVER_EX603\MERCENARY.OBJ
D:\[ S-MUONLINE ][U-SP][UP][1]\SOURCE\SERVER\GAMESERVER\GAMESERVER\RELEASE\GAMESERVER_EX603\MESSAGE.OBJ
D:\[ S-MUONLINE ][U-SP][UP][1]\SOURCE\SERVER\GAMESERVER\GAMESERVER\RELEASE\GAMESERVER_EX603\MINIDUMP.OBJ
D:\[ S-MUONLINE ][U-SP][UP][1]\SOURCE\SERVER\GAMESERVER\GAMESERVER\RELEASE\GAMESERVER_EX603\MINIMAP.OBJ
D:\[ S-MUONLINE ][U-SP][UP][1]\SOURCE\SERVER\GAMESERVER\GAMESERVER\RELEASE\GAMESERVER_EX603\MININGSYSTEM.OBJ
D:\[ S-MUONLINE ][U-SP][UP][1]\SOURCE\SERVER\GAMESERVER\GAMESERVER\RELEASE\GAMESERVER_EX603\MONSTER.OBJ
D:\[ S-MUONLINE ][U-SP][UP][1]\SOURCE\SERVER\GAMESERVER\GAMESERVER\RELEASE\GAMESERVER_EX603\MONSTERAI.OBJ
D:\[ S-MUONLINE ][U-SP][UP][1]\SOURCE\SERVER\GAMESERVER\GAMESERVER\RELEASE\GAMESERVER_EX603\MONSTERAIAGRO.OBJ
D:\[ S-MUONLINE ][U-SP][UP][1]\SOURCE\SERVER\GAMESERVER\GAMESERVER\RELEASE\GAMESERVER_EX603\MONSTERAIAUTOMATA.OBJ
D:\[ S-MUONLINE ][U-SP][UP][1]\SOURCE\SERVER\GAMESERVER\GAMESERVER\RELEASE\GAMESERVER_EX603\MONSTERAIAUTOMATAINFO.OBJ
D:\[ S-MUONLINE ][U-SP][UP][1]\SOURCE\SERVER\GAMESERVER\GAMESERVER\RELEASE\GAMESERVER_EX603\MONSTERAIELEMENT.OBJ
D:\[ S-MUONLINE ][U-SP][UP][1]\SOURCE\SERVER\GAMESERVER\GAMESERVER\RELEASE\GAMESERVER_EX603\MONSTERAIELEMENTINFO.OBJ
D:\[ S-MUONLINE ][U-SP][UP][1]\SOURCE\SERVER\GAMESERVER\GAMESERVER\RELEASE\GAMESERVER_EX603\MONSTERAIGROUP.OBJ
D:\[ S-MUONLINE ][U-SP][UP][1]\SOURCE\SERVER\GAMESERVER\GAMESERVER\RELEASE\GAMESERVER_EX603\MONSTERAIGROUPMEMBER.OBJ
D:\[ S-MUONLINE ][U-SP][UP][1]\SOURCE\SERVER\GAMESERVER\GAMESERVER\RELEASE\GAMESERVER_EX603\MONSTERAIMOVEPATH.OBJ
D:\[ S-MUONLINE ][U-SP][UP][1]\SOURCE\SERVER\GAMESERVER\GAMESERVER\RELEASE\GAMESERVER_EX603\MONSTERAIMOVEPATHINFO.OBJ
D:\[ S-MUONLINE ][U-SP][UP][1]\SOURCE\SERVER\GAMESERVER\GAMESERVER\RELEASE\GAMESERVER_EX603\MONSTERAIRULE.OBJ
D:\[ S-MUONLINE ][U-SP][UP][1]\SOURCE\SERVER\GAMESERVER\GAMESERVER\RELEASE\GAMESERVER_EX603\MONSTERAIRULEINFO.OBJ
D:\[ S-MUONLINE ][U-SP][UP][1]\SOURCE\SERVER\GAMESERVER\GAMESERVER\RELEASE\GAMESERVER_EX603\MONSTERAISTATE.OBJ
D:\[ S-MUONLINE ][U-SP][UP][1]\SOURCE\SERVER\GAMESERVER\GAMESERVER\RELEASE\GAMESERVER_EX603\MONSTERAIUNIT.OBJ
D:\[ S-MUONLINE ][U-SP][UP][1]\SOURCE\SERVER\GAMESERVER\GAMESERVER\RELEASE\GAMESERVER_EX603\MONSTERAIUNITINFO.OBJ
D:\[ S-MUONLINE ][U-SP][UP][1]\SOURCE\SERVER\GAMESERVER\GAMESERVER\RELEASE\GAMESERVER_EX603\MONSTERAIUTIL.OBJ
D:\[ S-MUONLINE ][U-SP][UP][1]\SOURCE\SERVER\GAMESERVER\GAMESERVER\RELEASE\GAMESERVER_EX603\MONSTERMANAGER.OBJ
D:\[ S-MUONLINE ][U-SP][UP][1]\SOURCE\SERVER\GAMESERVER\GAMESERVER\RELEASE\GAMESERVER_EX603\MONSTERREWARD.OBJ
D:\[ S-MUONLINE ][U-SP][UP][1]\SOURCE\SERVER\GAMESERVER\GAMESERVER\RELEASE\GAMESERVER_EX603\MONSTERSETBASE.OBJ
D:\[ S-MUONLINE ][U-SP][UP][1]\SOURCE\SERVER\GAMESERVER\GAMESERVER\RELEASE\GAMESERVER_EX603\MONSTERSKILLELEMENT.OBJ
D:\[ S-MUONLINE ][U-SP][UP][1]\SOURCE\SERVER\GAMESERVER\GAMESERVER\RELEASE\GAMESERVER_EX603\MONSTERSKILLELEMENTINFO.OBJ
D:\[ S-MUONLINE ][U-SP][UP][1]\SOURCE\SERVER\GAMESERVER\GAMESERVER\RELEASE\GAMESERVER_EX603\MONSTERSKILLELEMENTOPTION.OBJ
D:\[ S-MUONLINE ][U-SP][UP][1]\SOURCE\SERVER\GAMESERVER\GAMESERVER\RELEASE\GAMESERVER_EX603\MONSTERSKILLINFO.OBJ
D:\[ S-MUONLINE ][U-SP][UP][1]\SOURCE\SERVER\GAMESERVER\GAMESERVER\RELEASE\GAMESERVER_EX603\MONSTERSKILLMANAGER.OBJ
D:\[ S-MUONLINE ][U-SP][UP][1]\SOURCE\SERVER\GAMESERVER\GAMESERVER\RELEASE\GAMESERVER_EX603\MONSTERSKILLUNIT.OBJ
D:\[ S-MUONLINE ][U-SP][UP][1]\SOURCE\SERVER\GAMESERVER\GAMESERVER\RELEASE\GAMESERVER_EX603\MONSTERSKILLUNITINFO.OBJ
D:\[ S-MUONLINE ][U-SP][UP][1]\SOURCE\SERVER\GAMESERVER\GAMESERVER\RELEASE\GAMESERVER_EX603\MOSSMERCHANT.OBJ
D:\[ S-MUONLINE ][U-SP][UP][1]\SOURCE\SERVER\GAMESERVER\GAMESERVER\RELEASE\GAMESERVER_EX603\MOVE.OBJ
D:\[ S-MUONLINE ][U-SP][UP][1]\SOURCE\SERVER\GAMESERVER\GAMESERVER\RELEASE\GAMESERVER_EX603\MOVESUMMON.OBJ
D:\[ S-MUONLINE ][U-SP][UP][1]\SOURCE\SERVER\GAMESERVER\GAMESERVER\RELEASE\GAMESERVER_EX603\MURUMMY.OBJ
D:\[ S-MUONLINE ][U-SP][UP][1]\SOURCE\SERVER\GAMESERVER\GAMESERVER\RELEASE\GAMESERVER_EX603\MUUNSYSTEM.OBJ
D:\[ S-MUONLINE ][U-SP][UP][1]\SOURCE\SERVER\GAMESERVER\GAMESERVER\RELEASE\GAMESERVER_EX603\NEWUIMYINVENTORY.OBJ
D:\[ S-MUONLINE ][U-SP][UP][1]\SOURCE\SERVER\GAMESERVER\GAMESERVER\RELEASE\GAMESERVER_EX603\NOTICE.OBJ
D:\[ S-MUONLINE ][U-SP][UP][1]\SOURCE\SERVER\GAMESERVER\GAMESERVER\RELEASE\GAMESERVER_EX603\NPCTALK.OBJ
D:\[ S-MUONLINE ][U-SP][UP][1]\SOURCE\SERVER\GAMESERVER\GAMESERVER\RELEASE\GAMESERVER_EX603\OBJECTMANAGER.OBJ
D:\[ S-MUONLINE ][U-SP][UP][1]\SOURCE\SERVER\GAMESERVER\GAMESERVER\RELEASE\GAMESERVER_EX603\OFFLINEMODE.OBJ
D:\[ S-MUONLINE ][U-SP][UP][1]\SOURCE\SERVER\GAMESERVER\GAMESERVER\RELEASE\GAMESERVER_EX603\PACKETMANAGER.OBJ
D:\[ S-MUONLINE ][U-SP][UP][1]\SOURCE\SERVER\GAMESERVER\GAMESERVER\RELEASE\GAMESERVER_EX603\PARTY.OBJ
D:\[ S-MUONLINE ][U-SP][UP][1]\SOURCE\SERVER\GAMESERVER\GAMESERVER\RELEASE\GAMESERVER_EX603\PARTYMATCHING.OBJ
D:\[ S-MUONLINE ][U-SP][UP][1]\SOURCE\SERVER\GAMESERVER\GAMESERVER\RELEASE\GAMESERVER_EX603\PARTYSEARCH.OBJ
D:\[ S-MUONLINE ][U-SP][UP][1]\SOURCE\SERVER\GAMESERVER\GAMESERVER\RELEASE\GAMESERVER_EX603\PATH.OBJ
D:\[ S-MUONLINE ][U-SP][UP][1]\SOURCE\SERVER\GAMESERVER\GAMESERVER\RELEASE\GAMESERVER_EX603\PCPOINT.OBJ
D:\[ S-MUONLINE ][U-SP][UP][1]\SOURCE\SERVER\GAMESERVER\GAMESERVER\RELEASE\GAMESERVER_EX603\PENTAGRAMSYSTEM.OBJ
D:\[ S-MUONLINE ][U-SP][UP][1]\SOURCE\SERVER\GAMESERVER\GAMESERVER\RELEASE\GAMESERVER_EX603\PERSONALSHOP.OBJ
D:\[ S-MUONLINE ][U-SP][UP][1]\SOURCE\SERVER\GAMESERVER\GAMESERVER\RELEASE\GAMESERVER_EX603\PKSYSTEM.OBJ
D:\[ S-MUONLINE ][U-SP][UP][1]\SOURCE\SERVER\GAMESERVER\GAMESERVER\RELEASE\GAMESERVER_EX603\PREMIUMDROP.OBJ
D:\[ S-MUONLINE ][U-SP][UP][1]\SOURCE\SERVER\GAMESERVER\GAMESERVER\RELEASE\GAMESERVER_EX603\PROTECT.OBJ
D:\[ S-MUONLINE ][U-SP][UP][1]\SOURCE\SERVER\GAMESERVER\GAMESERVER\RELEASE\GAMESERVER_EX603\PROTOCOL.OBJ
D:\[ S-MUONLINE ][U-SP][UP][1]\SOURCE\SERVER\GAMESERVER\GAMESERVER\RELEASE\GAMESERVER_EX603\PUGIXML.OBJ
D:\[ S-MUONLINE ][U-SP][UP][1]\SOURCE\SERVER\GAMESERVER\GAMESERVER\RELEASE\GAMESERVER_EX603\QUERYMANAGER.OBJ
D:\[ S-MUONLINE ][U-SP][UP][1]\SOURCE\SERVER\GAMESERVER\GAMESERVER\RELEASE\GAMESERVER_EX603\QUEST.OBJ
D:\[ S-MUONLINE ][U-SP][UP][1]\SOURCE\SERVER\GAMESERVER\GAMESERVER\RELEASE\GAMESERVER_EX603\QUESTOBJECTIVE.OBJ
D:\[ S-MUONLINE ][U-SP][UP][1]\SOURCE\SERVER\GAMESERVER\GAMESERVER\RELEASE\GAMESERVER_EX603\QUESTREWARD.OBJ
D:\[ S-MUONLINE ][U-SP][UP][1]\SOURCE\SERVER\GAMESERVER\GAMESERVER\RELEASE\GAMESERVER_EX603\QUESTWORLD.OBJ
D:\[ S-MUONLINE ][U-SP][UP][1]\SOURCE\SERVER\GAMESERVER\GAMESERVER\RELEASE\GAMESERVER_EX603\QUESTWORLDOBJECTIVE.OBJ
D:\[ S-MUONLINE ][U-SP][UP][1]\SOURCE\SERVER\GAMESERVER\GAMESERVER\RELEASE\GAMESERVER_EX603\QUESTWORLDREWARD.OBJ
D:\[ S-MUONLINE ][U-SP][UP][1]\SOURCE\SERVER\GAMESERVER\GAMESERVER\RELEASE\GAMESERVER_EX603\QUEUE.OBJ
D:\[ S-MUONLINE ][U-SP][UP][1]\SOURCE\SERVER\GAMESERVER\GAMESERVER\RELEASE\GAMESERVER_EX603\QUEUETIMER.OBJ
D:\[ S-MUONLINE ][U-SP][UP][1]\SOURCE\SERVER\GAMESERVER\GAMESERVER\RELEASE\GAMESERVER_EX603\RAKLION.OBJ
D:\[ S-MUONLINE ][U-SP][UP][1]\SOURCE\SERVER\GAMESERVER\GAMESERVER\RELEASE\GAMESERVER_EX603\RAKLIONBATTLEOFSELUPAN.OBJ
D:\[ S-MUONLINE ][U-SP][UP][1]\SOURCE\SERVER\GAMESERVER\GAMESERVER\RELEASE\GAMESERVER_EX603\RAKLIONBATTLEUSER.OBJ
D:\[ S-MUONLINE ][U-SP][UP][1]\SOURCE\SERVER\GAMESERVER\GAMESERVER\RELEASE\GAMESERVER_EX603\RAKLIONBATTLEUSERMNG.OBJ
D:\[ S-MUONLINE ][U-SP][UP][1]\SOURCE\SERVER\GAMESERVER\GAMESERVER\RELEASE\GAMESERVER_EX603\RAKLIONOBJINFO.OBJ
D:\[ S-MUONLINE ][U-SP][UP][1]\SOURCE\SERVER\GAMESERVER\GAMESERVER\RELEASE\GAMESERVER_EX603\RAKLIONSELUPAN.OBJ
D:\[ S-MUONLINE ][U-SP][UP][1]\SOURCE\SERVER\GAMESERVER\GAMESERVER\RELEASE\GAMESERVER_EX603\RAKLIONUTIL.OBJ
D:\[ S-MUONLINE ][U-SP][UP][1]\SOURCE\SERVER\GAMESERVER\GAMESERVER\RELEASE\GAMESERVER_EX603\RANDOMMANAGER.OBJ
D:\[ S-MUONLINE ][U-SP][UP][1]\SOURCE\SERVER\GAMESERVER\GAMESERVER\RELEASE\GAMESERVER_EX603\RECONNECT.OBJ
D:\[ S-MUONLINE ][U-SP][UP][1]\SOURCE\SERVER\GAMESERVER\GAMESERVER\RELEASE\GAMESERVER_EX603\REIDOMU.OBJ
D:\[ S-MUONLINE ][U-SP][UP][1]\SOURCE\SERVER\GAMESERVER\GAMESERVER\RELEASE\GAMESERVER_EX603\RESETSYSTEM.OBJ
D:\[ S-MUONLINE ][U-SP][UP][1]\SOURCE\SERVER\GAMESERVER\GAMESERVER\RELEASE\GAMESERVER_EX603\RESETTABLE.OBJ
D:\[ S-MUONLINE ][U-SP][UP][1]\SOURCE\SERVER\GAMESERVER\GAMESERVER\RELEASE\GAMESERVER_EX603\RESPAWNLOCATION.OBJ
D:\[ S-MUONLINE ][U-SP][UP][1]\SOURCE\SERVER\GAMESERVER\GAMESERVER\RELEASE\GAMESERVER_EX603\REWARDSYSTEM.OBJ
D:\[ S-MUONLINE ][U-SP][UP][1]\SOURCE\SERVER\GAMESERVER\GAMESERVER\RELEASE\GAMESERVER_EX603\RUUDTOKENSELLTEMPLATE.OBJ
D:\[ S-MUONLINE ][U-SP][UP][1]\SOURCE\SERVER\GAMESERVER\GAMESERVER\RELEASE\GAMESERVER_EX603\SCHEDULEMANAGER.OBJ
D:\[ S-MUONLINE ][U-SP][UP][1]\SOURCE\SERVER\GAMESERVER\GAMESERVER\RELEASE\GAMESERVER_EX603\SERIALCHECK.OBJ
D:\[ S-MUONLINE ][U-SP][UP][1]\SOURCE\SERVER\GAMESERVER\GAMESERVER\RELEASE\GAMESERVER_EX603\SERVERDISPLAYER.OBJ
D:\[ S-MUONLINE ][U-SP][UP][1]\SOURCE\SERVER\GAMESERVER\GAMESERVER\RELEASE\GAMESERVER_EX603\SERVERINFO.OBJ
D:\[ S-MUONLINE ][U-SP][UP][1]\SOURCE\SERVER\GAMESERVER\GAMESERVER\RELEASE\GAMESERVER_EX603\SETITEMOPTION.OBJ
D:\[ S-MUONLINE ][U-SP][UP][1]\SOURCE\SERVER\GAMESERVER\GAMESERVER\RELEASE\GAMESERVER_EX603\SETITEMTYPE.OBJ
D:\[ S-MUONLINE ][U-SP][UP][1]\SOURCE\SERVER\GAMESERVER\GAMESERVER\RELEASE\GAMESERVER_EX603\SHOP.OBJ
D:\[ S-MUONLINE ][U-SP][UP][1]\SOURCE\SERVER\GAMESERVER\GAMESERVER\RELEASE\GAMESERVER_EX603\SHOPMANAGER.OBJ
D:\[ S-MUONLINE ][U-SP][UP][1]\SOURCE\SERVER\GAMESERVER\GAMESERVER\RELEASE\GAMESERVER_EX603\SHOPPOINTEX.OBJ
D:\[ S-MUONLINE ][U-SP][UP][1]\SOURCE\SERVER\GAMESERVER\GAMESERVER\RELEASE\GAMESERVER_EX603\SKILL.OBJ
D:\[ S-MUONLINE ][U-SP][UP][1]\SOURCE\SERVER\GAMESERVER\GAMESERVER\RELEASE\GAMESERVER_EX603\SKILLDAMAGE.OBJ
D:\[ S-MUONLINE ][U-SP][UP][1]\SOURCE\SERVER\GAMESERVER\GAMESERVER\RELEASE\GAMESERVER_EX603\SKILLHITBOX.OBJ
D:\[ S-MUONLINE ][U-SP][UP][1]\SOURCE\SERVER\GAMESERVER\GAMESERVER\RELEASE\GAMESERVER_EX603\SKILLMANAGER.OBJ
D:\[ S-MUONLINE ][U-SP][UP][1]\SOURCE\SERVER\GAMESERVER\GAMESERVER\RELEASE\GAMESERVER_EX603\SOCKETITEMOPTION.OBJ
D:\[ S-MUONLINE ][U-SP][UP][1]\SOURCE\SERVER\GAMESERVER\GAMESERVER\RELEASE\GAMESERVER_EX603\SOCKETITEMTYPE.OBJ
D:\[ S-MUONLINE ][U-SP][UP][1]\SOURCE\SERVER\GAMESERVER\GAMESERVER\RELEASE\GAMESERVER_EX603\SOCKETMANAGER.OBJ
D:\[ S-MUONLINE ][U-SP][UP][1]\SOURCE\SERVER\GAMESERVER\GAMESERVER\RELEASE\GAMESERVER_EX603\SOCKETMANAGERUDP.OBJ
D:\[ S-MUONLINE ][U-SP][UP][1]\SOURCE\SERVER\GAMESERVER\GAMESERVER\RELEASE\GAMESERVER_EX603\STATSADVANCE.OBJ
D:\[ S-MUONLINE ][U-SP][UP][1]\SOURCE\SERVER\GAMESERVER\GAMESERVER\RELEASE\GAMESERVER_EX603\STDAFX.OBJ
D:\[ S-MUONLINE ][U-SP][UP][1]\SOURCE\SERVER\GAMESERVER\GAMESERVER\RELEASE\GAMESERVER_EX603\SUMMONSCROLL.OBJ
D:\[ S-MUONLINE ][U-SP][UP][1]\SOURCE\SERVER\GAMESERVER\GAMESERVER\RELEASE\GAMESERVER_EX603\TELEPORTMARLON.OBJ
D:\[ S-MUONLINE ][U-SP][UP][1]\SOURCE\SERVER\GAMESERVER\GAMESERVER\RELEASE\GAMESERVER_EX603\TRADE.OBJ
D:\[ S-MUONLINE ][U-SP][UP][1]\SOURCE\SERVER\GAMESERVER\GAMESERVER\RELEASE\GAMESERVER_EX603\UNION.OBJ
D:\[ S-MUONLINE ][U-SP][UP][1]\SOURCE\SERVER\GAMESERVER\GAMESERVER\RELEASE\GAMESERVER_EX603\UNIONINFO.OBJ
D:\[ S-MUONLINE ][U-SP][UP][1]\SOURCE\SERVER\GAMESERVER\GAMESERVER\RELEASE\GAMESERVER_EX603\USER.OBJ
D:\[ S-MUONLINE ][U-SP][UP][1]\SOURCE\SERVER\GAMESERVER\GAMESERVER\RELEASE\GAMESERVER_EX603\UTIL.OBJ
D:\[ S-MUONLINE ][U-SP][UP][1]\SOURCE\SERVER\GAMESERVER\GAMESERVER\RELEASE\GAMESERVER_EX603\VC100.PDB
D:\[ S-MUONLINE ][U-SP][UP][1]\SOURCE\SERVER\GAMESERVER\GAMESERVER\RELEASE\GAMESERVER_EX603\VIEWPORT.OBJ
D:\[ S-MUONLINE ][U-SP][UP][1]\SOURCE\SERVER\GAMESERVER\GAMESERVER\RELEASE\GAMESERVER_EX603\WAREHOUSE.OBJ
D:\[ S-MUONLINE ][U-SP][UP][1]\SOURCE\SERVER\GAMESERVER\GAMESERVER\RELEASE\GAMESERVER_EX603\ZENDROP.OBJ
D:\[ S-MUONLINE ][U-SP][UP][1]\SOURCE\SERVER\GAMESERVER\RELEASE\GAMESERVER_EX603\GAMESERVER.EXE
D:\[ S-MUONLINE ][U-SP][UP][1]\SOURCE\SERVER\GAMESERVER\RELEASE\GAMESERVER_EX603\GAMESERVER.PDB
