  stdafx.cpp
  CCRC32.Cpp
  Math.cpp
  pugixml.cpp
  380ItemOption.cpp
  380ItemType.cpp
  Achievements.cpp
  ArcaBattle.cpp
  Attack.cpp
  BattleGround.cpp
  BattleSoccer.cpp
  BattleSoccerManager.cpp
  BCustomItemBank.cpp
  BloodCastle.cpp
  BonusManager.cpp
  BotBuffer.cpp
  CannonTower.cpp
  CashShop.cpp
  CastleDeep.cpp
  CastleSiege.cpp
  CastleSiegeCrown.cpp
  Compiling...
  CastleSiegeCrownSwitch.cpp
  CastleSiegeSync.cpp
  CastleSiegeWeapon.cpp
  ChangeClass.cpp
  ChaosBox.cpp
  ChaosCastle.cpp
  ComboSkill.cpp
  Command.cpp
  CommandManager.cpp
  Connection.cpp
  CriticalSection.cpp
  Crywolf.cpp
  CrywolfAltar.cpp
  CrywolfObjInfo.cpp
  CrywolfStateTimeInfo.cpp
  CrywolfStatue.cpp
  CrywolfSync.cpp
  CrywolfUtil.cpp
  CSProtocol.cpp
  CustomArena.cpp
  Compiling...
  CustomAttack.cpp
  CustomBuyVip.cpp
  CustomCombo.cpp
  CustomCommandDescription.cpp
  CustomDeathMessage.cpp
  CustomEventDrop.cpp
  CustomEventTime.cpp
  CustomJewel.cpp
  CustomMix.cpp
  CustomMonster.cpp
  CustomMonsterSkill.cpp
  CustomMove.cpp
  CustomNpcCollector.cpp
  CustomNpcCommand.cpp
  CustomNpcMove.cpp
  CustomNpcQuest.cpp
  CustomOnlineLottery.cpp
  CustomPet.cpp
  CustomPick.cpp
  CustomPKFree.cpp
  Compiling...
  CustomPvPForCoord.cpp
  CustomQuest.cpp
  CustomQuiz.cpp
  CustomRanking.cpp
  CustomRankUser.cpp
  CustomStartItem.cpp
  CustomStore.cpp
  CustomTop.cpp
  CustomWing.cpp
  CustomWingMix.cpp
  DailyReward.cpp
  DarkSpirit.cpp
  DefaultClassInfo.cpp
  DevilSquare.cpp
  DoubleGoer.cpp
  DropReward.cpp
  DSProtocol.cpp
  Duel.cpp
  Effect.cpp
  EffectManager.cpp
  Compiling...
  ESProtocol.cpp
  EventHideAndSeek.cpp
  EventInventory.cpp
  EventKillAll.cpp
  EventPvP.cpp
  EventQuickly.cpp
  EventRunAndCatch.cpp
  EventRussianRoulette.cpp
  EventStart.cpp
  EventTvT.cpp
  ExperienceTable.cpp
  ExWinQuestSystem.cpp
  Filter.cpp
  FilterRaname.cpp
  FlyingDragons.cpp
  Fruit.cpp
  GameMain.cpp
  GameMaster.cpp
  GameServer.cpp
  Gate.cpp
  Compiling...
  GensSystem.cpp
  GrandResetSystem.cpp
  GuardianStatue.cpp
  Guild.cpp
  GuildClass.cpp
  GuildMatching.cpp
  HackCheck.cpp
  HackPacketCheck.cpp
  HackSkillCheck.cpp
  Helper.cpp
  HwidManager.cpp
  IllusionTemple.cpp
  ImperialGuardian.cpp
  InvasionManager.cpp
  InventoryEquipment.cpp
  IpManager.cpp
  Item.cpp
  ItemBag.cpp
  ItemBagEx.cpp
  ItemBagManager.cpp
  Compiling...
  ItemDrop.cpp
  ItemLevel.cpp
  ItemManager.cpp
  ItemMove.cpp
  ItemOption.cpp
  ItemOptionRate.cpp
  ItemStack.cpp
  ItemValue.cpp
  ItemValueTrade.cpp
  JewelMix.cpp
  JewelOfHarmonyOption.cpp
  JewelOfHarmonyType.cpp
  JSProtocol.cpp
  Kalima.cpp
  Kanturu.cpp
  KanturuBattleOfMaya.cpp
  KanturuBattleOfNightmare.cpp
  KanturuBattleStanby.cpp
  KanturuBattleUserMng.cpp
  KanturuEntranceNPC.cpp
  Compiling...
  KanturuMaya.cpp
  KanturuMonsterMng.cpp
  KanturuObjInfo.cpp
  KanturuStateInfo.cpp
  KanturuTowerOfRefinement.cpp
  KanturuUtil.cpp
  LifeStone.cpp
  Log.cpp
  LuaFuction.cpp
  LuaScript.cpp
  LuckyCoin.cpp
  LuckyItem.cpp
  Map.cpp
  MapItem.cpp
  MapManager.cpp
  MapPath.cpp
  MapServerManager.cpp
  MasterSkillTree.cpp
  MemoryAllocator.cpp
  MemoryAllocatorInfo.cpp
  Compiling...
  MemScript.cpp
  MemScript2.cpp
  Mercenary.cpp
  Message.cpp
  MiniDump.cpp
  MiniMap.cpp
  MiningSystem.cpp
  Monster.cpp
  MonsterAI.cpp
  MonsterAIAgro.cpp
  MonsterAIAutomata.cpp
  MonsterAIAutomataInfo.cpp
  MonsterAIElement.cpp
  MonsterAIElementInfo.cpp
  MonsterAIGroup.cpp
  MonsterAIGroupMember.cpp
  MonsterAIMovePath.cpp
  MonsterAIMovePathInfo.cpp
  MonsterAIRule.cpp
  MonsterAIRuleInfo.cpp
  Compiling...
  MonsterAIState.cpp
  MonsterAIUnit.cpp
  MonsterAIUnitInfo.cpp
  MonsterAIUtil.cpp
  MonsterManager.cpp
  MonsterReward.cpp
  MonsterSetBase.cpp
  MonsterSkillElement.cpp
  MonsterSkillElementInfo.cpp
  MonsterSkillElementOption.cpp
  MonsterSkillInfo.cpp
  MonsterSkillManager.cpp
  MonsterSkillUnit.cpp
  MonsterSkillUnitInfo.cpp
  MossMerchant.cpp
  Move.cpp
  MoveSummon.cpp
  MuRummy.cpp
  MuunSystem.cpp
  NewsBoard.cpp
  Compiling...
  NewUIMyInventory.cpp
  Notice.cpp
  NpcTalk.cpp
  ObjectManager.cpp
  OfflineMode.cpp
  PacketManager.cpp
  Party.cpp
  PartyMatching.cpp
  PartySearch.cpp
  Path.cpp
  PcPoint.cpp
  PentagramSystem.cpp
  PersonalShop.cpp
  PKSystem.cpp
  PremiumDrop.cpp
  Protect.cpp
  Protocol.cpp
  QueryManager.cpp
  Quest.cpp
  QuestObjective.cpp
  Compiling...
  QuestReward.cpp
  QuestWorld.cpp
  QuestWorldObjective.cpp
  QuestWorldReward.cpp
  Queue.cpp
  QueueTimer.cpp
  Raklion.cpp
  RaklionBattleOfSelupan.cpp
  RaklionBattleUser.cpp
  RaklionBattleUserMng.cpp
  RaklionObjInfo.cpp
  RaklionSelupan.cpp
  RaklionUtil.cpp
  RandomManager.cpp
  Reconnect.cpp
  ReiDoMu.cpp
  ResetSystem.cpp
  ResetTable.cpp
  RespawnLocation.cpp
  RewardSystem.cpp
  Compiling...
  RuudTokenSellTemplate.cpp
  ScheduleManager.cpp
  SerialCheck.cpp
  ServerDisplayer.cpp
  ServerInfo.cpp
  SetItemOption.cpp
  SetItemType.cpp
  Shop.cpp
  ShopManager.cpp
  ShopPointEx.cpp
  Skill.cpp
  SkillDamage.cpp
  SkillHitBox.cpp
  SkillManager.cpp
  SocketItemOption.cpp
  SocketItemType.cpp
  SocketManager.cpp
  SocketManagerUdp.cpp
  StatsAdvance.cpp
  SummonScroll.cpp
  Compiling...
  TeleportMarlon.cpp
  Trade.cpp
  Union.cpp
  UnionInfo.cpp
  User.cpp
  Util.cpp
  Viewport.cpp
  Warehouse.cpp
  ZenDrop.cpp
     Creating library D:\[ S-MuOnline ][SP][1][X]\Source\Server\GameServer\Release\GameServer_EX603CS\GameServerCS.lib and object D:\[ S-MuOnline ][SP][1][X]\Source\Server\GameServer\Release\GameServer_EX603CS\GameServerCS.exp
LINK : warning LNK4098: defaultlib 'LIBCMT' conflicts with use of other libs; use /NODEFAULTLIB:library
  Generating code
  Finished generating code
  GameServer.vcxproj -> D:\[ S-MuOnline ][SP][1][X]\Source\Server\GameServer\Release\GameServer_EX603CS\GameServerCS.exe
