D:\[ S-MuOnline ][SP][1][X]\Source\Server\GameServer\GameServer\Release\GameServer_EX603CS\380ItemOption.obj
D:\[ S-MuOnline ][SP][1][X]\Source\Server\GameServer\GameServer\Release\GameServer_EX603CS\380ItemType.obj
D:\[ S-MuOnline ][SP][1][X]\Source\Server\GameServer\GameServer\Release\GameServer_EX603CS\Achievements.obj
D:\[ S-MuOnline ][SP][1][X]\Source\Server\GameServer\GameServer\Release\GameServer_EX603CS\ArcaBattle.obj
D:\[ S-MuOnline ][SP][1][X]\Source\Server\GameServer\GameServer\Release\GameServer_EX603CS\Attack.obj
D:\[ S-MuOnline ][SP][1][X]\Source\Server\GameServer\GameServer\Release\GameServer_EX603CS\BattleGround.obj
D:\[ S-MuOnline ][SP][1][X]\Source\Server\GameServer\GameServer\Release\GameServer_EX603CS\BattleSoccer.obj
D:\[ S-MuOnline ][SP][1][X]\Source\Server\GameServer\GameServer\Release\GameServer_EX603CS\BattleSoccerManager.obj
D:\[ S-MuOnline ][SP][1][X]\Source\Server\GameServer\GameServer\Release\GameServer_EX603CS\BCustomItemBank.obj
D:\[ S-MuOnline ][SP][1][X]\Source\Server\GameServer\GameServer\Release\GameServer_EX603CS\BloodCastle.obj
D:\[ S-MuOnline ][SP][1][X]\Source\Server\GameServer\GameServer\Release\GameServer_EX603CS\BonusManager.obj
D:\[ S-MuOnline ][SP][1][X]\Source\Server\GameServer\GameServer\Release\GameServer_EX603CS\BotBuffer.obj
D:\[ S-MuOnline ][SP][1][X]\Source\Server\GameServer\GameServer\Release\GameServer_EX603CS\CannonTower.obj
D:\[ S-MuOnline ][SP][1][X]\Source\Server\GameServer\GameServer\Release\GameServer_EX603CS\CashShop.obj
D:\[ S-MuOnline ][SP][1][X]\Source\Server\GameServer\GameServer\Release\GameServer_EX603CS\CastleDeep.obj
D:\[ S-MuOnline ][SP][1][X]\Source\Server\GameServer\GameServer\Release\GameServer_EX603CS\CastleSiege.obj
D:\[ S-MuOnline ][SP][1][X]\Source\Server\GameServer\GameServer\Release\GameServer_EX603CS\CastleSiegeCrown.obj
D:\[ S-MuOnline ][SP][1][X]\Source\Server\GameServer\GameServer\Release\GameServer_EX603CS\CastleSiegeCrownSwitch.obj
D:\[ S-MuOnline ][SP][1][X]\Source\Server\GameServer\GameServer\Release\GameServer_EX603CS\CastleSiegeSync.obj
D:\[ S-MuOnline ][SP][1][X]\Source\Server\GameServer\GameServer\Release\GameServer_EX603CS\CastleSiegeWeapon.obj
D:\[ S-MuOnline ][SP][1][X]\Source\Server\GameServer\GameServer\Release\GameServer_EX603CS\CCRC32.obj
D:\[ S-MuOnline ][SP][1][X]\Source\Server\GameServer\GameServer\Release\GameServer_EX603CS\ChangeClass.obj
D:\[ S-MuOnline ][SP][1][X]\Source\Server\GameServer\GameServer\Release\GameServer_EX603CS\ChaosBox.obj
D:\[ S-MuOnline ][SP][1][X]\Source\Server\GameServer\GameServer\Release\GameServer_EX603CS\ChaosCastle.obj
D:\[ S-MuOnline ][SP][1][X]\Source\Server\GameServer\GameServer\Release\GameServer_EX603CS\cl.command.1.tlog
D:\[ S-MuOnline ][SP][1][X]\Source\Server\GameServer\GameServer\Release\GameServer_EX603CS\CL.read.1.tlog
D:\[ S-MuOnline ][SP][1][X]\Source\Server\GameServer\GameServer\Release\GameServer_EX603CS\CL.write.1.tlog
D:\[ S-MuOnline ][SP][1][X]\Source\Server\GameServer\GameServer\Release\GameServer_EX603CS\ComboSkill.obj
D:\[ S-MuOnline ][SP][1][X]\Source\Server\GameServer\GameServer\Release\GameServer_EX603CS\Command.obj
D:\[ S-MuOnline ][SP][1][X]\Source\Server\GameServer\GameServer\Release\GameServer_EX603CS\CommandManager.obj
D:\[ S-MuOnline ][SP][1][X]\Source\Server\GameServer\GameServer\Release\GameServer_EX603CS\Connection.obj
D:\[ S-MuOnline ][SP][1][X]\Source\Server\GameServer\GameServer\Release\GameServer_EX603CS\CriticalSection.obj
D:\[ S-MuOnline ][SP][1][X]\Source\Server\GameServer\GameServer\Release\GameServer_EX603CS\Crywolf.obj
D:\[ S-MuOnline ][SP][1][X]\Source\Server\GameServer\GameServer\Release\GameServer_EX603CS\CrywolfAltar.obj
D:\[ S-MuOnline ][SP][1][X]\Source\Server\GameServer\GameServer\Release\GameServer_EX603CS\CrywolfObjInfo.obj
D:\[ S-MuOnline ][SP][1][X]\Source\Server\GameServer\GameServer\Release\GameServer_EX603CS\CrywolfStateTimeInfo.obj
D:\[ S-MuOnline ][SP][1][X]\Source\Server\GameServer\GameServer\Release\GameServer_EX603CS\CrywolfStatue.obj
D:\[ S-MuOnline ][SP][1][X]\Source\Server\GameServer\GameServer\Release\GameServer_EX603CS\CrywolfSync.obj
D:\[ S-MuOnline ][SP][1][X]\Source\Server\GameServer\GameServer\Release\GameServer_EX603CS\CrywolfUtil.obj
D:\[ S-MuOnline ][SP][1][X]\Source\Server\GameServer\GameServer\Release\GameServer_EX603CS\CSProtocol.obj
D:\[ S-MuOnline ][SP][1][X]\Source\Server\GameServer\GameServer\Release\GameServer_EX603CS\CustomArena.obj
D:\[ S-MuOnline ][SP][1][X]\Source\Server\GameServer\GameServer\Release\GameServer_EX603CS\CustomAttack.obj
D:\[ S-MuOnline ][SP][1][X]\Source\Server\GameServer\GameServer\Release\GameServer_EX603CS\CustomBuyVip.obj
D:\[ S-MuOnline ][SP][1][X]\Source\Server\GameServer\GameServer\Release\GameServer_EX603CS\CustomCombo.obj
D:\[ S-MuOnline ][SP][1][X]\Source\Server\GameServer\GameServer\Release\GameServer_EX603CS\CustomCommandDescription.obj
D:\[ S-MuOnline ][SP][1][X]\Source\Server\GameServer\GameServer\Release\GameServer_EX603CS\CustomDeathMessage.obj
D:\[ S-MuOnline ][SP][1][X]\Source\Server\GameServer\GameServer\Release\GameServer_EX603CS\CustomEventDrop.obj
D:\[ S-MuOnline ][SP][1][X]\Source\Server\GameServer\GameServer\Release\GameServer_EX603CS\CustomEventTime.obj
D:\[ S-MuOnline ][SP][1][X]\Source\Server\GameServer\GameServer\Release\GameServer_EX603CS\CustomJewel.obj
D:\[ S-MuOnline ][SP][1][X]\Source\Server\GameServer\GameServer\Release\GameServer_EX603CS\CustomMix.obj
D:\[ S-MuOnline ][SP][1][X]\Source\Server\GameServer\GameServer\Release\GameServer_EX603CS\CustomMonster.obj
D:\[ S-MuOnline ][SP][1][X]\Source\Server\GameServer\GameServer\Release\GameServer_EX603CS\CustomMonsterSkill.obj
D:\[ S-MuOnline ][SP][1][X]\Source\Server\GameServer\GameServer\Release\GameServer_EX603CS\CustomMove.obj
D:\[ S-MuOnline ][SP][1][X]\Source\Server\GameServer\GameServer\Release\GameServer_EX603CS\CustomNpcCollector.obj
D:\[ S-MuOnline ][SP][1][X]\Source\Server\GameServer\GameServer\Release\GameServer_EX603CS\CustomNpcCommand.obj
D:\[ S-MuOnline ][SP][1][X]\Source\Server\GameServer\GameServer\Release\GameServer_EX603CS\CustomNpcMove.obj
D:\[ S-MuOnline ][SP][1][X]\Source\Server\GameServer\GameServer\Release\GameServer_EX603CS\CustomNpcQuest.obj
D:\[ S-MuOnline ][SP][1][X]\Source\Server\GameServer\GameServer\Release\GameServer_EX603CS\CustomOnlineLottery.obj
D:\[ S-MuOnline ][SP][1][X]\Source\Server\GameServer\GameServer\Release\GameServer_EX603CS\CustomPet.obj
D:\[ S-MuOnline ][SP][1][X]\Source\Server\GameServer\GameServer\Release\GameServer_EX603CS\CustomPick.obj
D:\[ S-MuOnline ][SP][1][X]\Source\Server\GameServer\GameServer\Release\GameServer_EX603CS\CustomPKFree.obj
D:\[ S-MuOnline ][SP][1][X]\Source\Server\GameServer\GameServer\Release\GameServer_EX603CS\CustomPvPForCoord.obj
D:\[ S-MuOnline ][SP][1][X]\Source\Server\GameServer\GameServer\Release\GameServer_EX603CS\CustomQuest.obj
D:\[ S-MuOnline ][SP][1][X]\Source\Server\GameServer\GameServer\Release\GameServer_EX603CS\CustomQuiz.obj
D:\[ S-MuOnline ][SP][1][X]\Source\Server\GameServer\GameServer\Release\GameServer_EX603CS\CustomRanking.obj
D:\[ S-MuOnline ][SP][1][X]\Source\Server\GameServer\GameServer\Release\GameServer_EX603CS\CustomRankUser.obj
D:\[ S-MuOnline ][SP][1][X]\Source\Server\GameServer\GameServer\Release\GameServer_EX603CS\CustomStartItem.obj
D:\[ S-MuOnline ][SP][1][X]\Source\Server\GameServer\GameServer\Release\GameServer_EX603CS\CustomStore.obj
D:\[ S-MuOnline ][SP][1][X]\Source\Server\GameServer\GameServer\Release\GameServer_EX603CS\CustomTop.obj
D:\[ S-MuOnline ][SP][1][X]\Source\Server\GameServer\GameServer\Release\GameServer_EX603CS\CustomWing.obj
D:\[ S-MuOnline ][SP][1][X]\Source\Server\GameServer\GameServer\Release\GameServer_EX603CS\CustomWingMix.obj
D:\[ S-MuOnline ][SP][1][X]\Source\Server\GameServer\GameServer\Release\GameServer_EX603CS\DailyReward.obj
D:\[ S-MuOnline ][SP][1][X]\Source\Server\GameServer\GameServer\Release\GameServer_EX603CS\DarkSpirit.obj
D:\[ S-MuOnline ][SP][1][X]\Source\Server\GameServer\GameServer\Release\GameServer_EX603CS\DefaultClassInfo.obj
D:\[ S-MuOnline ][SP][1][X]\Source\Server\GameServer\GameServer\Release\GameServer_EX603CS\DevilSquare.obj
D:\[ S-MuOnline ][SP][1][X]\Source\Server\GameServer\GameServer\Release\GameServer_EX603CS\DoubleGoer.obj
D:\[ S-MuOnline ][SP][1][X]\Source\Server\GameServer\GameServer\Release\GameServer_EX603CS\DropReward.obj
D:\[ S-MuOnline ][SP][1][X]\Source\Server\GameServer\GameServer\Release\GameServer_EX603CS\DSProtocol.obj
D:\[ S-MuOnline ][SP][1][X]\Source\Server\GameServer\GameServer\Release\GameServer_EX603CS\Duel.obj
D:\[ S-MuOnline ][SP][1][X]\Source\Server\GameServer\GameServer\Release\GameServer_EX603CS\Effect.obj
D:\[ S-MuOnline ][SP][1][X]\Source\Server\GameServer\GameServer\Release\GameServer_EX603CS\EffectManager.obj
D:\[ S-MuOnline ][SP][1][X]\Source\Server\GameServer\GameServer\Release\GameServer_EX603CS\ESProtocol.obj
D:\[ S-MuOnline ][SP][1][X]\Source\Server\GameServer\GameServer\Release\GameServer_EX603CS\EventHideAndSeek.obj
D:\[ S-MuOnline ][SP][1][X]\Source\Server\GameServer\GameServer\Release\GameServer_EX603CS\EventInventory.obj
D:\[ S-MuOnline ][SP][1][X]\Source\Server\GameServer\GameServer\Release\GameServer_EX603CS\EventKillAll.obj
D:\[ S-MuOnline ][SP][1][X]\Source\Server\GameServer\GameServer\Release\GameServer_EX603CS\EventPvP.obj
D:\[ S-MuOnline ][SP][1][X]\Source\Server\GameServer\GameServer\Release\GameServer_EX603CS\EventQuickly.obj
D:\[ S-MuOnline ][SP][1][X]\Source\Server\GameServer\GameServer\Release\GameServer_EX603CS\EventRunAndCatch.obj
D:\[ S-MuOnline ][SP][1][X]\Source\Server\GameServer\GameServer\Release\GameServer_EX603CS\EventRussianRoulette.obj
D:\[ S-MuOnline ][SP][1][X]\Source\Server\GameServer\GameServer\Release\GameServer_EX603CS\EventStart.obj
D:\[ S-MuOnline ][SP][1][X]\Source\Server\GameServer\GameServer\Release\GameServer_EX603CS\EventTvT.obj
D:\[ S-MuOnline ][SP][1][X]\Source\Server\GameServer\GameServer\Release\GameServer_EX603CS\ExperienceTable.obj
D:\[ S-MuOnline ][SP][1][X]\Source\Server\GameServer\GameServer\Release\GameServer_EX603CS\ExWinQuestSystem.obj
D:\[ S-MuOnline ][SP][1][X]\Source\Server\GameServer\GameServer\Release\GameServer_EX603CS\Filter.obj
D:\[ S-MuOnline ][SP][1][X]\Source\Server\GameServer\GameServer\Release\GameServer_EX603CS\FilterRaname.obj
D:\[ S-MuOnline ][SP][1][X]\Source\Server\GameServer\GameServer\Release\GameServer_EX603CS\FlyingDragons.obj
D:\[ S-MuOnline ][SP][1][X]\Source\Server\GameServer\GameServer\Release\GameServer_EX603CS\Fruit.obj
D:\[ S-MuOnline ][SP][1][X]\Source\Server\GameServer\GameServer\Release\GameServer_EX603CS\GameMain.obj
D:\[ S-MuOnline ][SP][1][X]\Source\Server\GameServer\GameServer\Release\GameServer_EX603CS\GameMaster.obj
D:\[ S-MuOnline ][SP][1][X]\Source\Server\GameServer\GameServer\Release\GameServer_EX603CS\GameServer.obj
D:\[ S-MuOnline ][SP][1][X]\Source\Server\GameServer\GameServer\Release\GameServer_EX603CS\GameServer.res
D:\[ S-MuOnline ][SP][1][X]\Source\Server\GameServer\GameServer\Release\GameServer_EX603CS\GameServerCS.exe.intermediate.manifest
D:\[ S-MuOnline ][SP][1][X]\Source\Server\GameServer\GameServer\Release\GameServer_EX603CS\GameServerCS.pch
D:\[ S-MuOnline ][SP][1][X]\Source\Server\GameServer\GameServer\Release\GameServer_EX603CS\Gate.obj
D:\[ S-MuOnline ][SP][1][X]\Source\Server\GameServer\GameServer\Release\GameServer_EX603CS\GensSystem.obj
D:\[ S-MuOnline ][SP][1][X]\Source\Server\GameServer\GameServer\Release\GameServer_EX603CS\GrandResetSystem.obj
D:\[ S-MuOnline ][SP][1][X]\Source\Server\GameServer\GameServer\Release\GameServer_EX603CS\GuardianStatue.obj
D:\[ S-MuOnline ][SP][1][X]\Source\Server\GameServer\GameServer\Release\GameServer_EX603CS\Guild.obj
D:\[ S-MuOnline ][SP][1][X]\Source\Server\GameServer\GameServer\Release\GameServer_EX603CS\GuildClass.obj
D:\[ S-MuOnline ][SP][1][X]\Source\Server\GameServer\GameServer\Release\GameServer_EX603CS\GuildMatching.obj
D:\[ S-MuOnline ][SP][1][X]\Source\Server\GameServer\GameServer\Release\GameServer_EX603CS\HackCheck.obj
D:\[ S-MuOnline ][SP][1][X]\Source\Server\GameServer\GameServer\Release\GameServer_EX603CS\HackPacketCheck.obj
D:\[ S-MuOnline ][SP][1][X]\Source\Server\GameServer\GameServer\Release\GameServer_EX603CS\HackSkillCheck.obj
D:\[ S-MuOnline ][SP][1][X]\Source\Server\GameServer\GameServer\Release\GameServer_EX603CS\Helper.obj
D:\[ S-MuOnline ][SP][1][X]\Source\Server\GameServer\GameServer\Release\GameServer_EX603CS\HwidManager.obj
D:\[ S-MuOnline ][SP][1][X]\Source\Server\GameServer\GameServer\Release\GameServer_EX603CS\IllusionTemple.obj
D:\[ S-MuOnline ][SP][1][X]\Source\Server\GameServer\GameServer\Release\GameServer_EX603CS\ImperialGuardian.obj
D:\[ S-MuOnline ][SP][1][X]\Source\Server\GameServer\GameServer\Release\GameServer_EX603CS\InvasionManager.obj
D:\[ S-MuOnline ][SP][1][X]\Source\Server\GameServer\GameServer\Release\GameServer_EX603CS\InventoryEquipment.obj
D:\[ S-MuOnline ][SP][1][X]\Source\Server\GameServer\GameServer\Release\GameServer_EX603CS\IpManager.obj
D:\[ S-MuOnline ][SP][1][X]\Source\Server\GameServer\GameServer\Release\GameServer_EX603CS\Item.obj
D:\[ S-MuOnline ][SP][1][X]\Source\Server\GameServer\GameServer\Release\GameServer_EX603CS\ItemBag.obj
D:\[ S-MuOnline ][SP][1][X]\Source\Server\GameServer\GameServer\Release\GameServer_EX603CS\ItemBagEx.obj
D:\[ S-MuOnline ][SP][1][X]\Source\Server\GameServer\GameServer\Release\GameServer_EX603CS\ItemBagManager.obj
D:\[ S-MuOnline ][SP][1][X]\Source\Server\GameServer\GameServer\Release\GameServer_EX603CS\ItemDrop.obj
D:\[ S-MuOnline ][SP][1][X]\Source\Server\GameServer\GameServer\Release\GameServer_EX603CS\ItemLevel.obj
D:\[ S-MuOnline ][SP][1][X]\Source\Server\GameServer\GameServer\Release\GameServer_EX603CS\ItemManager.obj
D:\[ S-MuOnline ][SP][1][X]\Source\Server\GameServer\GameServer\Release\GameServer_EX603CS\ItemMove.obj
D:\[ S-MuOnline ][SP][1][X]\Source\Server\GameServer\GameServer\Release\GameServer_EX603CS\ItemOption.obj
D:\[ S-MuOnline ][SP][1][X]\Source\Server\GameServer\GameServer\Release\GameServer_EX603CS\ItemOptionRate.obj
D:\[ S-MuOnline ][SP][1][X]\Source\Server\GameServer\GameServer\Release\GameServer_EX603CS\ItemStack.obj
D:\[ S-MuOnline ][SP][1][X]\Source\Server\GameServer\GameServer\Release\GameServer_EX603CS\ItemValue.obj
D:\[ S-MuOnline ][SP][1][X]\Source\Server\GameServer\GameServer\Release\GameServer_EX603CS\ItemValueTrade.obj
D:\[ S-MuOnline ][SP][1][X]\Source\Server\GameServer\GameServer\Release\GameServer_EX603CS\JewelMix.obj
D:\[ S-MuOnline ][SP][1][X]\Source\Server\GameServer\GameServer\Release\GameServer_EX603CS\JewelOfHarmonyOption.obj
D:\[ S-MuOnline ][SP][1][X]\Source\Server\GameServer\GameServer\Release\GameServer_EX603CS\JewelOfHarmonyType.obj
D:\[ S-MuOnline ][SP][1][X]\Source\Server\GameServer\GameServer\Release\GameServer_EX603CS\JSProtocol.obj
D:\[ S-MuOnline ][SP][1][X]\Source\Server\GameServer\GameServer\Release\GameServer_EX603CS\Kalima.obj
D:\[ S-MuOnline ][SP][1][X]\Source\Server\GameServer\GameServer\Release\GameServer_EX603CS\Kanturu.obj
D:\[ S-MuOnline ][SP][1][X]\Source\Server\GameServer\GameServer\Release\GameServer_EX603CS\KanturuBattleOfMaya.obj
D:\[ S-MuOnline ][SP][1][X]\Source\Server\GameServer\GameServer\Release\GameServer_EX603CS\KanturuBattleOfNightmare.obj
D:\[ S-MuOnline ][SP][1][X]\Source\Server\GameServer\GameServer\Release\GameServer_EX603CS\KanturuBattleStanby.obj
D:\[ S-MuOnline ][SP][1][X]\Source\Server\GameServer\GameServer\Release\GameServer_EX603CS\KanturuBattleUserMng.obj
D:\[ S-MuOnline ][SP][1][X]\Source\Server\GameServer\GameServer\Release\GameServer_EX603CS\KanturuEntranceNPC.obj
D:\[ S-MuOnline ][SP][1][X]\Source\Server\GameServer\GameServer\Release\GameServer_EX603CS\KanturuMaya.obj
D:\[ S-MuOnline ][SP][1][X]\Source\Server\GameServer\GameServer\Release\GameServer_EX603CS\KanturuMonsterMng.obj
D:\[ S-MuOnline ][SP][1][X]\Source\Server\GameServer\GameServer\Release\GameServer_EX603CS\KanturuObjInfo.obj
D:\[ S-MuOnline ][SP][1][X]\Source\Server\GameServer\GameServer\Release\GameServer_EX603CS\KanturuStateInfo.obj
D:\[ S-MuOnline ][SP][1][X]\Source\Server\GameServer\GameServer\Release\GameServer_EX603CS\KanturuTowerOfRefinement.obj
D:\[ S-MuOnline ][SP][1][X]\Source\Server\GameServer\GameServer\Release\GameServer_EX603CS\KanturuUtil.obj
D:\[ S-MuOnline ][SP][1][X]\Source\Server\GameServer\GameServer\Release\GameServer_EX603CS\LifeStone.obj
D:\[ S-MuOnline ][SP][1][X]\Source\Server\GameServer\GameServer\Release\GameServer_EX603CS\link.command.1.tlog
D:\[ S-MuOnline ][SP][1][X]\Source\Server\GameServer\GameServer\Release\GameServer_EX603CS\link.read.1.tlog
D:\[ S-MuOnline ][SP][1][X]\Source\Server\GameServer\GameServer\Release\GameServer_EX603CS\link.write.1.tlog
D:\[ S-MuOnline ][SP][1][X]\Source\Server\GameServer\GameServer\Release\GameServer_EX603CS\link-cvtres.read.1.tlog
D:\[ S-MuOnline ][SP][1][X]\Source\Server\GameServer\GameServer\Release\GameServer_EX603CS\link-cvtres.write.1.tlog
D:\[ S-MuOnline ][SP][1][X]\Source\Server\GameServer\GameServer\Release\GameServer_EX603CS\Log.obj
D:\[ S-MuOnline ][SP][1][X]\Source\Server\GameServer\GameServer\Release\GameServer_EX603CS\LuaFuction.obj
D:\[ S-MuOnline ][SP][1][X]\Source\Server\GameServer\GameServer\Release\GameServer_EX603CS\LuaScript.obj
D:\[ S-MuOnline ][SP][1][X]\Source\Server\GameServer\GameServer\Release\GameServer_EX603CS\LuckyCoin.obj
D:\[ S-MuOnline ][SP][1][X]\Source\Server\GameServer\GameServer\Release\GameServer_EX603CS\LuckyItem.obj
D:\[ S-MuOnline ][SP][1][X]\Source\Server\GameServer\GameServer\Release\GameServer_EX603CS\Map.obj
D:\[ S-MuOnline ][SP][1][X]\Source\Server\GameServer\GameServer\Release\GameServer_EX603CS\MapItem.obj
D:\[ S-MuOnline ][SP][1][X]\Source\Server\GameServer\GameServer\Release\GameServer_EX603CS\MapManager.obj
D:\[ S-MuOnline ][SP][1][X]\Source\Server\GameServer\GameServer\Release\GameServer_EX603CS\MapPath.obj
D:\[ S-MuOnline ][SP][1][X]\Source\Server\GameServer\GameServer\Release\GameServer_EX603CS\MapServerManager.obj
D:\[ S-MuOnline ][SP][1][X]\Source\Server\GameServer\GameServer\Release\GameServer_EX603CS\MasterSkillTree.obj
D:\[ S-MuOnline ][SP][1][X]\Source\Server\GameServer\GameServer\Release\GameServer_EX603CS\Math.obj
D:\[ S-MuOnline ][SP][1][X]\Source\Server\GameServer\GameServer\Release\GameServer_EX603CS\MemoryAllocator.obj
D:\[ S-MuOnline ][SP][1][X]\Source\Server\GameServer\GameServer\Release\GameServer_EX603CS\MemoryAllocatorInfo.obj
D:\[ S-MuOnline ][SP][1][X]\Source\Server\GameServer\GameServer\Release\GameServer_EX603CS\MemScript.obj
D:\[ S-MuOnline ][SP][1][X]\Source\Server\GameServer\GameServer\Release\GameServer_EX603CS\Mercenary.obj
D:\[ S-MuOnline ][SP][1][X]\Source\Server\GameServer\GameServer\Release\GameServer_EX603CS\Message.obj
D:\[ S-MuOnline ][SP][1][X]\Source\Server\GameServer\GameServer\Release\GameServer_EX603CS\MiniDump.obj
D:\[ S-MuOnline ][SP][1][X]\Source\Server\GameServer\GameServer\Release\GameServer_EX603CS\MiniMap.obj
D:\[ S-MuOnline ][SP][1][X]\Source\Server\GameServer\GameServer\Release\GameServer_EX603CS\MiningSystem.obj
D:\[ S-MuOnline ][SP][1][X]\Source\Server\GameServer\GameServer\Release\GameServer_EX603CS\Monster.obj
D:\[ S-MuOnline ][SP][1][X]\Source\Server\GameServer\GameServer\Release\GameServer_EX603CS\MonsterAI.obj
D:\[ S-MuOnline ][SP][1][X]\Source\Server\GameServer\GameServer\Release\GameServer_EX603CS\MonsterAIAgro.obj
D:\[ S-MuOnline ][SP][1][X]\Source\Server\GameServer\GameServer\Release\GameServer_EX603CS\MonsterAIAutomata.obj
D:\[ S-MuOnline ][SP][1][X]\Source\Server\GameServer\GameServer\Release\GameServer_EX603CS\MonsterAIAutomataInfo.obj
D:\[ S-MuOnline ][SP][1][X]\Source\Server\GameServer\GameServer\Release\GameServer_EX603CS\MonsterAIElement.obj
D:\[ S-MuOnline ][SP][1][X]\Source\Server\GameServer\GameServer\Release\GameServer_EX603CS\MonsterAIElementInfo.obj
D:\[ S-MuOnline ][SP][1][X]\Source\Server\GameServer\GameServer\Release\GameServer_EX603CS\MonsterAIGroup.obj
D:\[ S-MuOnline ][SP][1][X]\Source\Server\GameServer\GameServer\Release\GameServer_EX603CS\MonsterAIGroupMember.obj
D:\[ S-MuOnline ][SP][1][X]\Source\Server\GameServer\GameServer\Release\GameServer_EX603CS\MonsterAIMovePath.obj
D:\[ S-MuOnline ][SP][1][X]\Source\Server\GameServer\GameServer\Release\GameServer_EX603CS\MonsterAIMovePathInfo.obj
D:\[ S-MuOnline ][SP][1][X]\Source\Server\GameServer\GameServer\Release\GameServer_EX603CS\MonsterAIRule.obj
D:\[ S-MuOnline ][SP][1][X]\Source\Server\GameServer\GameServer\Release\GameServer_EX603CS\MonsterAIRuleInfo.obj
D:\[ S-MuOnline ][SP][1][X]\Source\Server\GameServer\GameServer\Release\GameServer_EX603CS\MonsterAIState.obj
D:\[ S-MuOnline ][SP][1][X]\Source\Server\GameServer\GameServer\Release\GameServer_EX603CS\MonsterAIUnit.obj
D:\[ S-MuOnline ][SP][1][X]\Source\Server\GameServer\GameServer\Release\GameServer_EX603CS\MonsterAIUnitInfo.obj
D:\[ S-MuOnline ][SP][1][X]\Source\Server\GameServer\GameServer\Release\GameServer_EX603CS\MonsterAIUtil.obj
D:\[ S-MuOnline ][SP][1][X]\Source\Server\GameServer\GameServer\Release\GameServer_EX603CS\MonsterManager.obj
D:\[ S-MuOnline ][SP][1][X]\Source\Server\GameServer\GameServer\Release\GameServer_EX603CS\MonsterReward.obj
D:\[ S-MuOnline ][SP][1][X]\Source\Server\GameServer\GameServer\Release\GameServer_EX603CS\MonsterSetBase.obj
D:\[ S-MuOnline ][SP][1][X]\Source\Server\GameServer\GameServer\Release\GameServer_EX603CS\MonsterSkillElement.obj
D:\[ S-MuOnline ][SP][1][X]\Source\Server\GameServer\GameServer\Release\GameServer_EX603CS\MonsterSkillElementInfo.obj
D:\[ S-MuOnline ][SP][1][X]\Source\Server\GameServer\GameServer\Release\GameServer_EX603CS\MonsterSkillElementOption.obj
D:\[ S-MuOnline ][SP][1][X]\Source\Server\GameServer\GameServer\Release\GameServer_EX603CS\MonsterSkillInfo.obj
D:\[ S-MuOnline ][SP][1][X]\Source\Server\GameServer\GameServer\Release\GameServer_EX603CS\MonsterSkillManager.obj
D:\[ S-MuOnline ][SP][1][X]\Source\Server\GameServer\GameServer\Release\GameServer_EX603CS\MonsterSkillUnit.obj
D:\[ S-MuOnline ][SP][1][X]\Source\Server\GameServer\GameServer\Release\GameServer_EX603CS\MonsterSkillUnitInfo.obj
D:\[ S-MuOnline ][SP][1][X]\Source\Server\GameServer\GameServer\Release\GameServer_EX603CS\MossMerchant.obj
D:\[ S-MuOnline ][SP][1][X]\Source\Server\GameServer\GameServer\Release\GameServer_EX603CS\Move.obj
D:\[ S-MuOnline ][SP][1][X]\Source\Server\GameServer\GameServer\Release\GameServer_EX603CS\MoveSummon.obj
D:\[ S-MuOnline ][SP][1][X]\Source\Server\GameServer\GameServer\Release\GameServer_EX603CS\mt.command.1.tlog
D:\[ S-MuOnline ][SP][1][X]\Source\Server\GameServer\GameServer\Release\GameServer_EX603CS\mt.read.1.tlog
D:\[ S-MuOnline ][SP][1][X]\Source\Server\GameServer\GameServer\Release\GameServer_EX603CS\mt.write.1.tlog
D:\[ S-MuOnline ][SP][1][X]\Source\Server\GameServer\GameServer\Release\GameServer_EX603CS\MuRummy.obj
D:\[ S-MuOnline ][SP][1][X]\Source\Server\GameServer\GameServer\Release\GameServer_EX603CS\MuunSystem.obj
D:\[ S-MuOnline ][SP][1][X]\Source\Server\GameServer\GameServer\Release\GameServer_EX603CS\NewUIMyInventory.obj
D:\[ S-MuOnline ][SP][1][X]\Source\Server\GameServer\GameServer\Release\GameServer_EX603CS\Notice.obj
D:\[ S-MuOnline ][SP][1][X]\Source\Server\GameServer\GameServer\Release\GameServer_EX603CS\NpcTalk.obj
D:\[ S-MuOnline ][SP][1][X]\Source\Server\GameServer\GameServer\Release\GameServer_EX603CS\ObjectManager.obj
D:\[ S-MuOnline ][SP][1][X]\Source\Server\GameServer\GameServer\Release\GameServer_EX603CS\OfflineMode.obj
D:\[ S-MuOnline ][SP][1][X]\Source\Server\GameServer\GameServer\Release\GameServer_EX603CS\PacketManager.obj
D:\[ S-MuOnline ][SP][1][X]\Source\Server\GameServer\GameServer\Release\GameServer_EX603CS\Party.obj
D:\[ S-MuOnline ][SP][1][X]\Source\Server\GameServer\GameServer\Release\GameServer_EX603CS\PartyMatching.obj
D:\[ S-MuOnline ][SP][1][X]\Source\Server\GameServer\GameServer\Release\GameServer_EX603CS\PartySearch.obj
D:\[ S-MuOnline ][SP][1][X]\Source\Server\GameServer\GameServer\Release\GameServer_EX603CS\Path.obj
D:\[ S-MuOnline ][SP][1][X]\Source\Server\GameServer\GameServer\Release\GameServer_EX603CS\PcPoint.obj
D:\[ S-MuOnline ][SP][1][X]\Source\Server\GameServer\GameServer\Release\GameServer_EX603CS\PentagramSystem.obj
D:\[ S-MuOnline ][SP][1][X]\Source\Server\GameServer\GameServer\Release\GameServer_EX603CS\PersonalShop.obj
D:\[ S-MuOnline ][SP][1][X]\Source\Server\GameServer\GameServer\Release\GameServer_EX603CS\PKSystem.obj
D:\[ S-MuOnline ][SP][1][X]\Source\Server\GameServer\GameServer\Release\GameServer_EX603CS\PremiumDrop.obj
D:\[ S-MuOnline ][SP][1][X]\Source\Server\GameServer\GameServer\Release\GameServer_EX603CS\Protect.obj
D:\[ S-MuOnline ][SP][1][X]\Source\Server\GameServer\GameServer\Release\GameServer_EX603CS\Protocol.obj
D:\[ S-MuOnline ][SP][1][X]\Source\Server\GameServer\GameServer\Release\GameServer_EX603CS\pugixml.obj
D:\[ S-MuOnline ][SP][1][X]\Source\Server\GameServer\GameServer\Release\GameServer_EX603CS\QueryManager.obj
D:\[ S-MuOnline ][SP][1][X]\Source\Server\GameServer\GameServer\Release\GameServer_EX603CS\Quest.obj
D:\[ S-MuOnline ][SP][1][X]\Source\Server\GameServer\GameServer\Release\GameServer_EX603CS\QuestObjective.obj
D:\[ S-MuOnline ][SP][1][X]\Source\Server\GameServer\GameServer\Release\GameServer_EX603CS\QuestReward.obj
D:\[ S-MuOnline ][SP][1][X]\Source\Server\GameServer\GameServer\Release\GameServer_EX603CS\QuestWorld.obj
D:\[ S-MuOnline ][SP][1][X]\Source\Server\GameServer\GameServer\Release\GameServer_EX603CS\QuestWorldObjective.obj
D:\[ S-MuOnline ][SP][1][X]\Source\Server\GameServer\GameServer\Release\GameServer_EX603CS\QuestWorldReward.obj
D:\[ S-MuOnline ][SP][1][X]\Source\Server\GameServer\GameServer\Release\GameServer_EX603CS\Queue.obj
D:\[ S-MuOnline ][SP][1][X]\Source\Server\GameServer\GameServer\Release\GameServer_EX603CS\QueueTimer.obj
D:\[ S-MuOnline ][SP][1][X]\Source\Server\GameServer\GameServer\Release\GameServer_EX603CS\Raklion.obj
D:\[ S-MuOnline ][SP][1][X]\Source\Server\GameServer\GameServer\Release\GameServer_EX603CS\RaklionBattleOfSelupan.obj
D:\[ S-MuOnline ][SP][1][X]\Source\Server\GameServer\GameServer\Release\GameServer_EX603CS\RaklionBattleUser.obj
D:\[ S-MuOnline ][SP][1][X]\Source\Server\GameServer\GameServer\Release\GameServer_EX603CS\RaklionBattleUserMng.obj
D:\[ S-MuOnline ][SP][1][X]\Source\Server\GameServer\GameServer\Release\GameServer_EX603CS\RaklionObjInfo.obj
D:\[ S-MuOnline ][SP][1][X]\Source\Server\GameServer\GameServer\Release\GameServer_EX603CS\RaklionSelupan.obj
D:\[ S-MuOnline ][SP][1][X]\Source\Server\GameServer\GameServer\Release\GameServer_EX603CS\RaklionUtil.obj
D:\[ S-MuOnline ][SP][1][X]\Source\Server\GameServer\GameServer\Release\GameServer_EX603CS\RandomManager.obj
D:\[ S-MuOnline ][SP][1][X]\Source\Server\GameServer\GameServer\Release\GameServer_EX603CS\rc.command.1.tlog
D:\[ S-MuOnline ][SP][1][X]\Source\Server\GameServer\GameServer\Release\GameServer_EX603CS\rc.read.1.tlog
D:\[ S-MuOnline ][SP][1][X]\Source\Server\GameServer\GameServer\Release\GameServer_EX603CS\rc.write.1.tlog
D:\[ S-MuOnline ][SP][1][X]\Source\Server\GameServer\GameServer\Release\GameServer_EX603CS\Reconnect.obj
D:\[ S-MuOnline ][SP][1][X]\Source\Server\GameServer\GameServer\Release\GameServer_EX603CS\ReiDoMu.obj
D:\[ S-MuOnline ][SP][1][X]\Source\Server\GameServer\GameServer\Release\GameServer_EX603CS\ResetSystem.obj
D:\[ S-MuOnline ][SP][1][X]\Source\Server\GameServer\GameServer\Release\GameServer_EX603CS\ResetTable.obj
D:\[ S-MuOnline ][SP][1][X]\Source\Server\GameServer\GameServer\Release\GameServer_EX603CS\RespawnLocation.obj
D:\[ S-MuOnline ][SP][1][X]\Source\Server\GameServer\GameServer\Release\GameServer_EX603CS\RewardSystem.obj
D:\[ S-MuOnline ][SP][1][X]\Source\Server\GameServer\GameServer\Release\GameServer_EX603CS\RuudTokenSellTemplate.obj
D:\[ S-MuOnline ][SP][1][X]\Source\Server\GameServer\GameServer\Release\GameServer_EX603CS\ScheduleManager.obj
D:\[ S-MuOnline ][SP][1][X]\Source\Server\GameServer\GameServer\Release\GameServer_EX603CS\SerialCheck.obj
D:\[ S-MuOnline ][SP][1][X]\Source\Server\GameServer\GameServer\Release\GameServer_EX603CS\ServerDisplayer.obj
D:\[ S-MuOnline ][SP][1][X]\Source\Server\GameServer\GameServer\Release\GameServer_EX603CS\ServerInfo.obj
D:\[ S-MuOnline ][SP][1][X]\Source\Server\GameServer\GameServer\Release\GameServer_EX603CS\SetItemOption.obj
D:\[ S-MuOnline ][SP][1][X]\Source\Server\GameServer\GameServer\Release\GameServer_EX603CS\SetItemType.obj
D:\[ S-MuOnline ][SP][1][X]\Source\Server\GameServer\GameServer\Release\GameServer_EX603CS\Shop.obj
D:\[ S-MuOnline ][SP][1][X]\Source\Server\GameServer\GameServer\Release\GameServer_EX603CS\ShopManager.obj
D:\[ S-MuOnline ][SP][1][X]\Source\Server\GameServer\GameServer\Release\GameServer_EX603CS\ShopPointEx.obj
D:\[ S-MuOnline ][SP][1][X]\Source\Server\GameServer\GameServer\Release\GameServer_EX603CS\Skill.obj
D:\[ S-MuOnline ][SP][1][X]\Source\Server\GameServer\GameServer\Release\GameServer_EX603CS\SkillDamage.obj
D:\[ S-MuOnline ][SP][1][X]\Source\Server\GameServer\GameServer\Release\GameServer_EX603CS\SkillHitBox.obj
D:\[ S-MuOnline ][SP][1][X]\Source\Server\GameServer\GameServer\Release\GameServer_EX603CS\SkillManager.obj
D:\[ S-MuOnline ][SP][1][X]\Source\Server\GameServer\GameServer\Release\GameServer_EX603CS\SocketItemOption.obj
D:\[ S-MuOnline ][SP][1][X]\Source\Server\GameServer\GameServer\Release\GameServer_EX603CS\SocketItemType.obj
D:\[ S-MuOnline ][SP][1][X]\Source\Server\GameServer\GameServer\Release\GameServer_EX603CS\SocketManager.obj
D:\[ S-MuOnline ][SP][1][X]\Source\Server\GameServer\GameServer\Release\GameServer_EX603CS\SocketManagerUdp.obj
D:\[ S-MuOnline ][SP][1][X]\Source\Server\GameServer\GameServer\Release\GameServer_EX603CS\StatsAdvance.obj
D:\[ S-MuOnline ][SP][1][X]\Source\Server\GameServer\GameServer\Release\GameServer_EX603CS\stdafx.obj
D:\[ S-MuOnline ][SP][1][X]\Source\Server\GameServer\GameServer\Release\GameServer_EX603CS\SummonScroll.obj
D:\[ S-MuOnline ][SP][1][X]\Source\Server\GameServer\GameServer\Release\GameServer_EX603CS\TeleportMarlon.obj
D:\[ S-MuOnline ][SP][1][X]\Source\Server\GameServer\GameServer\Release\GameServer_EX603CS\Trade.obj
D:\[ S-MuOnline ][SP][1][X]\Source\Server\GameServer\GameServer\Release\GameServer_EX603CS\Union.obj
D:\[ S-MuOnline ][SP][1][X]\Source\Server\GameServer\GameServer\Release\GameServer_EX603CS\UnionInfo.obj
D:\[ S-MuOnline ][SP][1][X]\Source\Server\GameServer\GameServer\Release\GameServer_EX603CS\User.obj
D:\[ S-MuOnline ][SP][1][X]\Source\Server\GameServer\GameServer\Release\GameServer_EX603CS\Util.obj
D:\[ S-MuOnline ][SP][1][X]\Source\Server\GameServer\GameServer\Release\GameServer_EX603CS\vc100.pdb
D:\[ S-MuOnline ][SP][1][X]\Source\Server\GameServer\GameServer\Release\GameServer_EX603CS\Viewport.obj
D:\[ S-MuOnline ][SP][1][X]\Source\Server\GameServer\GameServer\Release\GameServer_EX603CS\Warehouse.obj
D:\[ S-MuOnline ][SP][1][X]\Source\Server\GameServer\GameServer\Release\GameServer_EX603CS\ZenDrop.obj
D:\[ S-MuOnline ][SP][1][X]\Source\Server\GameServer\Release\GameServer_EX603CS\GameServerCS.exe
D:\[ S-MuOnline ][SP][1][X]\Source\Server\GameServer\Release\GameServer_EX603CS\GameServerCS.pdb
D:\[ S-MUONLINE ][U-SP][UP][1]\SOURCE\SERVER\GAMESERVER\GAMESERVER\RELEASE\GAMESERVER_EX603CS\380ITEMOPTION.OBJ
D:\[ S-MUONLINE ][U-SP][UP][1]\SOURCE\SERVER\GAMESERVER\GAMESERVER\RELEASE\GAMESERVER_EX603CS\380ITEMTYPE.OBJ
D:\[ S-MUONLINE ][U-SP][UP][1]\SOURCE\SERVER\GAMESERVER\GAMESERVER\RELEASE\GAMESERVER_EX603CS\ACHIEVEMENTS.OBJ
D:\[ S-MUONLINE ][U-SP][UP][1]\SOURCE\SERVER\GAMESERVER\GAMESERVER\RELEASE\GAMESERVER_EX603CS\ARCABATTLE.OBJ
D:\[ S-MUONLINE ][U-SP][UP][1]\SOURCE\SERVER\GAMESERVER\GAMESERVER\RELEASE\GAMESERVER_EX603CS\ATTACK.OBJ
D:\[ S-MUONLINE ][U-SP][UP][1]\SOURCE\SERVER\GAMESERVER\GAMESERVER\RELEASE\GAMESERVER_EX603CS\BATTLEGROUND.OBJ
D:\[ S-MUONLINE ][U-SP][UP][1]\SOURCE\SERVER\GAMESERVER\GAMESERVER\RELEASE\GAMESERVER_EX603CS\BATTLESOCCER.OBJ
D:\[ S-MUONLINE ][U-SP][UP][1]\SOURCE\SERVER\GAMESERVER\GAMESERVER\RELEASE\GAMESERVER_EX603CS\BATTLESOCCERMANAGER.OBJ
D:\[ S-MUONLINE ][U-SP][UP][1]\SOURCE\SERVER\GAMESERVER\GAMESERVER\RELEASE\GAMESERVER_EX603CS\BCUSTOMITEMBANK.OBJ
D:\[ S-MUONLINE ][U-SP][UP][1]\SOURCE\SERVER\GAMESERVER\GAMESERVER\RELEASE\GAMESERVER_EX603CS\BLOODCASTLE.OBJ
D:\[ S-MUONLINE ][U-SP][UP][1]\SOURCE\SERVER\GAMESERVER\GAMESERVER\RELEASE\GAMESERVER_EX603CS\BONUSMANAGER.OBJ
D:\[ S-MUONLINE ][U-SP][UP][1]\SOURCE\SERVER\GAMESERVER\GAMESERVER\RELEASE\GAMESERVER_EX603CS\BOTBUFFER.OBJ
D:\[ S-MUONLINE ][U-SP][UP][1]\SOURCE\SERVER\GAMESERVER\GAMESERVER\RELEASE\GAMESERVER_EX603CS\CANNONTOWER.OBJ
D:\[ S-MUONLINE ][U-SP][UP][1]\SOURCE\SERVER\GAMESERVER\GAMESERVER\RELEASE\GAMESERVER_EX603CS\CASHSHOP.OBJ
D:\[ S-MUONLINE ][U-SP][UP][1]\SOURCE\SERVER\GAMESERVER\GAMESERVER\RELEASE\GAMESERVER_EX603CS\CASTLEDEEP.OBJ
D:\[ S-MUONLINE ][U-SP][UP][1]\SOURCE\SERVER\GAMESERVER\GAMESERVER\RELEASE\GAMESERVER_EX603CS\CASTLESIEGE.OBJ
D:\[ S-MUONLINE ][U-SP][UP][1]\SOURCE\SERVER\GAMESERVER\GAMESERVER\RELEASE\GAMESERVER_EX603CS\CASTLESIEGECROWN.OBJ
D:\[ S-MUONLINE ][U-SP][UP][1]\SOURCE\SERVER\GAMESERVER\GAMESERVER\RELEASE\GAMESERVER_EX603CS\CASTLESIEGECROWNSWITCH.OBJ
D:\[ S-MUONLINE ][U-SP][UP][1]\SOURCE\SERVER\GAMESERVER\GAMESERVER\RELEASE\GAMESERVER_EX603CS\CASTLESIEGESYNC.OBJ
D:\[ S-MUONLINE ][U-SP][UP][1]\SOURCE\SERVER\GAMESERVER\GAMESERVER\RELEASE\GAMESERVER_EX603CS\CASTLESIEGEWEAPON.OBJ
D:\[ S-MUONLINE ][U-SP][UP][1]\SOURCE\SERVER\GAMESERVER\GAMESERVER\RELEASE\GAMESERVER_EX603CS\CCRC32.OBJ
D:\[ S-MUONLINE ][U-SP][UP][1]\SOURCE\SERVER\GAMESERVER\GAMESERVER\RELEASE\GAMESERVER_EX603CS\CHANGECLASS.OBJ
D:\[ S-MUONLINE ][U-SP][UP][1]\SOURCE\SERVER\GAMESERVER\GAMESERVER\RELEASE\GAMESERVER_EX603CS\CHAOSBOX.OBJ
D:\[ S-MUONLINE ][U-SP][UP][1]\SOURCE\SERVER\GAMESERVER\GAMESERVER\RELEASE\GAMESERVER_EX603CS\CHAOSCASTLE.OBJ
D:\[ S-MUONLINE ][U-SP][UP][1]\SOURCE\SERVER\GAMESERVER\GAMESERVER\RELEASE\GAMESERVER_EX603CS\COMBOSKILL.OBJ
D:\[ S-MUONLINE ][U-SP][UP][1]\SOURCE\SERVER\GAMESERVER\GAMESERVER\RELEASE\GAMESERVER_EX603CS\COMMAND.OBJ
D:\[ S-MUONLINE ][U-SP][UP][1]\SOURCE\SERVER\GAMESERVER\GAMESERVER\RELEASE\GAMESERVER_EX603CS\COMMANDMANAGER.OBJ
D:\[ S-MUONLINE ][U-SP][UP][1]\SOURCE\SERVER\GAMESERVER\GAMESERVER\RELEASE\GAMESERVER_EX603CS\CONNECTION.OBJ
D:\[ S-MUONLINE ][U-SP][UP][1]\SOURCE\SERVER\GAMESERVER\GAMESERVER\RELEASE\GAMESERVER_EX603CS\CRITICALSECTION.OBJ
D:\[ S-MUONLINE ][U-SP][UP][1]\SOURCE\SERVER\GAMESERVER\GAMESERVER\RELEASE\GAMESERVER_EX603CS\CRYWOLF.OBJ
D:\[ S-MUONLINE ][U-SP][UP][1]\SOURCE\SERVER\GAMESERVER\GAMESERVER\RELEASE\GAMESERVER_EX603CS\CRYWOLFALTAR.OBJ
D:\[ S-MUONLINE ][U-SP][UP][1]\SOURCE\SERVER\GAMESERVER\GAMESERVER\RELEASE\GAMESERVER_EX603CS\CRYWOLFOBJINFO.OBJ
D:\[ S-MUONLINE ][U-SP][UP][1]\SOURCE\SERVER\GAMESERVER\GAMESERVER\RELEASE\GAMESERVER_EX603CS\CRYWOLFSTATETIMEINFO.OBJ
D:\[ S-MUONLINE ][U-SP][UP][1]\SOURCE\SERVER\GAMESERVER\GAMESERVER\RELEASE\GAMESERVER_EX603CS\CRYWOLFSTATUE.OBJ
D:\[ S-MUONLINE ][U-SP][UP][1]\SOURCE\SERVER\GAMESERVER\GAMESERVER\RELEASE\GAMESERVER_EX603CS\CRYWOLFSYNC.OBJ
D:\[ S-MUONLINE ][U-SP][UP][1]\SOURCE\SERVER\GAMESERVER\GAMESERVER\RELEASE\GAMESERVER_EX603CS\CRYWOLFUTIL.OBJ
D:\[ S-MUONLINE ][U-SP][UP][1]\SOURCE\SERVER\GAMESERVER\GAMESERVER\RELEASE\GAMESERVER_EX603CS\CSPROTOCOL.OBJ
D:\[ S-MUONLINE ][U-SP][UP][1]\SOURCE\SERVER\GAMESERVER\GAMESERVER\RELEASE\GAMESERVER_EX603CS\CUSTOMARENA.OBJ
D:\[ S-MUONLINE ][U-SP][UP][1]\SOURCE\SERVER\GAMESERVER\GAMESERVER\RELEASE\GAMESERVER_EX603CS\CUSTOMATTACK.OBJ
D:\[ S-MUONLINE ][U-SP][UP][1]\SOURCE\SERVER\GAMESERVER\GAMESERVER\RELEASE\GAMESERVER_EX603CS\CUSTOMBUYVIP.OBJ
D:\[ S-MUONLINE ][U-SP][UP][1]\SOURCE\SERVER\GAMESERVER\GAMESERVER\RELEASE\GAMESERVER_EX603CS\CUSTOMCOMBO.OBJ
D:\[ S-MUONLINE ][U-SP][UP][1]\SOURCE\SERVER\GAMESERVER\GAMESERVER\RELEASE\GAMESERVER_EX603CS\CUSTOMCOMMANDDESCRIPTION.OBJ
D:\[ S-MUONLINE ][U-SP][UP][1]\SOURCE\SERVER\GAMESERVER\GAMESERVER\RELEASE\GAMESERVER_EX603CS\CUSTOMDEATHMESSAGE.OBJ
D:\[ S-MUONLINE ][U-SP][UP][1]\SOURCE\SERVER\GAMESERVER\GAMESERVER\RELEASE\GAMESERVER_EX603CS\CUSTOMEVENTDROP.OBJ
D:\[ S-MUONLINE ][U-SP][UP][1]\SOURCE\SERVER\GAMESERVER\GAMESERVER\RELEASE\GAMESERVER_EX603CS\CUSTOMEVENTTIME.OBJ
D:\[ S-MUONLINE ][U-SP][UP][1]\SOURCE\SERVER\GAMESERVER\GAMESERVER\RELEASE\GAMESERVER_EX603CS\CUSTOMJEWEL.OBJ
D:\[ S-MUONLINE ][U-SP][UP][1]\SOURCE\SERVER\GAMESERVER\GAMESERVER\RELEASE\GAMESERVER_EX603CS\CUSTOMMIX.OBJ
D:\[ S-MUONLINE ][U-SP][UP][1]\SOURCE\SERVER\GAMESERVER\GAMESERVER\RELEASE\GAMESERVER_EX603CS\CUSTOMMONSTER.OBJ
D:\[ S-MUONLINE ][U-SP][UP][1]\SOURCE\SERVER\GAMESERVER\GAMESERVER\RELEASE\GAMESERVER_EX603CS\CUSTOMMONSTERSKILL.OBJ
D:\[ S-MUONLINE ][U-SP][UP][1]\SOURCE\SERVER\GAMESERVER\GAMESERVER\RELEASE\GAMESERVER_EX603CS\CUSTOMMOVE.OBJ
D:\[ S-MUONLINE ][U-SP][UP][1]\SOURCE\SERVER\GAMESERVER\GAMESERVER\RELEASE\GAMESERVER_EX603CS\CUSTOMNPCCOLLECTOR.OBJ
D:\[ S-MUONLINE ][U-SP][UP][1]\SOURCE\SERVER\GAMESERVER\GAMESERVER\RELEASE\GAMESERVER_EX603CS\CUSTOMNPCCOMMAND.OBJ
D:\[ S-MUONLINE ][U-SP][UP][1]\SOURCE\SERVER\GAMESERVER\GAMESERVER\RELEASE\GAMESERVER_EX603CS\CUSTOMNPCMOVE.OBJ
D:\[ S-MUONLINE ][U-SP][UP][1]\SOURCE\SERVER\GAMESERVER\GAMESERVER\RELEASE\GAMESERVER_EX603CS\CUSTOMNPCQUEST.OBJ
D:\[ S-MUONLINE ][U-SP][UP][1]\SOURCE\SERVER\GAMESERVER\GAMESERVER\RELEASE\GAMESERVER_EX603CS\CUSTOMONLINELOTTERY.OBJ
D:\[ S-MUONLINE ][U-SP][UP][1]\SOURCE\SERVER\GAMESERVER\GAMESERVER\RELEASE\GAMESERVER_EX603CS\CUSTOMPET.OBJ
D:\[ S-MUONLINE ][U-SP][UP][1]\SOURCE\SERVER\GAMESERVER\GAMESERVER\RELEASE\GAMESERVER_EX603CS\CUSTOMPICK.OBJ
D:\[ S-MUONLINE ][U-SP][UP][1]\SOURCE\SERVER\GAMESERVER\GAMESERVER\RELEASE\GAMESERVER_EX603CS\CUSTOMPKFREE.OBJ
D:\[ S-MUONLINE ][U-SP][UP][1]\SOURCE\SERVER\GAMESERVER\GAMESERVER\RELEASE\GAMESERVER_EX603CS\CUSTOMPVPFORCOORD.OBJ
D:\[ S-MUONLINE ][U-SP][UP][1]\SOURCE\SERVER\GAMESERVER\GAMESERVER\RELEASE\GAMESERVER_EX603CS\CUSTOMQUEST.OBJ
D:\[ S-MUONLINE ][U-SP][UP][1]\SOURCE\SERVER\GAMESERVER\GAMESERVER\RELEASE\GAMESERVER_EX603CS\CUSTOMQUIZ.OBJ
D:\[ S-MUONLINE ][U-SP][UP][1]\SOURCE\SERVER\GAMESERVER\GAMESERVER\RELEASE\GAMESERVER_EX603CS\CUSTOMRANKING.OBJ
D:\[ S-MUONLINE ][U-SP][UP][1]\SOURCE\SERVER\GAMESERVER\GAMESERVER\RELEASE\GAMESERVER_EX603CS\CUSTOMRANKUSER.OBJ
D:\[ S-MUONLINE ][U-SP][UP][1]\SOURCE\SERVER\GAMESERVER\GAMESERVER\RELEASE\GAMESERVER_EX603CS\CUSTOMSTARTITEM.OBJ
D:\[ S-MUONLINE ][U-SP][UP][1]\SOURCE\SERVER\GAMESERVER\GAMESERVER\RELEASE\GAMESERVER_EX603CS\CUSTOMSTORE.OBJ
D:\[ S-MUONLINE ][U-SP][UP][1]\SOURCE\SERVER\GAMESERVER\GAMESERVER\RELEASE\GAMESERVER_EX603CS\CUSTOMTOP.OBJ
D:\[ S-MUONLINE ][U-SP][UP][1]\SOURCE\SERVER\GAMESERVER\GAMESERVER\RELEASE\GAMESERVER_EX603CS\CUSTOMWING.OBJ
D:\[ S-MUONLINE ][U-SP][UP][1]\SOURCE\SERVER\GAMESERVER\GAMESERVER\RELEASE\GAMESERVER_EX603CS\CUSTOMWINGMIX.OBJ
D:\[ S-MUONLINE ][U-SP][UP][1]\SOURCE\SERVER\GAMESERVER\GAMESERVER\RELEASE\GAMESERVER_EX603CS\DAILYREWARD.OBJ
D:\[ S-MUONLINE ][U-SP][UP][1]\SOURCE\SERVER\GAMESERVER\GAMESERVER\RELEASE\GAMESERVER_EX603CS\DARKSPIRIT.OBJ
D:\[ S-MUONLINE ][U-SP][UP][1]\SOURCE\SERVER\GAMESERVER\GAMESERVER\RELEASE\GAMESERVER_EX603CS\DEFAULTCLASSINFO.OBJ
D:\[ S-MUONLINE ][U-SP][UP][1]\SOURCE\SERVER\GAMESERVER\GAMESERVER\RELEASE\GAMESERVER_EX603CS\DEVILSQUARE.OBJ
D:\[ S-MUONLINE ][U-SP][UP][1]\SOURCE\SERVER\GAMESERVER\GAMESERVER\RELEASE\GAMESERVER_EX603CS\DOUBLEGOER.OBJ
D:\[ S-MUONLINE ][U-SP][UP][1]\SOURCE\SERVER\GAMESERVER\GAMESERVER\RELEASE\GAMESERVER_EX603CS\DROPREWARD.OBJ
D:\[ S-MUONLINE ][U-SP][UP][1]\SOURCE\SERVER\GAMESERVER\GAMESERVER\RELEASE\GAMESERVER_EX603CS\DSPROTOCOL.OBJ
D:\[ S-MUONLINE ][U-SP][UP][1]\SOURCE\SERVER\GAMESERVER\GAMESERVER\RELEASE\GAMESERVER_EX603CS\DUEL.OBJ
D:\[ S-MUONLINE ][U-SP][UP][1]\SOURCE\SERVER\GAMESERVER\GAMESERVER\RELEASE\GAMESERVER_EX603CS\EFFECT.OBJ
D:\[ S-MUONLINE ][U-SP][UP][1]\SOURCE\SERVER\GAMESERVER\GAMESERVER\RELEASE\GAMESERVER_EX603CS\EFFECTMANAGER.OBJ
D:\[ S-MUONLINE ][U-SP][UP][1]\SOURCE\SERVER\GAMESERVER\GAMESERVER\RELEASE\GAMESERVER_EX603CS\ESPROTOCOL.OBJ
D:\[ S-MUONLINE ][U-SP][UP][1]\SOURCE\SERVER\GAMESERVER\GAMESERVER\RELEASE\GAMESERVER_EX603CS\EVENTHIDEANDSEEK.OBJ
D:\[ S-MUONLINE ][U-SP][UP][1]\SOURCE\SERVER\GAMESERVER\GAMESERVER\RELEASE\GAMESERVER_EX603CS\EVENTINVENTORY.OBJ
D:\[ S-MUONLINE ][U-SP][UP][1]\SOURCE\SERVER\GAMESERVER\GAMESERVER\RELEASE\GAMESERVER_EX603CS\EVENTKILLALL.OBJ
D:\[ S-MUONLINE ][U-SP][UP][1]\SOURCE\SERVER\GAMESERVER\GAMESERVER\RELEASE\GAMESERVER_EX603CS\EVENTPVP.OBJ
D:\[ S-MUONLINE ][U-SP][UP][1]\SOURCE\SERVER\GAMESERVER\GAMESERVER\RELEASE\GAMESERVER_EX603CS\EVENTQUICKLY.OBJ
D:\[ S-MUONLINE ][U-SP][UP][1]\SOURCE\SERVER\GAMESERVER\GAMESERVER\RELEASE\GAMESERVER_EX603CS\EVENTRUNANDCATCH.OBJ
D:\[ S-MUONLINE ][U-SP][UP][1]\SOURCE\SERVER\GAMESERVER\GAMESERVER\RELEASE\GAMESERVER_EX603CS\EVENTRUSSIANROULETTE.OBJ
D:\[ S-MUONLINE ][U-SP][UP][1]\SOURCE\SERVER\GAMESERVER\GAMESERVER\RELEASE\GAMESERVER_EX603CS\EVENTSTART.OBJ
D:\[ S-MUONLINE ][U-SP][UP][1]\SOURCE\SERVER\GAMESERVER\GAMESERVER\RELEASE\GAMESERVER_EX603CS\EVENTTVT.OBJ
D:\[ S-MUONLINE ][U-SP][UP][1]\SOURCE\SERVER\GAMESERVER\GAMESERVER\RELEASE\GAMESERVER_EX603CS\EXPERIENCETABLE.OBJ
D:\[ S-MUONLINE ][U-SP][UP][1]\SOURCE\SERVER\GAMESERVER\GAMESERVER\RELEASE\GAMESERVER_EX603CS\EXWINQUESTSYSTEM.OBJ
D:\[ S-MUONLINE ][U-SP][UP][1]\SOURCE\SERVER\GAMESERVER\GAMESERVER\RELEASE\GAMESERVER_EX603CS\FILTER.OBJ
D:\[ S-MUONLINE ][U-SP][UP][1]\SOURCE\SERVER\GAMESERVER\GAMESERVER\RELEASE\GAMESERVER_EX603CS\FILTERRANAME.OBJ
D:\[ S-MUONLINE ][U-SP][UP][1]\SOURCE\SERVER\GAMESERVER\GAMESERVER\RELEASE\GAMESERVER_EX603CS\FLYINGDRAGONS.OBJ
D:\[ S-MUONLINE ][U-SP][UP][1]\SOURCE\SERVER\GAMESERVER\GAMESERVER\RELEASE\GAMESERVER_EX603CS\FRUIT.OBJ
D:\[ S-MUONLINE ][U-SP][UP][1]\SOURCE\SERVER\GAMESERVER\GAMESERVER\RELEASE\GAMESERVER_EX603CS\GAMEMAIN.OBJ
D:\[ S-MUONLINE ][U-SP][UP][1]\SOURCE\SERVER\GAMESERVER\GAMESERVER\RELEASE\GAMESERVER_EX603CS\GAMEMASTER.OBJ
D:\[ S-MUONLINE ][U-SP][UP][1]\SOURCE\SERVER\GAMESERVER\GAMESERVER\RELEASE\GAMESERVER_EX603CS\GAMESERVER.OBJ
D:\[ S-MUONLINE ][U-SP][UP][1]\SOURCE\SERVER\GAMESERVER\GAMESERVER\RELEASE\GAMESERVER_EX603CS\GAMESERVER.RES
D:\[ S-MUONLINE ][U-SP][UP][1]\SOURCE\SERVER\GAMESERVER\GAMESERVER\RELEASE\GAMESERVER_EX603CS\GAMESERVERCS.EXE.INTERMEDIATE.MANIFEST
D:\[ S-MUONLINE ][U-SP][UP][1]\SOURCE\SERVER\GAMESERVER\GAMESERVER\RELEASE\GAMESERVER_EX603CS\GAMESERVERCS.PCH
D:\[ S-MUONLINE ][U-SP][UP][1]\SOURCE\SERVER\GAMESERVER\GAMESERVER\RELEASE\GAMESERVER_EX603CS\GATE.OBJ
D:\[ S-MUONLINE ][U-SP][UP][1]\SOURCE\SERVER\GAMESERVER\GAMESERVER\RELEASE\GAMESERVER_EX603CS\GENSSYSTEM.OBJ
D:\[ S-MUONLINE ][U-SP][UP][1]\SOURCE\SERVER\GAMESERVER\GAMESERVER\RELEASE\GAMESERVER_EX603CS\GRANDRESETSYSTEM.OBJ
D:\[ S-MUONLINE ][U-SP][UP][1]\SOURCE\SERVER\GAMESERVER\GAMESERVER\RELEASE\GAMESERVER_EX603CS\GUARDIANSTATUE.OBJ
D:\[ S-MUONLINE ][U-SP][UP][1]\SOURCE\SERVER\GAMESERVER\GAMESERVER\RELEASE\GAMESERVER_EX603CS\GUILD.OBJ
D:\[ S-MUONLINE ][U-SP][UP][1]\SOURCE\SERVER\GAMESERVER\GAMESERVER\RELEASE\GAMESERVER_EX603CS\GUILDCLASS.OBJ
D:\[ S-MUONLINE ][U-SP][UP][1]\SOURCE\SERVER\GAMESERVER\GAMESERVER\RELEASE\GAMESERVER_EX603CS\GUILDMATCHING.OBJ
D:\[ S-MUONLINE ][U-SP][UP][1]\SOURCE\SERVER\GAMESERVER\GAMESERVER\RELEASE\GAMESERVER_EX603CS\HACKCHECK.OBJ
D:\[ S-MUONLINE ][U-SP][UP][1]\SOURCE\SERVER\GAMESERVER\GAMESERVER\RELEASE\GAMESERVER_EX603CS\HACKPACKETCHECK.OBJ
D:\[ S-MUONLINE ][U-SP][UP][1]\SOURCE\SERVER\GAMESERVER\GAMESERVER\RELEASE\GAMESERVER_EX603CS\HACKSKILLCHECK.OBJ
D:\[ S-MUONLINE ][U-SP][UP][1]\SOURCE\SERVER\GAMESERVER\GAMESERVER\RELEASE\GAMESERVER_EX603CS\HELPER.OBJ
D:\[ S-MUONLINE ][U-SP][UP][1]\SOURCE\SERVER\GAMESERVER\GAMESERVER\RELEASE\GAMESERVER_EX603CS\HWIDMANAGER.OBJ
D:\[ S-MUONLINE ][U-SP][UP][1]\SOURCE\SERVER\GAMESERVER\GAMESERVER\RELEASE\GAMESERVER_EX603CS\ILLUSIONTEMPLE.OBJ
D:\[ S-MUONLINE ][U-SP][UP][1]\SOURCE\SERVER\GAMESERVER\GAMESERVER\RELEASE\GAMESERVER_EX603CS\IMPERIALGUARDIAN.OBJ
D:\[ S-MUONLINE ][U-SP][UP][1]\SOURCE\SERVER\GAMESERVER\GAMESERVER\RELEASE\GAMESERVER_EX603CS\INVASIONMANAGER.OBJ
D:\[ S-MUONLINE ][U-SP][UP][1]\SOURCE\SERVER\GAMESERVER\GAMESERVER\RELEASE\GAMESERVER_EX603CS\INVENTORYEQUIPMENT.OBJ
D:\[ S-MUONLINE ][U-SP][UP][1]\SOURCE\SERVER\GAMESERVER\GAMESERVER\RELEASE\GAMESERVER_EX603CS\IPMANAGER.OBJ
D:\[ S-MUONLINE ][U-SP][UP][1]\SOURCE\SERVER\GAMESERVER\GAMESERVER\RELEASE\GAMESERVER_EX603CS\ITEM.OBJ
D:\[ S-MUONLINE ][U-SP][UP][1]\SOURCE\SERVER\GAMESERVER\GAMESERVER\RELEASE\GAMESERVER_EX603CS\ITEMBAG.OBJ
D:\[ S-MUONLINE ][U-SP][UP][1]\SOURCE\SERVER\GAMESERVER\GAMESERVER\RELEASE\GAMESERVER_EX603CS\ITEMBAGEX.OBJ
D:\[ S-MUONLINE ][U-SP][UP][1]\SOURCE\SERVER\GAMESERVER\GAMESERVER\RELEASE\GAMESERVER_EX603CS\ITEMBAGMANAGER.OBJ
D:\[ S-MUONLINE ][U-SP][UP][1]\SOURCE\SERVER\GAMESERVER\GAMESERVER\RELEASE\GAMESERVER_EX603CS\ITEMDROP.OBJ
D:\[ S-MUONLINE ][U-SP][UP][1]\SOURCE\SERVER\GAMESERVER\GAMESERVER\RELEASE\GAMESERVER_EX603CS\ITEMLEVEL.OBJ
D:\[ S-MUONLINE ][U-SP][UP][1]\SOURCE\SERVER\GAMESERVER\GAMESERVER\RELEASE\GAMESERVER_EX603CS\ITEMMANAGER.OBJ
D:\[ S-MUONLINE ][U-SP][UP][1]\SOURCE\SERVER\GAMESERVER\GAMESERVER\RELEASE\GAMESERVER_EX603CS\ITEMMOVE.OBJ
D:\[ S-MUONLINE ][U-SP][UP][1]\SOURCE\SERVER\GAMESERVER\GAMESERVER\RELEASE\GAMESERVER_EX603CS\ITEMOPTION.OBJ
D:\[ S-MUONLINE ][U-SP][UP][1]\SOURCE\SERVER\GAMESERVER\GAMESERVER\RELEASE\GAMESERVER_EX603CS\ITEMOPTIONRATE.OBJ
D:\[ S-MUONLINE ][U-SP][UP][1]\SOURCE\SERVER\GAMESERVER\GAMESERVER\RELEASE\GAMESERVER_EX603CS\ITEMSTACK.OBJ
D:\[ S-MUONLINE ][U-SP][UP][1]\SOURCE\SERVER\GAMESERVER\GAMESERVER\RELEASE\GAMESERVER_EX603CS\ITEMVALUE.OBJ
D:\[ S-MUONLINE ][U-SP][UP][1]\SOURCE\SERVER\GAMESERVER\GAMESERVER\RELEASE\GAMESERVER_EX603CS\ITEMVALUETRADE.OBJ
D:\[ S-MUONLINE ][U-SP][UP][1]\SOURCE\SERVER\GAMESERVER\GAMESERVER\RELEASE\GAMESERVER_EX603CS\JEWELMIX.OBJ
D:\[ S-MUONLINE ][U-SP][UP][1]\SOURCE\SERVER\GAMESERVER\GAMESERVER\RELEASE\GAMESERVER_EX603CS\JEWELOFHARMONYOPTION.OBJ
D:\[ S-MUONLINE ][U-SP][UP][1]\SOURCE\SERVER\GAMESERVER\GAMESERVER\RELEASE\GAMESERVER_EX603CS\JEWELOFHARMONYTYPE.OBJ
D:\[ S-MUONLINE ][U-SP][UP][1]\SOURCE\SERVER\GAMESERVER\GAMESERVER\RELEASE\GAMESERVER_EX603CS\JSPROTOCOL.OBJ
D:\[ S-MUONLINE ][U-SP][UP][1]\SOURCE\SERVER\GAMESERVER\GAMESERVER\RELEASE\GAMESERVER_EX603CS\KALIMA.OBJ
D:\[ S-MUONLINE ][U-SP][UP][1]\SOURCE\SERVER\GAMESERVER\GAMESERVER\RELEASE\GAMESERVER_EX603CS\KANTURU.OBJ
D:\[ S-MUONLINE ][U-SP][UP][1]\SOURCE\SERVER\GAMESERVER\GAMESERVER\RELEASE\GAMESERVER_EX603CS\KANTURUBATTLEOFMAYA.OBJ
D:\[ S-MUONLINE ][U-SP][UP][1]\SOURCE\SERVER\GAMESERVER\GAMESERVER\RELEASE\GAMESERVER_EX603CS\KANTURUBATTLEOFNIGHTMARE.OBJ
D:\[ S-MUONLINE ][U-SP][UP][1]\SOURCE\SERVER\GAMESERVER\GAMESERVER\RELEASE\GAMESERVER_EX603CS\KANTURUBATTLESTANBY.OBJ
D:\[ S-MUONLINE ][U-SP][UP][1]\SOURCE\SERVER\GAMESERVER\GAMESERVER\RELEASE\GAMESERVER_EX603CS\KANTURUBATTLEUSERMNG.OBJ
D:\[ S-MUONLINE ][U-SP][UP][1]\SOURCE\SERVER\GAMESERVER\GAMESERVER\RELEASE\GAMESERVER_EX603CS\KANTURUENTRANCENPC.OBJ
D:\[ S-MUONLINE ][U-SP][UP][1]\SOURCE\SERVER\GAMESERVER\GAMESERVER\RELEASE\GAMESERVER_EX603CS\KANTURUMAYA.OBJ
D:\[ S-MUONLINE ][U-SP][UP][1]\SOURCE\SERVER\GAMESERVER\GAMESERVER\RELEASE\GAMESERVER_EX603CS\KANTURUMONSTERMNG.OBJ
D:\[ S-MUONLINE ][U-SP][UP][1]\SOURCE\SERVER\GAMESERVER\GAMESERVER\RELEASE\GAMESERVER_EX603CS\KANTURUOBJINFO.OBJ
D:\[ S-MUONLINE ][U-SP][UP][1]\SOURCE\SERVER\GAMESERVER\GAMESERVER\RELEASE\GAMESERVER_EX603CS\KANTURUSTATEINFO.OBJ
D:\[ S-MUONLINE ][U-SP][UP][1]\SOURCE\SERVER\GAMESERVER\GAMESERVER\RELEASE\GAMESERVER_EX603CS\KANTURUTOWEROFREFINEMENT.OBJ
D:\[ S-MUONLINE ][U-SP][UP][1]\SOURCE\SERVER\GAMESERVER\GAMESERVER\RELEASE\GAMESERVER_EX603CS\KANTURUUTIL.OBJ
D:\[ S-MUONLINE ][U-SP][UP][1]\SOURCE\SERVER\GAMESERVER\GAMESERVER\RELEASE\GAMESERVER_EX603CS\LIFESTONE.OBJ
D:\[ S-MUONLINE ][U-SP][UP][1]\SOURCE\SERVER\GAMESERVER\GAMESERVER\RELEASE\GAMESERVER_EX603CS\LOG.OBJ
D:\[ S-MUONLINE ][U-SP][UP][1]\SOURCE\SERVER\GAMESERVER\GAMESERVER\RELEASE\GAMESERVER_EX603CS\LUAFUCTION.OBJ
D:\[ S-MUONLINE ][U-SP][UP][1]\SOURCE\SERVER\GAMESERVER\GAMESERVER\RELEASE\GAMESERVER_EX603CS\LUASCRIPT.OBJ
D:\[ S-MUONLINE ][U-SP][UP][1]\SOURCE\SERVER\GAMESERVER\GAMESERVER\RELEASE\GAMESERVER_EX603CS\LUCKYCOIN.OBJ
D:\[ S-MUONLINE ][U-SP][UP][1]\SOURCE\SERVER\GAMESERVER\GAMESERVER\RELEASE\GAMESERVER_EX603CS\LUCKYITEM.OBJ
D:\[ S-MUONLINE ][U-SP][UP][1]\SOURCE\SERVER\GAMESERVER\GAMESERVER\RELEASE\GAMESERVER_EX603CS\MAP.OBJ
D:\[ S-MUONLINE ][U-SP][UP][1]\SOURCE\SERVER\GAMESERVER\GAMESERVER\RELEASE\GAMESERVER_EX603CS\MAPITEM.OBJ
D:\[ S-MUONLINE ][U-SP][UP][1]\SOURCE\SERVER\GAMESERVER\GAMESERVER\RELEASE\GAMESERVER_EX603CS\MAPMANAGER.OBJ
D:\[ S-MUONLINE ][U-SP][UP][1]\SOURCE\SERVER\GAMESERVER\GAMESERVER\RELEASE\GAMESERVER_EX603CS\MAPPATH.OBJ
D:\[ S-MUONLINE ][U-SP][UP][1]\SOURCE\SERVER\GAMESERVER\GAMESERVER\RELEASE\GAMESERVER_EX603CS\MAPSERVERMANAGER.OBJ
D:\[ S-MUONLINE ][U-SP][UP][1]\SOURCE\SERVER\GAMESERVER\GAMESERVER\RELEASE\GAMESERVER_EX603CS\MASTERSKILLTREE.OBJ
D:\[ S-MUONLINE ][U-SP][UP][1]\SOURCE\SERVER\GAMESERVER\GAMESERVER\RELEASE\GAMESERVER_EX603CS\MATH.OBJ
D:\[ S-MUONLINE ][U-SP][UP][1]\SOURCE\SERVER\GAMESERVER\GAMESERVER\RELEASE\GAMESERVER_EX603CS\MEMORYALLOCATOR.OBJ
D:\[ S-MUONLINE ][U-SP][UP][1]\SOURCE\SERVER\GAMESERVER\GAMESERVER\RELEASE\GAMESERVER_EX603CS\MEMORYALLOCATORINFO.OBJ
D:\[ S-MUONLINE ][U-SP][UP][1]\SOURCE\SERVER\GAMESERVER\GAMESERVER\RELEASE\GAMESERVER_EX603CS\MEMSCRIPT.OBJ
D:\[ S-MUONLINE ][U-SP][UP][1]\SOURCE\SERVER\GAMESERVER\GAMESERVER\RELEASE\GAMESERVER_EX603CS\MERCENARY.OBJ
D:\[ S-MUONLINE ][U-SP][UP][1]\SOURCE\SERVER\GAMESERVER\GAMESERVER\RELEASE\GAMESERVER_EX603CS\MESSAGE.OBJ
D:\[ S-MUONLINE ][U-SP][UP][1]\SOURCE\SERVER\GAMESERVER\GAMESERVER\RELEASE\GAMESERVER_EX603CS\MINIDUMP.OBJ
D:\[ S-MUONLINE ][U-SP][UP][1]\SOURCE\SERVER\GAMESERVER\GAMESERVER\RELEASE\GAMESERVER_EX603CS\MINIMAP.OBJ
D:\[ S-MUONLINE ][U-SP][UP][1]\SOURCE\SERVER\GAMESERVER\GAMESERVER\RELEASE\GAMESERVER_EX603CS\MININGSYSTEM.OBJ
D:\[ S-MUONLINE ][U-SP][UP][1]\SOURCE\SERVER\GAMESERVER\GAMESERVER\RELEASE\GAMESERVER_EX603CS\MONSTER.OBJ
D:\[ S-MUONLINE ][U-SP][UP][1]\SOURCE\SERVER\GAMESERVER\GAMESERVER\RELEASE\GAMESERVER_EX603CS\MONSTERAI.OBJ
D:\[ S-MUONLINE ][U-SP][UP][1]\SOURCE\SERVER\GAMESERVER\GAMESERVER\RELEASE\GAMESERVER_EX603CS\MONSTERAIAGRO.OBJ
D:\[ S-MUONLINE ][U-SP][UP][1]\SOURCE\SERVER\GAMESERVER\GAMESERVER\RELEASE\GAMESERVER_EX603CS\MONSTERAIAUTOMATA.OBJ
D:\[ S-MUONLINE ][U-SP][UP][1]\SOURCE\SERVER\GAMESERVER\GAMESERVER\RELEASE\GAMESERVER_EX603CS\MONSTERAIAUTOMATAINFO.OBJ
D:\[ S-MUONLINE ][U-SP][UP][1]\SOURCE\SERVER\GAMESERVER\GAMESERVER\RELEASE\GAMESERVER_EX603CS\MONSTERAIELEMENT.OBJ
D:\[ S-MUONLINE ][U-SP][UP][1]\SOURCE\SERVER\GAMESERVER\GAMESERVER\RELEASE\GAMESERVER_EX603CS\MONSTERAIELEMENTINFO.OBJ
D:\[ S-MUONLINE ][U-SP][UP][1]\SOURCE\SERVER\GAMESERVER\GAMESERVER\RELEASE\GAMESERVER_EX603CS\MONSTERAIGROUP.OBJ
D:\[ S-MUONLINE ][U-SP][UP][1]\SOURCE\SERVER\GAMESERVER\GAMESERVER\RELEASE\GAMESERVER_EX603CS\MONSTERAIGROUPMEMBER.OBJ
D:\[ S-MUONLINE ][U-SP][UP][1]\SOURCE\SERVER\GAMESERVER\GAMESERVER\RELEASE\GAMESERVER_EX603CS\MONSTERAIMOVEPATH.OBJ
D:\[ S-MUONLINE ][U-SP][UP][1]\SOURCE\SERVER\GAMESERVER\GAMESERVER\RELEASE\GAMESERVER_EX603CS\MONSTERAIMOVEPATHINFO.OBJ
D:\[ S-MUONLINE ][U-SP][UP][1]\SOURCE\SERVER\GAMESERVER\GAMESERVER\RELEASE\GAMESERVER_EX603CS\MONSTERAIRULE.OBJ
D:\[ S-MUONLINE ][U-SP][UP][1]\SOURCE\SERVER\GAMESERVER\GAMESERVER\RELEASE\GAMESERVER_EX603CS\MONSTERAIRULEINFO.OBJ
D:\[ S-MUONLINE ][U-SP][UP][1]\SOURCE\SERVER\GAMESERVER\GAMESERVER\RELEASE\GAMESERVER_EX603CS\MONSTERAISTATE.OBJ
D:\[ S-MUONLINE ][U-SP][UP][1]\SOURCE\SERVER\GAMESERVER\GAMESERVER\RELEASE\GAMESERVER_EX603CS\MONSTERAIUNIT.OBJ
D:\[ S-MUONLINE ][U-SP][UP][1]\SOURCE\SERVER\GAMESERVER\GAMESERVER\RELEASE\GAMESERVER_EX603CS\MONSTERAIUNITINFO.OBJ
D:\[ S-MUONLINE ][U-SP][UP][1]\SOURCE\SERVER\GAMESERVER\GAMESERVER\RELEASE\GAMESERVER_EX603CS\MONSTERAIUTIL.OBJ
D:\[ S-MUONLINE ][U-SP][UP][1]\SOURCE\SERVER\GAMESERVER\GAMESERVER\RELEASE\GAMESERVER_EX603CS\MONSTERMANAGER.OBJ
D:\[ S-MUONLINE ][U-SP][UP][1]\SOURCE\SERVER\GAMESERVER\GAMESERVER\RELEASE\GAMESERVER_EX603CS\MONSTERREWARD.OBJ
D:\[ S-MUONLINE ][U-SP][UP][1]\SOURCE\SERVER\GAMESERVER\GAMESERVER\RELEASE\GAMESERVER_EX603CS\MONSTERSETBASE.OBJ
D:\[ S-MUONLINE ][U-SP][UP][1]\SOURCE\SERVER\GAMESERVER\GAMESERVER\RELEASE\GAMESERVER_EX603CS\MONSTERSKILLELEMENT.OBJ
D:\[ S-MUONLINE ][U-SP][UP][1]\SOURCE\SERVER\GAMESERVER\GAMESERVER\RELEASE\GAMESERVER_EX603CS\MONSTERSKILLELEMENTINFO.OBJ
D:\[ S-MUONLINE ][U-SP][UP][1]\SOURCE\SERVER\GAMESERVER\GAMESERVER\RELEASE\GAMESERVER_EX603CS\MONSTERSKILLELEMENTOPTION.OBJ
D:\[ S-MUONLINE ][U-SP][UP][1]\SOURCE\SERVER\GAMESERVER\GAMESERVER\RELEASE\GAMESERVER_EX603CS\MONSTERSKILLINFO.OBJ
D:\[ S-MUONLINE ][U-SP][UP][1]\SOURCE\SERVER\GAMESERVER\GAMESERVER\RELEASE\GAMESERVER_EX603CS\MONSTERSKILLMANAGER.OBJ
D:\[ S-MUONLINE ][U-SP][UP][1]\SOURCE\SERVER\GAMESERVER\GAMESERVER\RELEASE\GAMESERVER_EX603CS\MONSTERSKILLUNIT.OBJ
D:\[ S-MUONLINE ][U-SP][UP][1]\SOURCE\SERVER\GAMESERVER\GAMESERVER\RELEASE\GAMESERVER_EX603CS\MONSTERSKILLUNITINFO.OBJ
D:\[ S-MUONLINE ][U-SP][UP][1]\SOURCE\SERVER\GAMESERVER\GAMESERVER\RELEASE\GAMESERVER_EX603CS\MOSSMERCHANT.OBJ
D:\[ S-MUONLINE ][U-SP][UP][1]\SOURCE\SERVER\GAMESERVER\GAMESERVER\RELEASE\GAMESERVER_EX603CS\MOVE.OBJ
D:\[ S-MUONLINE ][U-SP][UP][1]\SOURCE\SERVER\GAMESERVER\GAMESERVER\RELEASE\GAMESERVER_EX603CS\MOVESUMMON.OBJ
D:\[ S-MUONLINE ][U-SP][UP][1]\SOURCE\SERVER\GAMESERVER\GAMESERVER\RELEASE\GAMESERVER_EX603CS\MURUMMY.OBJ
D:\[ S-MUONLINE ][U-SP][UP][1]\SOURCE\SERVER\GAMESERVER\GAMESERVER\RELEASE\GAMESERVER_EX603CS\MUUNSYSTEM.OBJ
D:\[ S-MUONLINE ][U-SP][UP][1]\SOURCE\SERVER\GAMESERVER\GAMESERVER\RELEASE\GAMESERVER_EX603CS\NEWUIMYINVENTORY.OBJ
D:\[ S-MUONLINE ][U-SP][UP][1]\SOURCE\SERVER\GAMESERVER\GAMESERVER\RELEASE\GAMESERVER_EX603CS\NOTICE.OBJ
D:\[ S-MUONLINE ][U-SP][UP][1]\SOURCE\SERVER\GAMESERVER\GAMESERVER\RELEASE\GAMESERVER_EX603CS\NPCTALK.OBJ
D:\[ S-MUONLINE ][U-SP][UP][1]\SOURCE\SERVER\GAMESERVER\GAMESERVER\RELEASE\GAMESERVER_EX603CS\OBJECTMANAGER.OBJ
D:\[ S-MUONLINE ][U-SP][UP][1]\SOURCE\SERVER\GAMESERVER\GAMESERVER\RELEASE\GAMESERVER_EX603CS\OFFLINEMODE.OBJ
D:\[ S-MUONLINE ][U-SP][UP][1]\SOURCE\SERVER\GAMESERVER\GAMESERVER\RELEASE\GAMESERVER_EX603CS\PACKETMANAGER.OBJ
D:\[ S-MUONLINE ][U-SP][UP][1]\SOURCE\SERVER\GAMESERVER\GAMESERVER\RELEASE\GAMESERVER_EX603CS\PARTY.OBJ
D:\[ S-MUONLINE ][U-SP][UP][1]\SOURCE\SERVER\GAMESERVER\GAMESERVER\RELEASE\GAMESERVER_EX603CS\PARTYMATCHING.OBJ
D:\[ S-MUONLINE ][U-SP][UP][1]\SOURCE\SERVER\GAMESERVER\GAMESERVER\RELEASE\GAMESERVER_EX603CS\PARTYSEARCH.OBJ
D:\[ S-MUONLINE ][U-SP][UP][1]\SOURCE\SERVER\GAMESERVER\GAMESERVER\RELEASE\GAMESERVER_EX603CS\PATH.OBJ
D:\[ S-MUONLINE ][U-SP][UP][1]\SOURCE\SERVER\GAMESERVER\GAMESERVER\RELEASE\GAMESERVER_EX603CS\PCPOINT.OBJ
D:\[ S-MUONLINE ][U-SP][UP][1]\SOURCE\SERVER\GAMESERVER\GAMESERVER\RELEASE\GAMESERVER_EX603CS\PENTAGRAMSYSTEM.OBJ
D:\[ S-MUONLINE ][U-SP][UP][1]\SOURCE\SERVER\GAMESERVER\GAMESERVER\RELEASE\GAMESERVER_EX603CS\PERSONALSHOP.OBJ
D:\[ S-MUONLINE ][U-SP][UP][1]\SOURCE\SERVER\GAMESERVER\GAMESERVER\RELEASE\GAMESERVER_EX603CS\PKSYSTEM.OBJ
D:\[ S-MUONLINE ][U-SP][UP][1]\SOURCE\SERVER\GAMESERVER\GAMESERVER\RELEASE\GAMESERVER_EX603CS\PREMIUMDROP.OBJ
D:\[ S-MUONLINE ][U-SP][UP][1]\SOURCE\SERVER\GAMESERVER\GAMESERVER\RELEASE\GAMESERVER_EX603CS\PROTECT.OBJ
D:\[ S-MUONLINE ][U-SP][UP][1]\SOURCE\SERVER\GAMESERVER\GAMESERVER\RELEASE\GAMESERVER_EX603CS\PROTOCOL.OBJ
D:\[ S-MUONLINE ][U-SP][UP][1]\SOURCE\SERVER\GAMESERVER\GAMESERVER\RELEASE\GAMESERVER_EX603CS\PUGIXML.OBJ
D:\[ S-MUONLINE ][U-SP][UP][1]\SOURCE\SERVER\GAMESERVER\GAMESERVER\RELEASE\GAMESERVER_EX603CS\QUERYMANAGER.OBJ
D:\[ S-MUONLINE ][U-SP][UP][1]\SOURCE\SERVER\GAMESERVER\GAMESERVER\RELEASE\GAMESERVER_EX603CS\QUEST.OBJ
D:\[ S-MUONLINE ][U-SP][UP][1]\SOURCE\SERVER\GAMESERVER\GAMESERVER\RELEASE\GAMESERVER_EX603CS\QUESTOBJECTIVE.OBJ
D:\[ S-MUONLINE ][U-SP][UP][1]\SOURCE\SERVER\GAMESERVER\GAMESERVER\RELEASE\GAMESERVER_EX603CS\QUESTREWARD.OBJ
D:\[ S-MUONLINE ][U-SP][UP][1]\SOURCE\SERVER\GAMESERVER\GAMESERVER\RELEASE\GAMESERVER_EX603CS\QUESTWORLD.OBJ
D:\[ S-MUONLINE ][U-SP][UP][1]\SOURCE\SERVER\GAMESERVER\GAMESERVER\RELEASE\GAMESERVER_EX603CS\QUESTWORLDOBJECTIVE.OBJ
D:\[ S-MUONLINE ][U-SP][UP][1]\SOURCE\SERVER\GAMESERVER\GAMESERVER\RELEASE\GAMESERVER_EX603CS\QUESTWORLDREWARD.OBJ
D:\[ S-MUONLINE ][U-SP][UP][1]\SOURCE\SERVER\GAMESERVER\GAMESERVER\RELEASE\GAMESERVER_EX603CS\QUEUE.OBJ
D:\[ S-MUONLINE ][U-SP][UP][1]\SOURCE\SERVER\GAMESERVER\GAMESERVER\RELEASE\GAMESERVER_EX603CS\QUEUETIMER.OBJ
D:\[ S-MUONLINE ][U-SP][UP][1]\SOURCE\SERVER\GAMESERVER\GAMESERVER\RELEASE\GAMESERVER_EX603CS\RAKLION.OBJ
D:\[ S-MUONLINE ][U-SP][UP][1]\SOURCE\SERVER\GAMESERVER\GAMESERVER\RELEASE\GAMESERVER_EX603CS\RAKLIONBATTLEOFSELUPAN.OBJ
D:\[ S-MUONLINE ][U-SP][UP][1]\SOURCE\SERVER\GAMESERVER\GAMESERVER\RELEASE\GAMESERVER_EX603CS\RAKLIONBATTLEUSER.OBJ
D:\[ S-MUONLINE ][U-SP][UP][1]\SOURCE\SERVER\GAMESERVER\GAMESERVER\RELEASE\GAMESERVER_EX603CS\RAKLIONBATTLEUSERMNG.OBJ
D:\[ S-MUONLINE ][U-SP][UP][1]\SOURCE\SERVER\GAMESERVER\GAMESERVER\RELEASE\GAMESERVER_EX603CS\RAKLIONOBJINFO.OBJ
D:\[ S-MUONLINE ][U-SP][UP][1]\SOURCE\SERVER\GAMESERVER\GAMESERVER\RELEASE\GAMESERVER_EX603CS\RAKLIONSELUPAN.OBJ
D:\[ S-MUONLINE ][U-SP][UP][1]\SOURCE\SERVER\GAMESERVER\GAMESERVER\RELEASE\GAMESERVER_EX603CS\RAKLIONUTIL.OBJ
D:\[ S-MUONLINE ][U-SP][UP][1]\SOURCE\SERVER\GAMESERVER\GAMESERVER\RELEASE\GAMESERVER_EX603CS\RANDOMMANAGER.OBJ
D:\[ S-MUONLINE ][U-SP][UP][1]\SOURCE\SERVER\GAMESERVER\GAMESERVER\RELEASE\GAMESERVER_EX603CS\RECONNECT.OBJ
D:\[ S-MUONLINE ][U-SP][UP][1]\SOURCE\SERVER\GAMESERVER\GAMESERVER\RELEASE\GAMESERVER_EX603CS\REIDOMU.OBJ
D:\[ S-MUONLINE ][U-SP][UP][1]\SOURCE\SERVER\GAMESERVER\GAMESERVER\RELEASE\GAMESERVER_EX603CS\RESETSYSTEM.OBJ
D:\[ S-MUONLINE ][U-SP][UP][1]\SOURCE\SERVER\GAMESERVER\GAMESERVER\RELEASE\GAMESERVER_EX603CS\RESETTABLE.OBJ
D:\[ S-MUONLINE ][U-SP][UP][1]\SOURCE\SERVER\GAMESERVER\GAMESERVER\RELEASE\GAMESERVER_EX603CS\RESPAWNLOCATION.OBJ
D:\[ S-MUONLINE ][U-SP][UP][1]\SOURCE\SERVER\GAMESERVER\GAMESERVER\RELEASE\GAMESERVER_EX603CS\REWARDSYSTEM.OBJ
D:\[ S-MUONLINE ][U-SP][UP][1]\SOURCE\SERVER\GAMESERVER\GAMESERVER\RELEASE\GAMESERVER_EX603CS\RUUDTOKENSELLTEMPLATE.OBJ
D:\[ S-MUONLINE ][U-SP][UP][1]\SOURCE\SERVER\GAMESERVER\GAMESERVER\RELEASE\GAMESERVER_EX603CS\SCHEDULEMANAGER.OBJ
D:\[ S-MUONLINE ][U-SP][UP][1]\SOURCE\SERVER\GAMESERVER\GAMESERVER\RELEASE\GAMESERVER_EX603CS\SERIALCHECK.OBJ
D:\[ S-MUONLINE ][U-SP][UP][1]\SOURCE\SERVER\GAMESERVER\GAMESERVER\RELEASE\GAMESERVER_EX603CS\SERVERDISPLAYER.OBJ
D:\[ S-MUONLINE ][U-SP][UP][1]\SOURCE\SERVER\GAMESERVER\GAMESERVER\RELEASE\GAMESERVER_EX603CS\SERVERINFO.OBJ
D:\[ S-MUONLINE ][U-SP][UP][1]\SOURCE\SERVER\GAMESERVER\GAMESERVER\RELEASE\GAMESERVER_EX603CS\SETITEMOPTION.OBJ
D:\[ S-MUONLINE ][U-SP][UP][1]\SOURCE\SERVER\GAMESERVER\GAMESERVER\RELEASE\GAMESERVER_EX603CS\SETITEMTYPE.OBJ
D:\[ S-MUONLINE ][U-SP][UP][1]\SOURCE\SERVER\GAMESERVER\GAMESERVER\RELEASE\GAMESERVER_EX603CS\SHOP.OBJ
D:\[ S-MUONLINE ][U-SP][UP][1]\SOURCE\SERVER\GAMESERVER\GAMESERVER\RELEASE\GAMESERVER_EX603CS\SHOPMANAGER.OBJ
D:\[ S-MUONLINE ][U-SP][UP][1]\SOURCE\SERVER\GAMESERVER\GAMESERVER\RELEASE\GAMESERVER_EX603CS\SHOPPOINTEX.OBJ
D:\[ S-MUONLINE ][U-SP][UP][1]\SOURCE\SERVER\GAMESERVER\GAMESERVER\RELEASE\GAMESERVER_EX603CS\SKILL.OBJ
D:\[ S-MUONLINE ][U-SP][UP][1]\SOURCE\SERVER\GAMESERVER\GAMESERVER\RELEASE\GAMESERVER_EX603CS\SKILLDAMAGE.OBJ
D:\[ S-MUONLINE ][U-SP][UP][1]\SOURCE\SERVER\GAMESERVER\GAMESERVER\RELEASE\GAMESERVER_EX603CS\SKILLHITBOX.OBJ
D:\[ S-MUONLINE ][U-SP][UP][1]\SOURCE\SERVER\GAMESERVER\GAMESERVER\RELEASE\GAMESERVER_EX603CS\SKILLMANAGER.OBJ
D:\[ S-MUONLINE ][U-SP][UP][1]\SOURCE\SERVER\GAMESERVER\GAMESERVER\RELEASE\GAMESERVER_EX603CS\SOCKETITEMOPTION.OBJ
D:\[ S-MUONLINE ][U-SP][UP][1]\SOURCE\SERVER\GAMESERVER\GAMESERVER\RELEASE\GAMESERVER_EX603CS\SOCKETITEMTYPE.OBJ
D:\[ S-MUONLINE ][U-SP][UP][1]\SOURCE\SERVER\GAMESERVER\GAMESERVER\RELEASE\GAMESERVER_EX603CS\SOCKETMANAGER.OBJ
D:\[ S-MUONLINE ][U-SP][UP][1]\SOURCE\SERVER\GAMESERVER\GAMESERVER\RELEASE\GAMESERVER_EX603CS\SOCKETMANAGERUDP.OBJ
D:\[ S-MUONLINE ][U-SP][UP][1]\SOURCE\SERVER\GAMESERVER\GAMESERVER\RELEASE\GAMESERVER_EX603CS\STATSADVANCE.OBJ
D:\[ S-MUONLINE ][U-SP][UP][1]\SOURCE\SERVER\GAMESERVER\GAMESERVER\RELEASE\GAMESERVER_EX603CS\STDAFX.OBJ
D:\[ S-MUONLINE ][U-SP][UP][1]\SOURCE\SERVER\GAMESERVER\GAMESERVER\RELEASE\GAMESERVER_EX603CS\SUMMONSCROLL.OBJ
D:\[ S-MUONLINE ][U-SP][UP][1]\SOURCE\SERVER\GAMESERVER\GAMESERVER\RELEASE\GAMESERVER_EX603CS\TELEPORTMARLON.OBJ
D:\[ S-MUONLINE ][U-SP][UP][1]\SOURCE\SERVER\GAMESERVER\GAMESERVER\RELEASE\GAMESERVER_EX603CS\TRADE.OBJ
D:\[ S-MUONLINE ][U-SP][UP][1]\SOURCE\SERVER\GAMESERVER\GAMESERVER\RELEASE\GAMESERVER_EX603CS\UNION.OBJ
D:\[ S-MUONLINE ][U-SP][UP][1]\SOURCE\SERVER\GAMESERVER\GAMESERVER\RELEASE\GAMESERVER_EX603CS\UNIONINFO.OBJ
D:\[ S-MUONLINE ][U-SP][UP][1]\SOURCE\SERVER\GAMESERVER\GAMESERVER\RELEASE\GAMESERVER_EX603CS\USER.OBJ
D:\[ S-MUONLINE ][U-SP][UP][1]\SOURCE\SERVER\GAMESERVER\GAMESERVER\RELEASE\GAMESERVER_EX603CS\UTIL.OBJ
D:\[ S-MUONLINE ][U-SP][UP][1]\SOURCE\SERVER\GAMESERVER\GAMESERVER\RELEASE\GAMESERVER_EX603CS\VC100.PDB
D:\[ S-MUONLINE ][U-SP][UP][1]\SOURCE\SERVER\GAMESERVER\GAMESERVER\RELEASE\GAMESERVER_EX603CS\VIEWPORT.OBJ
D:\[ S-MUONLINE ][U-SP][UP][1]\SOURCE\SERVER\GAMESERVER\GAMESERVER\RELEASE\GAMESERVER_EX603CS\WAREHOUSE.OBJ
D:\[ S-MUONLINE ][U-SP][UP][1]\SOURCE\SERVER\GAMESERVER\GAMESERVER\RELEASE\GAMESERVER_EX603CS\ZENDROP.OBJ
D:\[ S-MUONLINE ][U-SP][UP][1]\SOURCE\SERVER\GAMESERVER\RELEASE\GAMESERVER_EX603CS\GAMESERVERCS.EXE
D:\[ S-MUONLINE ][U-SP][UP][1]\SOURCE\SERVER\GAMESERVER\RELEASE\GAMESERVER_EX603CS\GAMESERVERCS.PDB
