C:\[ S-MUONLINE ]\SOURCE\GAMEGUARD\GAMEGUARD SERVER\HACKSERVER\RELEASE\AUTHENTICATE.OBJ
C:\[ S-MUONLINE ]\SOURCE\GAMEGUARD\GAMEGUARD SERVER\HACKSERVER\RELEASE\BLACKLIST.OBJ
C:\[ S-MUONLINE ]\SOURCE\GAMEGUARD\GAMEGUARD SERVER\HACKSERVER\RELEASE\CCRC32.OBJ
C:\[ S-MuOnline ]\Source\GameGuard\GameGuard Server\HackServer\Release\cl.command.1.tlog
C:\[ S-MuOnline ]\Source\GameGuard\GameGuard Server\HackServer\Release\CL.read.1.tlog
C:\[ S-MuOnline ]\Source\GameGuard\GameGuard Server\HackServer\Release\CL.write.1.tlog
C:\[ S-MUONLINE ]\SOURCE\GAMEGUARD\GAMEGUARD SERVER\HACKSERVER\RELEASE\CLIENTMANAGER.OBJ
C:\[ S-MUONLINE ]\SOURCE\GAMEGUARD\GAMEGUARD SERVER\HACKSERVER\RELEASE\CRITICALSECTION.OBJ
C:\[ S-MUONLINE ]\SOURCE\GAMEGUARD\GAMEGUARD SERVER\HACKSERVER\RELEASE\FILEDOWNLOADHTTP.OBJ
C:\[ S-MUONLINE ]\SOURCE\GAMEGUARD\GAMEGUARD SERVER\HACKSERVER\RELEASE\FILEDOWNLOADURL.OBJ
C:\[ S-MUONLINE ]\SOURCE\GAMEGUARD\GAMEGUARD SERVER\HACKSERVER\RELEASE\GAMEGUARD.EXE.INTERMEDIATE.MANIFEST
C:\[ S-MUONLINE ]\SOURCE\GAMEGUARD\GAMEGUARD SERVER\HACKSERVER\RELEASE\GAMEGUARD.PCH
C:\[ S-MUONLINE ]\SOURCE\GAMEGUARD\GAMEGUARD SERVER\HACKSERVER\RELEASE\HACKSERVER.OBJ
C:\[ S-MUONLINE ]\SOURCE\GAMEGUARD\GAMEGUARD SERVER\HACKSERVER\RELEASE\HACKSERVER.RES
C:\[ S-MUONLINE ]\SOURCE\GAMEGUARD\GAMEGUARD SERVER\HACKSERVER\RELEASE\HACKSERVERPROTOCOL.OBJ
C:\[ S-MUONLINE ]\SOURCE\GAMEGUARD\GAMEGUARD SERVER\HACKSERVER\RELEASE\HIDMANAGER.OBJ
C:\[ S-MUONLINE ]\SOURCE\GAMEGUARD\GAMEGUARD SERVER\HACKSERVER\RELEASE\IPMANAGER.OBJ
C:\[ S-MuOnline ]\Source\GameGuard\GameGuard Server\HackServer\Release\link.command.1.tlog
C:\[ S-MuOnline ]\Source\GameGuard\GameGuard Server\HackServer\Release\link.read.1.tlog
C:\[ S-MuOnline ]\Source\GameGuard\GameGuard Server\HackServer\Release\link.write.1.tlog
C:\[ S-MuOnline ]\Source\GameGuard\GameGuard Server\HackServer\Release\link-cvtres.read.1.tlog
C:\[ S-MuOnline ]\Source\GameGuard\GameGuard Server\HackServer\Release\link-cvtres.write.1.tlog
C:\[ S-MUONLINE ]\SOURCE\GAMEGUARD\GAMEGUARD SERVER\HACKSERVER\RELEASE\LOG.OBJ
C:\[ S-MUONLINE ]\SOURCE\GAMEGUARD\GAMEGUARD SERVER\HACKSERVER\RELEASE\MEMSCRIPT.OBJ
C:\[ S-MUONLINE ]\SOURCE\GAMEGUARD\GAMEGUARD SERVER\HACKSERVER\RELEASE\MINIDUMP.OBJ
C:\[ S-MuOnline ]\Source\GameGuard\GameGuard Server\HackServer\Release\mt.command.1.tlog
C:\[ S-MuOnline ]\Source\GameGuard\GameGuard Server\HackServer\Release\mt.read.1.tlog
C:\[ S-MuOnline ]\Source\GameGuard\GameGuard Server\HackServer\Release\mt.write.1.tlog
C:\[ S-MUONLINE ]\SOURCE\GAMEGUARD\GAMEGUARD SERVER\HACKSERVER\RELEASE\PROCESSMANAGER.OBJ
C:\[ S-MUONLINE ]\SOURCE\GAMEGUARD\GAMEGUARD SERVER\HACKSERVER\RELEASE\QUEUE.OBJ
C:\[ S-MuOnline ]\Source\GameGuard\GameGuard Server\HackServer\Release\rc.command.1.tlog
C:\[ S-MuOnline ]\Source\GameGuard\GameGuard Server\HackServer\Release\rc.read.1.tlog
C:\[ S-MuOnline ]\Source\GameGuard\GameGuard Server\HackServer\Release\rc.write.1.tlog
C:\[ S-MUONLINE ]\SOURCE\GAMEGUARD\GAMEGUARD SERVER\HACKSERVER\RELEASE\READFILES.OBJ
C:\[ S-MUONLINE ]\SOURCE\GAMEGUARD\GAMEGUARD SERVER\HACKSERVER\RELEASE\SERVERDISPLAYER.OBJ
C:\[ S-MUONLINE ]\SOURCE\GAMEGUARD\GAMEGUARD SERVER\HACKSERVER\RELEASE\SERVERINFO.OBJ
C:\[ S-MUONLINE ]\SOURCE\GAMEGUARD\GAMEGUARD SERVER\HACKSERVER\RELEASE\SOCKETMANAGER.OBJ
C:\[ S-MUONLINE ]\SOURCE\GAMEGUARD\GAMEGUARD SERVER\HACKSERVER\RELEASE\STDAFX.OBJ
C:\[ S-MUONLINE ]\SOURCE\GAMEGUARD\GAMEGUARD SERVER\HACKSERVER\RELEASE\UTIL.OBJ
C:\[ S-MUONLINE ]\SOURCE\GAMEGUARD\GAMEGUARD SERVER\HACKSERVER\RELEASE\VC100.PDB
C:\[ S-MUONLINE ]\SOURCE\GAMEGUARD\GAMEGUARD SERVER\RELEASE\GAMEGUARD.EXE
C:\[ S-MUONLINE ]\SOURCE\GAMEGUARD\GAMEGUARD SERVER\RELEASE\GAMEGUARD.MAP
C:\[ S-MUONLINE ]\SOURCE\GAMEGUARD\GAMEGUARD SERVER\RELEASE\GAMEGUARD.PDB
