D:\[ S-MUONLINE ][SP][3][X]\SOURCE\SERVER\JOINSERVER\JOINSERVER\RELEASE\JOINSERVER_EX603\ACCOUNTMANAGER.OBJ
D:\[ S-MUONLINE ][SP][3][X]\SOURCE\SERVER\JOINSERVER\JOINSERVER\RELEASE\JOINSERVER_EX603\ALLOWABLEIPLIST.OBJ
D:\[ S-MuOnline ][SP][3][X]\Source\Server\JoinServer\JoinServer\Release\JoinServer_EX603\cl.command.1.tlog
D:\[ S-MuOnline ][SP][3][X]\Source\Server\JoinServer\JoinServer\Release\JoinServer_EX603\CL.read.1.tlog
D:\[ S-MuOnline ][SP][3][X]\Source\Server\JoinServer\JoinServer\Release\JoinServer_EX603\CL.write.1.tlog
D:\[ S-MUONLINE ][SP][3][X]\SOURCE\SERVER\JOINSERVER\JOINSERVER\RELEASE\JOINSERVER_EX603\CRITICALSECTION.OBJ
D:\[ S-MUONLINE ][SP][3][X]\SOURCE\SERVER\JOINSERVER\JOINSERVER\RELEASE\JOINSERVER_EX603\JOINSERVER.EXE.INTERMEDIATE.MANIFEST
D:\[ S-MUONLINE ][SP][3][X]\SOURCE\SERVER\JOINSERVER\JOINSERVER\RELEASE\JOINSERVER_EX603\JOINSERVER.OBJ
D:\[ S-MUONLINE ][SP][3][X]\SOURCE\SERVER\JOINSERVER\JOINSERVER\RELEASE\JOINSERVER_EX603\JOINSERVER.PCH
D:\[ S-MUONLINE ][SP][3][X]\SOURCE\SERVER\JOINSERVER\JOINSERVER\RELEASE\JOINSERVER_EX603\JOINSERVER.RES
D:\[ S-MUONLINE ][SP][3][X]\SOURCE\SERVER\JOINSERVER\JOINSERVER\RELEASE\JOINSERVER_EX603\JOINSERVERPROTOCOL.OBJ
D:\[ S-MuOnline ][SP][3][X]\Source\Server\JoinServer\JoinServer\Release\JoinServer_EX603\link.command.1.tlog
D:\[ S-MuOnline ][SP][3][X]\Source\Server\JoinServer\JoinServer\Release\JoinServer_EX603\link.read.1.tlog
D:\[ S-MuOnline ][SP][3][X]\Source\Server\JoinServer\JoinServer\Release\JoinServer_EX603\link.write.1.tlog
D:\[ S-MuOnline ][SP][3][X]\Source\Server\JoinServer\JoinServer\Release\JoinServer_EX603\link-cvtres.read.1.tlog
D:\[ S-MuOnline ][SP][3][X]\Source\Server\JoinServer\JoinServer\Release\JoinServer_EX603\link-cvtres.write.1.tlog
D:\[ S-MUONLINE ][SP][3][X]\SOURCE\SERVER\JOINSERVER\JOINSERVER\RELEASE\JOINSERVER_EX603\LOG.OBJ
D:\[ S-MUONLINE ][SP][3][X]\SOURCE\SERVER\JOINSERVER\JOINSERVER\RELEASE\JOINSERVER_EX603\MD5.OBJ
D:\[ S-MUONLINE ][SP][3][X]\SOURCE\SERVER\JOINSERVER\JOINSERVER\RELEASE\JOINSERVER_EX603\MEMSCRIPT.OBJ
D:\[ S-MUONLINE ][SP][3][X]\SOURCE\SERVER\JOINSERVER\JOINSERVER\RELEASE\JOINSERVER_EX603\MINIDUMP.OBJ
D:\[ S-MuOnline ][SP][3][X]\Source\Server\JoinServer\JoinServer\Release\JoinServer_EX603\mt.command.1.tlog
D:\[ S-MuOnline ][SP][3][X]\Source\Server\JoinServer\JoinServer\Release\JoinServer_EX603\mt.read.1.tlog
D:\[ S-MuOnline ][SP][3][X]\Source\Server\JoinServer\JoinServer\Release\JoinServer_EX603\mt.write.1.tlog
D:\[ S-MUONLINE ][SP][3][X]\SOURCE\SERVER\JOINSERVER\JOINSERVER\RELEASE\JOINSERVER_EX603\PROTECT.OBJ
D:\[ S-MUONLINE ][SP][3][X]\SOURCE\SERVER\JOINSERVER\JOINSERVER\RELEASE\JOINSERVER_EX603\QUERYMANAGER.OBJ
D:\[ S-MUONLINE ][SP][3][X]\SOURCE\SERVER\JOINSERVER\JOINSERVER\RELEASE\JOINSERVER_EX603\QUEUE.OBJ
D:\[ S-MuOnline ][SP][3][X]\Source\Server\JoinServer\JoinServer\Release\JoinServer_EX603\rc.command.1.tlog
D:\[ S-MuOnline ][SP][3][X]\Source\Server\JoinServer\JoinServer\Release\JoinServer_EX603\rc.read.1.tlog
D:\[ S-MuOnline ][SP][3][X]\Source\Server\JoinServer\JoinServer\Release\JoinServer_EX603\rc.write.1.tlog
D:\[ S-MUONLINE ][SP][3][X]\SOURCE\SERVER\JOINSERVER\JOINSERVER\RELEASE\JOINSERVER_EX603\SERVERDISPLAYER.OBJ
D:\[ S-MUONLINE ][SP][3][X]\SOURCE\SERVER\JOINSERVER\JOINSERVER\RELEASE\JOINSERVER_EX603\SERVERMANAGER.OBJ
D:\[ S-MUONLINE ][SP][3][X]\SOURCE\SERVER\JOINSERVER\JOINSERVER\RELEASE\JOINSERVER_EX603\SOCKETMANAGER.OBJ
D:\[ S-MUONLINE ][SP][3][X]\SOURCE\SERVER\JOINSERVER\JOINSERVER\RELEASE\JOINSERVER_EX603\SOCKETMANAGERUDP.OBJ
D:\[ S-MUONLINE ][SP][3][X]\SOURCE\SERVER\JOINSERVER\JOINSERVER\RELEASE\JOINSERVER_EX603\STDAFX.OBJ
D:\[ S-MUONLINE ][SP][3][X]\SOURCE\SERVER\JOINSERVER\JOINSERVER\RELEASE\JOINSERVER_EX603\UTIL.OBJ
D:\[ S-MUONLINE ][SP][3][X]\SOURCE\SERVER\JOINSERVER\JOINSERVER\RELEASE\JOINSERVER_EX603\VC100.PDB
D:\[ S-MUONLINE ][SP][3][X]\SOURCE\SERVER\JOINSERVER\RELEASE\JOINSERVER_EX603\JOINSERVER.EXE
D:\[ S-MUONLINE ][SP][3][X]\SOURCE\SERVER\JOINSERVER\RELEASE\JOINSERVER_EX603\JOINSERVER.PDB
